
  .   ____          _            __ _ _
 /\\ / ___'_ __ _ _(_)_ __  __ _ \ \ \ \
( ( )\___ | '_ | '_| | '_ \/ _` | \ \ \ \
 \\/  ___)| |_)| | | | | || (_| |  ) ) ) )
  '  |____| .__|_| |_|_| |_\__, | / / / /
 =========|_|==============|___/=/_/_/_/

 :: Spring Boot ::                (v3.4.0)

2026-06-22T14:34:30.889+05:30  INFO 80678 --- [Auth] [           main] c.t.auth.UserAuthServiceApplication      : Starting UserAuthServiceApplication v1.0.0-SNAPSHOT using Java 17.0.18 with PID 80678 (/Users/spratap/.m2/repository/com/talentgrid/user-auth-service/1.0.0-SNAPSHOT/user-auth-service-1.0.0-SNAPSHOT.jar started by spratap in /Users/spratap/TalentGridTeam2)
2026-06-22T14:34:30.891+05:30  INFO 80678 --- [Auth] [           main] c.t.auth.UserAuthServiceApplication      : No active profile set, falling back to 1 default profile: "default"
2026-06-22T14:34:33.072+05:30  INFO 80678 --- [Auth] [           main] .s.d.r.c.RepositoryConfigurationDelegate : Multiple Spring Data modules found, entering strict repository configuration mode
2026-06-22T14:34:33.075+05:30  INFO 80678 --- [Auth] [           main] .s.d.r.c.RepositoryConfigurationDelegate : Bootstrapping Spring Data JPA repositories in DEFAULT mode.
2026-06-22T14:34:33.544+05:30  INFO 80678 --- [Auth] [           main] .s.d.r.c.RepositoryConfigurationDelegate : Finished Spring Data repository scanning in 447 ms. Found 4 JPA repository interfaces.
2026-06-22T14:34:33.572+05:30  INFO 80678 --- [Auth] [           main] .s.d.r.c.RepositoryConfigurationDelegate : Multiple Spring Data modules found, entering strict repository configuration mode
2026-06-22T14:34:33.573+05:30  INFO 80678 --- [Auth] [           main] .s.d.r.c.RepositoryConfigurationDelegate : Bootstrapping Spring Data Redis repositories in DEFAULT mode.
2026-06-22T14:34:33.589+05:30  INFO 80678 --- [Auth] [           main] .RepositoryConfigurationExtensionSupport : Spring Data Redis - Could not safely identify store assignment for repository candidate interface com.talentgrid.auth.repository.RefreshTokenRepository; If you want this repository to be a Redis repository, consider annotating your entities with one of these annotations: org.springframework.data.redis.core.RedisHash (preferred), or consider extending one of the following types with your repository: org.springframework.data.keyvalue.repository.KeyValueRepository
2026-06-22T14:34:33.589+05:30  INFO 80678 --- [Auth] [           main] .RepositoryConfigurationExtensionSupport : Spring Data Redis - Could not safely identify store assignment for repository candidate interface com.talentgrid.auth.repository.RoleRepository; If you want this repository to be a Redis repository, consider annotating your entities with one of these annotations: org.springframework.data.redis.core.RedisHash (preferred), or consider extending one of the following types with your repository: org.springframework.data.keyvalue.repository.KeyValueRepository
2026-06-22T14:34:33.590+05:30  INFO 80678 --- [Auth] [           main] .RepositoryConfigurationExtensionSupport : Spring Data Redis - Could not safely identify store assignment for repository candidate interface com.talentgrid.auth.repository.ScopeRepository; If you want this repository to be a Redis repository, consider annotating your entities with one of these annotations: org.springframework.data.redis.core.RedisHash (preferred), or consider extending one of the following types with your repository: org.springframework.data.keyvalue.repository.KeyValueRepository
2026-06-22T14:34:33.590+05:30  INFO 80678 --- [Auth] [           main] .RepositoryConfigurationExtensionSupport : Spring Data Redis - Could not safely identify store assignment for repository candidate interface com.talentgrid.auth.repository.UserRepository; If you want this repository to be a Redis repository, consider annotating your entities with one of these annotations: org.springframework.data.redis.core.RedisHash (preferred), or consider extending one of the following types with your repository: org.springframework.data.keyvalue.repository.KeyValueRepository
2026-06-22T14:34:33.590+05:30  INFO 80678 --- [Auth] [           main] .s.d.r.c.RepositoryConfigurationDelegate : Finished Spring Data repository scanning in 5 ms. Found 0 Redis repository interfaces.
2026-06-22T14:34:35.590+05:30  INFO 80678 --- [Auth] [           main] o.s.b.w.embedded.tomcat.TomcatWebServer  : Tomcat initialized with port 8080 (http)
2026-06-22T14:34:35.621+05:30  INFO 80678 --- [Auth] [           main] o.apache.catalina.core.StandardService   : Starting service [Tomcat]
2026-06-22T14:34:35.621+05:30  INFO 80678 --- [Auth] [           main] o.apache.catalina.core.StandardEngine    : Starting Servlet engine: [Apache Tomcat/10.1.33]
2026-06-22T14:34:35.664+05:30  INFO 80678 --- [Auth] [           main] o.a.c.c.C.[Tomcat].[localhost].[/]       : Initializing Spring embedded WebApplicationContext
2026-06-22T14:34:35.665+05:30  INFO 80678 --- [Auth] [           main] w.s.c.ServletWebServerApplicationContext : Root WebApplicationContext: initialization completed in 4590 ms
2026-06-22T14:34:37.142+05:30  INFO 80678 --- [Auth] [           main] o.hibernate.jpa.internal.util.LogHelper  : HHH000204: Processing PersistenceUnitInfo [name: default]
2026-06-22T14:34:37.290+05:30  INFO 80678 --- [Auth] [           main] org.hibernate.Version                    : HHH000412: Hibernate ORM core version 6.6.2.Final
2026-06-22T14:34:37.333+05:30  INFO 80678 --- [Auth] [           main] o.h.c.internal.RegionFactoryInitiator    : HHH000026: Second-level cache disabled
2026-06-22T14:34:37.806+05:30  INFO 80678 --- [Auth] [           main] o.s.o.j.p.SpringPersistenceUnitInfo      : No LoadTimeWeaver setup: ignoring JPA class transformer
2026-06-22T14:34:37.838+05:30  INFO 80678 --- [Auth] [           main] com.zaxxer.hikari.HikariDataSource       : HikariPool-1 - Starting...
2026-06-22T14:34:38.023+05:30  INFO 80678 --- [Auth] [           main] com.zaxxer.hikari.pool.HikariPool        : HikariPool-1 - Added connection org.postgresql.jdbc.PgConnection@651caa2e
2026-06-22T14:34:38.024+05:30  INFO 80678 --- [Auth] [           main] com.zaxxer.hikari.HikariDataSource       : HikariPool-1 - Start completed.
2026-06-22T14:34:38.348+05:30  INFO 80678 --- [Auth] [           main] org.hibernate.orm.connections.pooling    : HHH10001005: Database info:
	Database JDBC URL [Connecting through datasource 'HikariDataSource (HikariPool-1)']
	Database driver: undefined/unknown
	Database version: 18.3
	Autocommit mode: undefined/unknown
	Isolation level: undefined/unknown
	Minimum pool size: undefined/unknown
	Maximum pool size: undefined/unknown
2026-06-22T14:34:41.069+05:30  INFO 80678 --- [Auth] [           main] o.h.e.t.j.p.i.JtaPlatformInitiator       : HHH000489: No JTA platform available (set 'hibernate.transaction.jta.platform' to enable JTA platform integration)
2026-06-22T14:34:44.219+05:30  INFO 80678 --- [Auth] [           main] j.LocalContainerEntityManagerFactoryBean : Initialized JPA EntityManagerFactory for persistence unit 'default'
2026-06-22T14:34:45.455+05:30  INFO 80678 --- [Auth] [           main] r$InitializeUserDetailsManagerConfigurer : Global AuthenticationManager configured with UserDetailsService bean with name customUserDetailsService
2026-06-22T14:34:45.656+05:30  WARN 80678 --- [Auth] [           main] JpaBaseConfiguration$JpaWebConfiguration : spring.jpa.open-in-view is enabled by default. Therefore, database queries may be performed during view rendering. Explicitly configure spring.jpa.open-in-view to disable this warning
2026-06-22T14:34:46.277+05:30 DEBUG 80678 --- [Auth] [           main] o.s.s.web.DefaultSecurityFilterChain     : Will secure any request with filters: DisableEncodeUrlFilter, WebAsyncManagerIntegrationFilter, SecurityContextHolderFilter, HeaderWriterFilter, CorsFilter, LogoutFilter, OAuth2AuthorizationRequestRedirectFilter, OAuth2LoginAuthenticationFilter, JwtAuthenticationFilter, RequestCacheAwareFilter, SecurityContextHolderAwareRequestFilter, AnonymousAuthenticationFilter, SessionManagementFilter, ExceptionTranslationFilter, AuthorizationFilter
2026-06-22T14:34:47.277+05:30  INFO 80678 --- [Auth] [           main] o.s.b.w.embedded.tomcat.TomcatWebServer  : Tomcat started on port 8080 (http) with context path '/'
2026-06-22T14:34:47.308+05:30  INFO 80678 --- [Auth] [           main] c.t.auth.UserAuthServiceApplication      : Started UserAuthServiceApplication in 17.492 seconds (process running for 18.219)
Hibernate: 
    select
        s1_0.id,
        s1_0.description,
        s1_0.name 
    from
        scopes s1_0 
    where
        s1_0.name=?
Hibernate: 
    select
        s1_0.id,
        s1_0.description,
        s1_0.name 
    from
        scopes s1_0 
    where
        s1_0.name=?
Hibernate: 
    select
        s1_0.id,
        s1_0.description,
        s1_0.name 
    from
        scopes s1_0 
    where
        s1_0.name=?
Hibernate: 
    select
        s1_0.id,
        s1_0.description,
        s1_0.name 
    from
        scopes s1_0 
    where
        s1_0.name=?
Hibernate: 
    select
        s1_0.id,
        s1_0.description,
        s1_0.name 
    from
        scopes s1_0 
    where
        s1_0.name=?
Hibernate: 
    select
        s1_0.id,
        s1_0.description,
        s1_0.name 
    from
        scopes s1_0 
    where
        s1_0.name=?
Hibernate: 
    select
        s1_0.id,
        s1_0.description,
        s1_0.name 
    from
        scopes s1_0 
    where
        s1_0.name=?
Hibernate: 
    select
        s1_0.id,
        s1_0.description,
        s1_0.name 
    from
        scopes s1_0 
    where
        s1_0.name=?
Hibernate: 
    select
        s1_0.id,
        s1_0.description,
        s1_0.name 
    from
        scopes s1_0 
    where
        s1_0.name=?
Hibernate: 
    select
        s1_0.id,
        s1_0.description,
        s1_0.name 
    from
        scopes s1_0 
    where
        s1_0.name=?
Hibernate: 
    select
        s1_0.id,
        s1_0.description,
        s1_0.name 
    from
        scopes s1_0 
    where
        s1_0.name=?
Hibernate: 
    select
        s1_0.id,
        s1_0.description,
        s1_0.name 
    from
        scopes s1_0 
    where
        s1_0.name=?
Hibernate: 
    select
        s1_0.id,
        s1_0.description,
        s1_0.name 
    from
        scopes s1_0 
    where
        s1_0.name=?
Hibernate: 
    select
        s1_0.id,
        s1_0.description,
        s1_0.name 
    from
        scopes s1_0 
    where
        s1_0.name=?
Hibernate: 
    select
        s1_0.id,
        s1_0.description,
        s1_0.name 
    from
        scopes s1_0 
    where
        s1_0.name=?
Hibernate: 
    select
        s1_0.id,
        s1_0.description,
        s1_0.name 
    from
        scopes s1_0 
    where
        s1_0.name=?
Hibernate: 
    select
        s1_0.id,
        s1_0.description,
        s1_0.name 
    from
        scopes s1_0 
    where
        s1_0.name=?
Hibernate: 
    select
        s1_0.id,
        s1_0.description,
        s1_0.name 
    from
        scopes s1_0 
    where
        s1_0.name=?
Hibernate: 
    select
        s1_0.id,
        s1_0.description,
        s1_0.name 
    from
        scopes s1_0 
    where
        s1_0.name=?
Hibernate: 
    select
        s1_0.id,
        s1_0.description,
        s1_0.name 
    from
        scopes s1_0 
    where
        s1_0.name=?
Hibernate: 
    select
        s1_0.id,
        s1_0.description,
        s1_0.name 
    from
        scopes s1_0 
    where
        s1_0.name=?
Hibernate: 
    select
        s1_0.id,
        s1_0.description,
        s1_0.name 
    from
        scopes s1_0 
    where
        s1_0.name=?
Hibernate: 
    select
        s1_0.id,
        s1_0.description,
        s1_0.name 
    from
        scopes s1_0 
    where
        s1_0.name=?
Hibernate: 
    select
        s1_0.id,
        s1_0.description,
        s1_0.name 
    from
        scopes s1_0 
    where
        s1_0.name=?
Hibernate: 
    select
        s1_0.id,
        s1_0.description,
        s1_0.name 
    from
        scopes s1_0 
    where
        s1_0.name=?
Hibernate: 
    select
        s1_0.id,
        s1_0.description,
        s1_0.name 
    from
        scopes s1_0 
    where
        s1_0.name=?
Hibernate: 
    select
        s1_0.id,
        s1_0.description,
        s1_0.name 
    from
        scopes s1_0 
    where
        s1_0.name=?
Hibernate: 
    select
        s1_0.id,
        s1_0.description,
        s1_0.name 
    from
        scopes s1_0 
    where
        s1_0.name=?
Hibernate: 
    select
        s1_0.id,
        s1_0.description,
        s1_0.name 
    from
        scopes s1_0 
    where
        s1_0.name=?
Hibernate: 
    select
        s1_0.id,
        s1_0.description,
        s1_0.name 
    from
        scopes s1_0 
    where
        s1_0.name=?
Hibernate: 
    select
        r1_0.id,
        r1_0.name 
    from
        roles r1_0 
    where
        r1_0.name=?
Hibernate: 
    select
        s1_0.role_id,
        s1_1.id,
        s1_1.description,
        s1_1.name 
    from
        role_scopes s1_0 
    join
        scopes s1_1 
            on s1_1.id=s1_0.scope_id 
    where
        s1_0.role_id=?
Hibernate: 
    select
        r1_0.id,
        r1_0.name,
        s1_0.role_id,
        s1_1.id,
        s1_1.description,
        s1_1.name 
    from
        roles r1_0 
    left join
        role_scopes s1_0 
            on r1_0.id=s1_0.role_id 
    left join
        scopes s1_1 
            on s1_1.id=s1_0.scope_id 
    where
        r1_0.id=?
Hibernate: 
    select
        r1_0.id,
        r1_0.name 
    from
        roles r1_0 
    where
        r1_0.name=?
Hibernate: 
    select
        s1_0.role_id,
        s1_1.id,
        s1_1.description,
        s1_1.name 
    from
        role_scopes s1_0 
    join
        scopes s1_1 
            on s1_1.id=s1_0.scope_id 
    where
        s1_0.role_id=?
Hibernate: 
    select
        r1_0.id,
        r1_0.name,
        s1_0.role_id,
        s1_1.id,
        s1_1.description,
        s1_1.name 
    from
        roles r1_0 
    left join
        role_scopes s1_0 
            on r1_0.id=s1_0.role_id 
    left join
        scopes s1_1 
            on s1_1.id=s1_0.scope_id 
    where
        r1_0.id=?
Hibernate: 
    select
        u1_0.id 
    from
        users u1_0 
    where
        u1_0.email=? 
    fetch
        first ? rows only
2026-06-22T14:34:49.156+05:30  INFO 80678 --- [Auth] [nio-8080-exec-2] o.a.c.c.C.[Tomcat].[localhost].[/]       : Initializing Spring DispatcherServlet 'dispatcherServlet'
2026-06-22T14:34:49.157+05:30  INFO 80678 --- [Auth] [nio-8080-exec-2] o.s.web.servlet.DispatcherServlet        : Initializing Servlet 'dispatcherServlet'
2026-06-22T14:34:49.159+05:30  INFO 80678 --- [Auth] [nio-8080-exec-2] o.s.web.servlet.DispatcherServlet        : Completed initialization in 2 ms
2026-06-22T14:34:49.179+05:30 DEBUG 80678 --- [Auth] [nio-8080-exec-2] o.s.security.web.FilterChainProxy        : Securing POST /api/auth/register
2026-06-22T14:34:49.193+05:30 TRACE 80678 --- [Auth] [nio-8080-exec-2] .s.o.c.w.OAuth2LoginAuthenticationFilter : Did not match request to Ant [pattern='/login/oauth2/code/*']
2026-06-22T14:34:49.195+05:30 DEBUG 80678 --- [Auth] [nio-8080-exec-2] o.s.s.w.a.AnonymousAuthenticationFilter  : Set SecurityContextHolder to anonymous SecurityContext
2026-06-22T14:34:49.195+05:30 DEBUG 80678 --- [Auth] [nio-8080-exec-2] o.s.s.w.session.SessionManagementFilter  : Request requested invalid session id CCE45CCD10B41ECADEFCBB6B16F03F2D
2026-06-22T14:34:49.197+05:30 DEBUG 80678 --- [Auth] [nio-8080-exec-2] o.s.security.web.FilterChainProxy        : Secured POST /api/auth/register
REGISTER API HIT
Hibernate: 
    select
        u1_0.id 
    from
        users u1_0 
    where
        u1_0.email=? 
    fetch
        first ? rows only
2026-06-22T14:35:02.095+05:30 DEBUG 80678 --- [Auth] [nio-8080-exec-4] o.s.security.web.FilterChainProxy        : Securing POST /api/auth/login
2026-06-22T14:35:02.097+05:30 TRACE 80678 --- [Auth] [nio-8080-exec-4] .s.o.c.w.OAuth2LoginAuthenticationFilter : Did not match request to Ant [pattern='/login/oauth2/code/*']
2026-06-22T14:35:02.097+05:30 DEBUG 80678 --- [Auth] [nio-8080-exec-4] o.s.s.w.a.AnonymousAuthenticationFilter  : Set SecurityContextHolder to anonymous SecurityContext
2026-06-22T14:35:02.097+05:30 DEBUG 80678 --- [Auth] [nio-8080-exec-4] o.s.s.w.session.SessionManagementFilter  : Request requested invalid session id CCE45CCD10B41ECADEFCBB6B16F03F2D
2026-06-22T14:35:02.097+05:30 DEBUG 80678 --- [Auth] [nio-8080-exec-4] o.s.security.web.FilterChainProxy        : Secured POST /api/auth/login
Hibernate: 
    select
        u1_0.id,
        u1_0.account_locked,
        u1_0.created_at,
        u1_0.email,
        u1_0.enabled,
        u1_0.failed_attempts,
        u1_0.is_interviewer_eligible,
        u1_0.location,
        u1_0.lock_time,
        u1_0.password,
        u1_0.updated_at,
        u1_0.username 
    from
        users u1_0 
    where
        u1_0.email=?
Hibernate: 
    select
        r1_0.user_id,
        r1_1.id,
        r1_1.name,
        s1_0.role_id,
        s1_1.id,
        s1_1.description,
        s1_1.name 
    from
        user_roles r1_0 
    join
        roles r1_1 
            on r1_1.id=r1_0.role_id 
    left join
        role_scopes s1_0 
            on r1_1.id=s1_0.role_id 
    left join
        scopes s1_1 
            on s1_1.id=s1_0.scope_id 
    where
        r1_0.user_id=?
Hibernate: 
    select
        rt1_0.id,
        rt1_0.expiry_date,
        rt1_0.revoked,
        rt1_0.token,
        rt1_0.user_id 
    from
        refresh_tokens rt1_0 
    where
        rt1_0.user_id=?
Hibernate: 
    delete 
    from
        refresh_tokens 
    where
        id=?
Hibernate: 
    insert 
    into
        refresh_tokens
        (expiry_date, revoked, token, user_id, id) 
    values
        (?, ?, ?, ?, ?)
2026-06-22T14:37:10.612+05:30 DEBUG 80678 --- [Auth] [nio-8080-exec-7] o.s.security.web.FilterChainProxy        : Securing POST /api/auth/login
2026-06-22T14:37:10.614+05:30 TRACE 80678 --- [Auth] [nio-8080-exec-7] .s.o.c.w.OAuth2LoginAuthenticationFilter : Did not match request to Ant [pattern='/login/oauth2/code/*']
2026-06-22T14:37:10.614+05:30 DEBUG 80678 --- [Auth] [nio-8080-exec-7] o.s.s.w.a.AnonymousAuthenticationFilter  : Set SecurityContextHolder to anonymous SecurityContext
2026-06-22T14:37:10.614+05:30 DEBUG 80678 --- [Auth] [nio-8080-exec-7] o.s.s.w.session.SessionManagementFilter  : Request requested invalid session id CCE45CCD10B41ECADEFCBB6B16F03F2D
2026-06-22T14:37:10.615+05:30 DEBUG 80678 --- [Auth] [nio-8080-exec-7] o.s.security.web.FilterChainProxy        : Secured POST /api/auth/login
Hibernate: 
    select
        u1_0.id,
        u1_0.account_locked,
        u1_0.created_at,
        u1_0.email,
        u1_0.enabled,
        u1_0.failed_attempts,
        u1_0.is_interviewer_eligible,
        u1_0.location,
        u1_0.lock_time,
        u1_0.password,
        u1_0.updated_at,
        u1_0.username 
    from
        users u1_0 
    where
        u1_0.email=?
Hibernate: 
    select
        r1_0.user_id,
        r1_1.id,
        r1_1.name,
        s1_0.role_id,
        s1_1.id,
        s1_1.description,
        s1_1.name 
    from
        user_roles r1_0 
    join
        roles r1_1 
            on r1_1.id=r1_0.role_id 
    left join
        role_scopes s1_0 
            on r1_1.id=s1_0.role_id 
    left join
        scopes s1_1 
            on s1_1.id=s1_0.scope_id 
    where
        r1_0.user_id=?
Hibernate: 
    select
        rt1_0.id,
        rt1_0.expiry_date,
        rt1_0.revoked,
        rt1_0.token,
        rt1_0.user_id 
    from
        refresh_tokens rt1_0 
    where
        rt1_0.user_id=?
Hibernate: 
    delete 
    from
        refresh_tokens 
    where
        id=?
Hibernate: 
    insert 
    into
        refresh_tokens
        (expiry_date, revoked, token, user_id, id) 
    values
        (?, ?, ?, ?, ?)
2026-06-22T14:46:43.206+05:30 DEBUG 80678 --- [Auth] [nio-8080-exec-9] o.s.security.web.FilterChainProxy        : Securing GET /api/accounts/101
2026-06-22T14:46:43.208+05:30 TRACE 80678 --- [Auth] [nio-8080-exec-9] .s.o.c.w.OAuth2LoginAuthenticationFilter : Did not match request to Ant [pattern='/login/oauth2/code/*']
2026-06-22T14:46:43.208+05:30 DEBUG 80678 --- [Auth] [nio-8080-exec-9] o.s.s.w.a.AnonymousAuthenticationFilter  : Set SecurityContextHolder to anonymous SecurityContext
2026-06-22T14:46:43.233+05:30 DEBUG 80678 --- [Auth] [io-8080-exec-10] o.s.security.web.FilterChainProxy        : Securing GET /api/projects/5001
2026-06-22T14:46:43.234+05:30 TRACE 80678 --- [Auth] [io-8080-exec-10] .s.o.c.w.OAuth2LoginAuthenticationFilter : Did not match request to Ant [pattern='/login/oauth2/code/*']
2026-06-22T14:46:43.234+05:30 DEBUG 80678 --- [Auth] [io-8080-exec-10] o.s.s.w.a.AnonymousAuthenticationFilter  : Set SecurityContextHolder to anonymous SecurityContext
2026-06-22T14:56:23.176+05:30 DEBUG 80678 --- [Auth] [nio-8080-exec-2] o.s.security.web.FilterChainProxy        : Securing POST /api/auth/login
2026-06-22T14:56:23.177+05:30 TRACE 80678 --- [Auth] [nio-8080-exec-2] .s.o.c.w.OAuth2LoginAuthenticationFilter : Did not match request to Ant [pattern='/login/oauth2/code/*']
2026-06-22T14:56:23.178+05:30 DEBUG 80678 --- [Auth] [nio-8080-exec-2] o.s.s.w.a.AnonymousAuthenticationFilter  : Set SecurityContextHolder to anonymous SecurityContext
2026-06-22T14:56:23.178+05:30 DEBUG 80678 --- [Auth] [nio-8080-exec-2] o.s.security.web.FilterChainProxy        : Secured POST /api/auth/login
Hibernate: 
    select
        u1_0.id,
        u1_0.account_locked,
        u1_0.created_at,
        u1_0.email,
        u1_0.enabled,
        u1_0.failed_attempts,
        u1_0.is_interviewer_eligible,
        u1_0.location,
        u1_0.lock_time,
        u1_0.password,
        u1_0.updated_at,
        u1_0.username 
    from
        users u1_0 
    where
        u1_0.email=?
Hibernate: 
    select
        r1_0.user_id,
        r1_1.id,
        r1_1.name,
        s1_0.role_id,
        s1_1.id,
        s1_1.description,
        s1_1.name 
    from
        user_roles r1_0 
    join
        roles r1_1 
            on r1_1.id=r1_0.role_id 
    left join
        role_scopes s1_0 
            on r1_1.id=s1_0.role_id 
    left join
        scopes s1_1 
            on s1_1.id=s1_0.scope_id 
    where
        r1_0.user_id=?
Hibernate: 
    select
        rt1_0.id,
        rt1_0.expiry_date,
        rt1_0.revoked,
        rt1_0.token,
        rt1_0.user_id 
    from
        refresh_tokens rt1_0 
    where
        rt1_0.user_id=?
Hibernate: 
    delete 
    from
        refresh_tokens 
    where
        id=?
Hibernate: 
    insert 
    into
        refresh_tokens
        (expiry_date, revoked, token, user_id, id) 
    values
        (?, ?, ?, ?, ?)
2026-06-22T15:07:16.101+05:30 DEBUG 80678 --- [Auth] [nio-8080-exec-4] o.s.security.web.FilterChainProxy        : Securing GET /employees/101
2026-06-22T15:07:16.106+05:30 TRACE 80678 --- [Auth] [nio-8080-exec-4] .s.o.c.w.OAuth2LoginAuthenticationFilter : Did not match request to Ant [pattern='/login/oauth2/code/*']
Hibernate: 
    select
        u1_0.id,
        u1_0.account_locked,
        u1_0.created_at,
        u1_0.email,
        u1_0.enabled,
        u1_0.failed_attempts,
        u1_0.is_interviewer_eligible,
        u1_0.location,
        u1_0.lock_time,
        u1_0.password,
        u1_0.updated_at,
        u1_0.username 
    from
        users u1_0 
    where
        u1_0.email=?
Hibernate: 
    select
        r1_0.user_id,
        r1_1.id,
        r1_1.name,
        s1_0.role_id,
        s1_1.id,
        s1_1.description,
        s1_1.name 
    from
        user_roles r1_0 
    join
        roles r1_1 
            on r1_1.id=r1_0.role_id 
    left join
        role_scopes s1_0 
            on r1_1.id=s1_0.role_id 
    left join
        scopes s1_1 
            on s1_1.id=s1_0.scope_id 
    where
        r1_0.user_id=?
2026-06-22T15:07:16.425+05:30 DEBUG 80678 --- [Auth] [nio-8080-exec-4] o.s.security.web.FilterChainProxy        : Secured GET /employees/101
Hibernate: 
    select
        u1_0.id,
        u1_0.account_locked,
        u1_0.created_at,
        u1_0.email,
        u1_0.enabled,
        u1_0.failed_attempts,
        u1_0.is_interviewer_eligible,
        u1_0.location,
        u1_0.lock_time,
        u1_0.password,
        r1_0.user_id,
        r1_1.id,
        r1_1.name,
        s1_0.role_id,
        s1_1.id,
        s1_1.description,
        s1_1.name,
        u1_0.updated_at,
        u1_0.username 
    from
        users u1_0 
    left join
        user_roles r1_0 
            on u1_0.id=r1_0.user_id 
    left join
        roles r1_1 
            on r1_1.id=r1_0.role_id 
    left join
        role_scopes s1_0 
            on r1_1.id=s1_0.role_id 
    left join
        scopes s1_1 
            on s1_1.id=s1_0.scope_id 
    where
        u1_0.id=?
2026-06-22T15:07:16.637+05:30 DEBUG 80678 --- [Auth] [nio-8080-exec-5] o.s.security.web.FilterChainProxy        : Securing GET /employees/101
2026-06-22T15:07:16.638+05:30 TRACE 80678 --- [Auth] [nio-8080-exec-5] .s.o.c.w.OAuth2LoginAuthenticationFilter : Did not match request to Ant [pattern='/login/oauth2/code/*']
Hibernate: 
    select
        u1_0.id,
        u1_0.account_locked,
        u1_0.created_at,
        u1_0.email,
        u1_0.enabled,
        u1_0.failed_attempts,
        u1_0.is_interviewer_eligible,
        u1_0.location,
        u1_0.lock_time,
        u1_0.password,
        u1_0.updated_at,
        u1_0.username 
    from
        users u1_0 
    where
        u1_0.email=?
Hibernate: 
    select
        r1_0.user_id,
        r1_1.id,
        r1_1.name,
        s1_0.role_id,
        s1_1.id,
        s1_1.description,
        s1_1.name 
    from
        user_roles r1_0 
    join
        roles r1_1 
            on r1_1.id=r1_0.role_id 
    left join
        role_scopes s1_0 
            on r1_1.id=s1_0.role_id 
    left join
        scopes s1_1 
            on s1_1.id=s1_0.scope_id 
    where
        r1_0.user_id=?
2026-06-22T15:07:16.678+05:30 DEBUG 80678 --- [Auth] [nio-8080-exec-5] o.s.security.web.FilterChainProxy        : Secured GET /employees/101
Hibernate: 
    select
        u1_0.id,
        u1_0.account_locked,
        u1_0.created_at,
        u1_0.email,
        u1_0.enabled,
        u1_0.failed_attempts,
        u1_0.is_interviewer_eligible,
        u1_0.location,
        u1_0.lock_time,
        u1_0.password,
        r1_0.user_id,
        r1_1.id,
        r1_1.name,
        s1_0.role_id,
        s1_1.id,
        s1_1.description,
        s1_1.name,
        u1_0.updated_at,
        u1_0.username 
    from
        users u1_0 
    left join
        user_roles r1_0 
            on u1_0.id=r1_0.user_id 
    left join
        roles r1_1 
            on r1_1.id=r1_0.role_id 
    left join
        role_scopes s1_0 
            on r1_1.id=s1_0.role_id 
    left join
        scopes s1_1 
            on s1_1.id=s1_0.scope_id 
    where
        u1_0.id=?
2026-06-22T15:07:16.701+05:30 DEBUG 80678 --- [Auth] [nio-8080-exec-6] o.s.security.web.FilterChainProxy        : Securing GET /employees/102
2026-06-22T15:07:16.702+05:30 TRACE 80678 --- [Auth] [nio-8080-exec-6] .s.o.c.w.OAuth2LoginAuthenticationFilter : Did not match request to Ant [pattern='/login/oauth2/code/*']
Hibernate: 
    select
        u1_0.id,
        u1_0.account_locked,
        u1_0.created_at,
        u1_0.email,
        u1_0.enabled,
        u1_0.failed_attempts,
        u1_0.is_interviewer_eligible,
        u1_0.location,
        u1_0.lock_time,
        u1_0.password,
        u1_0.updated_at,
        u1_0.username 
    from
        users u1_0 
    where
        u1_0.email=?
Hibernate: 
    select
        r1_0.user_id,
        r1_1.id,
        r1_1.name,
        s1_0.role_id,
        s1_1.id,
        s1_1.description,
        s1_1.name 
    from
        user_roles r1_0 
    join
        roles r1_1 
            on r1_1.id=r1_0.role_id 
    left join
        role_scopes s1_0 
            on r1_1.id=s1_0.role_id 
    left join
        scopes s1_1 
            on s1_1.id=s1_0.scope_id 
    where
        r1_0.user_id=?
2026-06-22T15:07:16.720+05:30 DEBUG 80678 --- [Auth] [nio-8080-exec-6] o.s.security.web.FilterChainProxy        : Secured GET /employees/102
Hibernate: 
    select
        u1_0.id,
        u1_0.account_locked,
        u1_0.created_at,
        u1_0.email,
        u1_0.enabled,
        u1_0.failed_attempts,
        u1_0.is_interviewer_eligible,
        u1_0.location,
        u1_0.lock_time,
        u1_0.password,
        r1_0.user_id,
        r1_1.id,
        r1_1.name,
        s1_0.role_id,
        s1_1.id,
        s1_1.description,
        s1_1.name,
        u1_0.updated_at,
        u1_0.username 
    from
        users u1_0 
    left join
        user_roles r1_0 
            on u1_0.id=r1_0.user_id 
    left join
        roles r1_1 
            on r1_1.id=r1_0.role_id 
    left join
        role_scopes s1_0 
            on r1_1.id=s1_0.role_id 
    left join
        scopes s1_1 
            on s1_1.id=s1_0.scope_id 
    where
        u1_0.id=?
2026-06-22T15:55:56.885+05:30  WARN 80678 --- [Auth] [l-1 housekeeper] com.zaxxer.hikari.pool.HikariPool        : HikariPool-1 - Thread starvation or clock leap detected (housekeeper delta=3m48s79ms).
2026-06-22T16:00:59.646+05:30  WARN 80678 --- [Auth] [l-1 housekeeper] com.zaxxer.hikari.pool.HikariPool        : HikariPool-1 - Thread starvation or clock leap detected (housekeeper delta=5m2s762ms).
