
  .   ____          _            __ _ _
 /\\ / ___'_ __ _ _(_)_ __  __ _ \ \ \ \
( ( )\___ | '_ | '_| | '_ \/ _` | \ \ \ \
 \\/  ___)| |_)| | | | | || (_| |  ) ) ) )
  '  |____| .__|_| |_|_| |_\__, | / / / /
 =========|_|==============|___/=/_/_/_/

 :: Spring Boot ::                (v3.4.0)

2026-06-22T14:34:31.845+05:30  INFO 80680 --- [candidate-service] [           main] c.t.c.CandidateServiceApplication        : Starting CandidateServiceApplication v1.0.0-SNAPSHOT using Java 17.0.18 with PID 80680 (/Users/spratap/.m2/repository/com/talentgrid/candidate-service/1.0.0-SNAPSHOT/candidate-service-1.0.0-SNAPSHOT.jar started by spratap in /Users/spratap/TalentGridTeam2)
2026-06-22T14:34:31.852+05:30  INFO 80680 --- [candidate-service] [           main] c.t.c.CandidateServiceApplication        : No active profile set, falling back to 1 default profile: "default"
2026-06-22T14:34:35.677+05:30  INFO 80680 --- [candidate-service] [           main] .s.d.r.c.RepositoryConfigurationDelegate : Bootstrapping Spring Data JPA repositories in DEFAULT mode.
2026-06-22T14:34:36.892+05:30  INFO 80680 --- [candidate-service] [           main] .s.d.r.c.RepositoryConfigurationDelegate : Finished Spring Data repository scanning in 1199 ms. Found 2 JPA repository interfaces.
2026-06-22T14:34:40.078+05:30  INFO 80680 --- [candidate-service] [           main] o.s.b.w.embedded.tomcat.TomcatWebServer  : Tomcat initialized with port 8082 (http)
2026-06-22T14:34:40.094+05:30  INFO 80680 --- [candidate-service] [           main] o.apache.catalina.core.StandardService   : Starting service [Tomcat]
2026-06-22T14:34:40.095+05:30  INFO 80680 --- [candidate-service] [           main] o.apache.catalina.core.StandardEngine    : Starting Servlet engine: [Apache Tomcat/10.1.33]
2026-06-22T14:34:40.139+05:30  INFO 80680 --- [candidate-service] [           main] o.a.c.c.C.[Tomcat].[localhost].[/]       : Initializing Spring embedded WebApplicationContext
2026-06-22T14:34:40.140+05:30  INFO 80680 --- [candidate-service] [           main] w.s.c.ServletWebServerApplicationContext : Root WebApplicationContext: initialization completed in 8203 ms
2026-06-22T14:34:41.237+05:30  INFO 80680 --- [candidate-service] [           main] com.zaxxer.hikari.HikariDataSource       : HikariPool-1 - Starting...
2026-06-22T14:34:41.459+05:30  INFO 80680 --- [candidate-service] [           main] com.zaxxer.hikari.pool.HikariPool        : HikariPool-1 - Added connection org.postgresql.jdbc.PgConnection@f793f15
2026-06-22T14:34:41.461+05:30  INFO 80680 --- [candidate-service] [           main] com.zaxxer.hikari.HikariDataSource       : HikariPool-1 - Start completed.
2026-06-22T14:34:41.496+05:30  INFO 80680 --- [candidate-service] [           main] org.flywaydb.core.FlywayExecutor         : Database: jdbc:postgresql://localhost:5432/talentgrid (PostgreSQL 18.3)
2026-06-22T14:34:41.760+05:30  WARN 80680 --- [candidate-service] [           main] o.f.c.internal.database.base.Database    : Flyway upgrade recommended: PostgreSQL 18.3 is newer than this version of Flyway and support has not been tested. The latest supported version of PostgreSQL is 17.
2026-06-22T14:34:41.898+05:30  INFO 80680 --- [candidate-service] [           main] o.f.core.internal.command.DbValidate     : Successfully validated 0 migrations (execution time 00:00.035s)
2026-06-22T14:34:41.898+05:30  WARN 80680 --- [candidate-service] [           main] o.f.core.internal.command.DbValidate     : No migrations found. Are your locations set up correctly?
2026-06-22T14:34:42.307+05:30  INFO 80680 --- [candidate-service] [           main] o.f.core.internal.command.DbMigrate      : Current version of schema "public": << Empty Schema >>
2026-06-22T14:34:42.314+05:30  INFO 80680 --- [candidate-service] [           main] o.f.core.internal.command.DbMigrate      : Schema "public" is up to date. No migration necessary.
2026-06-22T14:34:42.538+05:30  INFO 80680 --- [candidate-service] [           main] o.hibernate.jpa.internal.util.LogHelper  : HHH000204: Processing PersistenceUnitInfo [name: default]
2026-06-22T14:34:42.650+05:30  INFO 80680 --- [candidate-service] [           main] org.hibernate.Version                    : HHH000412: Hibernate ORM core version 6.6.2.Final
2026-06-22T14:34:42.778+05:30  INFO 80680 --- [candidate-service] [           main] o.h.c.internal.RegionFactoryInitiator    : HHH000026: Second-level cache disabled
2026-06-22T14:34:43.279+05:30  INFO 80680 --- [candidate-service] [           main] o.s.o.j.p.SpringPersistenceUnitInfo      : No LoadTimeWeaver setup: ignoring JPA class transformer
2026-06-22T14:34:43.563+05:30  WARN 80680 --- [candidate-service] [           main] org.hibernate.orm.deprecation            : HHH90000025: PostgreSQLDialect does not need to be specified explicitly using 'hibernate.dialect' (remove the property setting and it will be selected by default)
2026-06-22T14:34:43.611+05:30  INFO 80680 --- [candidate-service] [           main] org.hibernate.orm.connections.pooling    : HHH10001005: Database info:
	Database JDBC URL [Connecting through datasource 'HikariDataSource (HikariPool-1)']
	Database driver: undefined/unknown
	Database version: 18.3
	Autocommit mode: undefined/unknown
	Isolation level: undefined/unknown
	Minimum pool size: undefined/unknown
	Maximum pool size: undefined/unknown
2026-06-22T14:34:46.364+05:30  INFO 80680 --- [candidate-service] [           main] o.h.e.t.j.p.i.JtaPlatformInitiator       : HHH000489: No JTA platform available (set 'hibernate.transaction.jta.platform' to enable JTA platform integration)
2026-06-22T14:34:47.136+05:30  INFO 80680 --- [candidate-service] [           main] j.LocalContainerEntityManagerFactoryBean : Initialized JPA EntityManagerFactory for persistence unit 'default'
2026-06-22T14:34:48.456+05:30  INFO 80680 --- [candidate-service] [           main] o.s.d.j.r.query.QueryEnhancerFactory     : Hibernate is in classpath; If applicable, HQL parser will be used.
2026-06-22T14:34:51.855+05:30  WARN 80680 --- [candidate-service] [           main] JpaBaseConfiguration$JpaWebConfiguration : spring.jpa.open-in-view is enabled by default. Therefore, database queries may be performed during view rendering. Explicitly configure spring.jpa.open-in-view to disable this warning
2026-06-22T14:34:51.953+05:30  WARN 80680 --- [candidate-service] [           main] .s.s.UserDetailsServiceAutoConfiguration : 

Using generated security password: 49c7956f-a83a-4222-869c-7f8df78c751f

This generated password is for development use only. Your security configuration must be updated before running your application in production.

2026-06-22T14:34:51.999+05:30  INFO 80680 --- [candidate-service] [           main] r$InitializeUserDetailsManagerConfigurer : Global AuthenticationManager configured with UserDetailsService bean with name inMemoryUserDetailsManager
2026-06-22T14:34:53.334+05:30  INFO 80680 --- [candidate-service] [           main] o.s.b.a.e.web.EndpointLinksResolver      : Exposing 1 endpoint beneath base path '/actuator'
2026-06-22T14:34:54.788+05:30  INFO 80680 --- [candidate-service] [           main] o.a.k.clients.admin.AdminClientConfig    : AdminClientConfig values: 
	auto.include.jmx.reporter = true
	bootstrap.controllers = []
	bootstrap.servers = [localhost:9092]
	client.dns.lookup = use_all_dns_ips
	client.id = candidate-service-admin-0
	connections.max.idle.ms = 300000
	default.api.timeout.ms = 60000
	enable.metrics.push = true
	metadata.max.age.ms = 300000
	metadata.recovery.strategy = none
	metric.reporters = []
	metrics.num.samples = 2
	metrics.recording.level = INFO
	metrics.sample.window.ms = 30000
	receive.buffer.bytes = 65536
	reconnect.backoff.max.ms = 1000
	reconnect.backoff.ms = 50
	request.timeout.ms = 30000
	retries = 2147483647
	retry.backoff.max.ms = 1000
	retry.backoff.ms = 100
	sasl.client.callback.handler.class = null
	sasl.jaas.config = null
	sasl.kerberos.kinit.cmd = /usr/bin/kinit
	sasl.kerberos.min.time.before.relogin = 60000
	sasl.kerberos.service.name = null
	sasl.kerberos.ticket.renew.jitter = 0.05
	sasl.kerberos.ticket.renew.window.factor = 0.8
	sasl.login.callback.handler.class = null
	sasl.login.class = null
	sasl.login.connect.timeout.ms = null
	sasl.login.read.timeout.ms = null
	sasl.login.refresh.buffer.seconds = 300
	sasl.login.refresh.min.period.seconds = 60
	sasl.login.refresh.window.factor = 0.8
	sasl.login.refresh.window.jitter = 0.05
	sasl.login.retry.backoff.max.ms = 10000
	sasl.login.retry.backoff.ms = 100
	sasl.mechanism = GSSAPI
	sasl.oauthbearer.clock.skew.seconds = 30
	sasl.oauthbearer.expected.audience = null
	sasl.oauthbearer.expected.issuer = null
	sasl.oauthbearer.jwks.endpoint.refresh.ms = 3600000
	sasl.oauthbearer.jwks.endpoint.retry.backoff.max.ms = 10000
	sasl.oauthbearer.jwks.endpoint.retry.backoff.ms = 100
	sasl.oauthbearer.jwks.endpoint.url = null
	sasl.oauthbearer.scope.claim.name = scope
	sasl.oauthbearer.sub.claim.name = sub
	sasl.oauthbearer.token.endpoint.url = null
	security.protocol = PLAINTEXT
	security.providers = null
	send.buffer.bytes = 131072
	socket.connection.setup.timeout.max.ms = 30000
	socket.connection.setup.timeout.ms = 10000
	ssl.cipher.suites = null
	ssl.enabled.protocols = [TLSv1.2, TLSv1.3]
	ssl.endpoint.identification.algorithm = https
	ssl.engine.factory.class = null
	ssl.key.password = null
	ssl.keymanager.algorithm = SunX509
	ssl.keystore.certificate.chain = null
	ssl.keystore.key = null
	ssl.keystore.location = null
	ssl.keystore.password = null
	ssl.keystore.type = JKS
	ssl.protocol = TLSv1.3
	ssl.provider = null
	ssl.secure.random.implementation = null
	ssl.trustmanager.algorithm = PKIX
	ssl.truststore.certificates = null
	ssl.truststore.location = null
	ssl.truststore.password = null
	ssl.truststore.type = JKS

2026-06-22T14:34:54.873+05:30  INFO 80680 --- [candidate-service] [           main] o.a.kafka.common.utils.AppInfoParser     : Kafka version: 3.8.1
2026-06-22T14:34:54.873+05:30  INFO 80680 --- [candidate-service] [           main] o.a.kafka.common.utils.AppInfoParser     : Kafka commitId: 70d6ff42debf7e17
2026-06-22T14:34:54.873+05:30  INFO 80680 --- [candidate-service] [           main] o.a.kafka.common.utils.AppInfoParser     : Kafka startTimeMs: 1782119094872
2026-06-22T14:34:55.209+05:30  WARN 80680 --- [candidate-service] [service-admin-0] o.a.k.clients.admin.KafkaAdminClient     : [AdminClient clientId=candidate-service-admin-0] The DescribeTopicPartitions API is not supported, using Metadata API to describe topics.
2026-06-22T14:34:55.215+05:30  INFO 80680 --- [candidate-service] [service-admin-0] o.a.kafka.common.utils.AppInfoParser     : App info kafka.admin.client for candidate-service-admin-0 unregistered
2026-06-22T14:34:55.218+05:30  INFO 80680 --- [candidate-service] [service-admin-0] o.apache.kafka.common.metrics.Metrics    : Metrics scheduler closed
2026-06-22T14:34:55.218+05:30  INFO 80680 --- [candidate-service] [service-admin-0] o.apache.kafka.common.metrics.Metrics    : Closing reporter org.apache.kafka.common.metrics.JmxReporter
2026-06-22T14:34:55.218+05:30  INFO 80680 --- [candidate-service] [service-admin-0] o.apache.kafka.common.metrics.Metrics    : Metrics reporters closed
2026-06-22T14:34:55.236+05:30  INFO 80680 --- [candidate-service] [           main] o.s.b.w.embedded.tomcat.TomcatWebServer  : Tomcat started on port 8082 (http) with context path '/'
2026-06-22T14:34:55.258+05:30  INFO 80680 --- [candidate-service] [           main] o.a.k.clients.consumer.ConsumerConfig    : ConsumerConfig values: 
	allow.auto.create.topics = true
	auto.commit.interval.ms = 5000
	auto.include.jmx.reporter = true
	auto.offset.reset = earliest
	bootstrap.servers = [localhost:9092]
	check.crcs = true
	client.dns.lookup = use_all_dns_ips
	client.id = consumer-candidate-service-group-1
	client.rack = 
	connections.max.idle.ms = 540000
	default.api.timeout.ms = 60000
	enable.auto.commit = false
	enable.metrics.push = true
	exclude.internal.topics = true
	fetch.max.bytes = 52428800
	fetch.max.wait.ms = 500
	fetch.min.bytes = 1
	group.id = candidate-service-group
	group.instance.id = null
	group.protocol = classic
	group.remote.assignor = null
	heartbeat.interval.ms = 3000
	interceptor.classes = []
	internal.leave.group.on.close = true
	internal.throw.on.fetch.stable.offset.unsupported = false
	isolation.level = read_uncommitted
	key.deserializer = class org.apache.kafka.common.serialization.StringDeserializer
	max.partition.fetch.bytes = 1048576
	max.poll.interval.ms = 300000
	max.poll.records = 500
	metadata.max.age.ms = 300000
	metadata.recovery.strategy = none
	metric.reporters = []
	metrics.num.samples = 2
	metrics.recording.level = INFO
	metrics.sample.window.ms = 30000
	partition.assignment.strategy = [class org.apache.kafka.clients.consumer.RangeAssignor, class org.apache.kafka.clients.consumer.CooperativeStickyAssignor]
	receive.buffer.bytes = 65536
	reconnect.backoff.max.ms = 1000
	reconnect.backoff.ms = 50
	request.timeout.ms = 30000
	retry.backoff.max.ms = 1000
	retry.backoff.ms = 100
	sasl.client.callback.handler.class = null
	sasl.jaas.config = null
	sasl.kerberos.kinit.cmd = /usr/bin/kinit
	sasl.kerberos.min.time.before.relogin = 60000
	sasl.kerberos.service.name = null
	sasl.kerberos.ticket.renew.jitter = 0.05
	sasl.kerberos.ticket.renew.window.factor = 0.8
	sasl.login.callback.handler.class = null
	sasl.login.class = null
	sasl.login.connect.timeout.ms = null
	sasl.login.read.timeout.ms = null
	sasl.login.refresh.buffer.seconds = 300
	sasl.login.refresh.min.period.seconds = 60
	sasl.login.refresh.window.factor = 0.8
	sasl.login.refresh.window.jitter = 0.05
	sasl.login.retry.backoff.max.ms = 10000
	sasl.login.retry.backoff.ms = 100
	sasl.mechanism = GSSAPI
	sasl.oauthbearer.clock.skew.seconds = 30
	sasl.oauthbearer.expected.audience = null
	sasl.oauthbearer.expected.issuer = null
	sasl.oauthbearer.jwks.endpoint.refresh.ms = 3600000
	sasl.oauthbearer.jwks.endpoint.retry.backoff.max.ms = 10000
	sasl.oauthbearer.jwks.endpoint.retry.backoff.ms = 100
	sasl.oauthbearer.jwks.endpoint.url = null
	sasl.oauthbearer.scope.claim.name = scope
	sasl.oauthbearer.sub.claim.name = sub
	sasl.oauthbearer.token.endpoint.url = null
	security.protocol = PLAINTEXT
	security.providers = null
	send.buffer.bytes = 131072
	session.timeout.ms = 45000
	socket.connection.setup.timeout.max.ms = 30000
	socket.connection.setup.timeout.ms = 10000
	ssl.cipher.suites = null
	ssl.enabled.protocols = [TLSv1.2, TLSv1.3]
	ssl.endpoint.identification.algorithm = https
	ssl.engine.factory.class = null
	ssl.key.password = null
	ssl.keymanager.algorithm = SunX509
	ssl.keystore.certificate.chain = null
	ssl.keystore.key = null
	ssl.keystore.location = null
	ssl.keystore.password = null
	ssl.keystore.type = JKS
	ssl.protocol = TLSv1.3
	ssl.provider = null
	ssl.secure.random.implementation = null
	ssl.trustmanager.algorithm = PKIX
	ssl.truststore.certificates = null
	ssl.truststore.location = null
	ssl.truststore.password = null
	ssl.truststore.type = JKS
	value.deserializer = class org.springframework.kafka.support.serializer.ErrorHandlingDeserializer

2026-06-22T14:34:55.292+05:30  INFO 80680 --- [candidate-service] [           main] o.a.k.c.t.i.KafkaMetricsCollector        : initializing Kafka metrics collector
2026-06-22T14:34:55.351+05:30  INFO 80680 --- [candidate-service] [           main] o.a.kafka.common.utils.AppInfoParser     : Kafka version: 3.8.1
2026-06-22T14:34:55.351+05:30  INFO 80680 --- [candidate-service] [           main] o.a.kafka.common.utils.AppInfoParser     : Kafka commitId: 70d6ff42debf7e17
2026-06-22T14:34:55.351+05:30  INFO 80680 --- [candidate-service] [           main] o.a.kafka.common.utils.AppInfoParser     : Kafka startTimeMs: 1782119095351
2026-06-22T14:34:55.360+05:30  INFO 80680 --- [candidate-service] [           main] o.a.k.c.c.internals.LegacyKafkaConsumer  : [Consumer clientId=consumer-candidate-service-group-1, groupId=candidate-service-group] Subscribed to topic(s): candidate-events
2026-06-22T14:34:55.368+05:30  INFO 80680 --- [candidate-service] [           main] o.a.k.clients.consumer.ConsumerConfig    : ConsumerConfig values: 
	allow.auto.create.topics = true
	auto.commit.interval.ms = 5000
	auto.include.jmx.reporter = true
	auto.offset.reset = earliest
	bootstrap.servers = [localhost:9092]
	check.crcs = true
	client.dns.lookup = use_all_dns_ips
	client.id = consumer-candidate-service-group-2
	client.rack = 
	connections.max.idle.ms = 540000
	default.api.timeout.ms = 60000
	enable.auto.commit = false
	enable.metrics.push = true
	exclude.internal.topics = true
	fetch.max.bytes = 52428800
	fetch.max.wait.ms = 500
	fetch.min.bytes = 1
	group.id = candidate-service-group
	group.instance.id = null
	group.protocol = classic
	group.remote.assignor = null
	heartbeat.interval.ms = 3000
	interceptor.classes = []
	internal.leave.group.on.close = true
	internal.throw.on.fetch.stable.offset.unsupported = false
	isolation.level = read_uncommitted
	key.deserializer = class org.apache.kafka.common.serialization.StringDeserializer
	max.partition.fetch.bytes = 1048576
	max.poll.interval.ms = 300000
	max.poll.records = 500
	metadata.max.age.ms = 300000
	metadata.recovery.strategy = none
	metric.reporters = []
	metrics.num.samples = 2
	metrics.recording.level = INFO
	metrics.sample.window.ms = 30000
	partition.assignment.strategy = [class org.apache.kafka.clients.consumer.RangeAssignor, class org.apache.kafka.clients.consumer.CooperativeStickyAssignor]
	receive.buffer.bytes = 65536
	reconnect.backoff.max.ms = 1000
	reconnect.backoff.ms = 50
	request.timeout.ms = 30000
	retry.backoff.max.ms = 1000
	retry.backoff.ms = 100
	sasl.client.callback.handler.class = null
	sasl.jaas.config = null
	sasl.kerberos.kinit.cmd = /usr/bin/kinit
	sasl.kerberos.min.time.before.relogin = 60000
	sasl.kerberos.service.name = null
	sasl.kerberos.ticket.renew.jitter = 0.05
	sasl.kerberos.ticket.renew.window.factor = 0.8
	sasl.login.callback.handler.class = null
	sasl.login.class = null
	sasl.login.connect.timeout.ms = null
	sasl.login.read.timeout.ms = null
	sasl.login.refresh.buffer.seconds = 300
	sasl.login.refresh.min.period.seconds = 60
	sasl.login.refresh.window.factor = 0.8
	sasl.login.refresh.window.jitter = 0.05
	sasl.login.retry.backoff.max.ms = 10000
	sasl.login.retry.backoff.ms = 100
	sasl.mechanism = GSSAPI
	sasl.oauthbearer.clock.skew.seconds = 30
	sasl.oauthbearer.expected.audience = null
	sasl.oauthbearer.expected.issuer = null
	sasl.oauthbearer.jwks.endpoint.refresh.ms = 3600000
	sasl.oauthbearer.jwks.endpoint.retry.backoff.max.ms = 10000
	sasl.oauthbearer.jwks.endpoint.retry.backoff.ms = 100
	sasl.oauthbearer.jwks.endpoint.url = null
	sasl.oauthbearer.scope.claim.name = scope
	sasl.oauthbearer.sub.claim.name = sub
	sasl.oauthbearer.token.endpoint.url = null
	security.protocol = PLAINTEXT
	security.providers = null
	send.buffer.bytes = 131072
	session.timeout.ms = 45000
	socket.connection.setup.timeout.max.ms = 30000
	socket.connection.setup.timeout.ms = 10000
	ssl.cipher.suites = null
	ssl.enabled.protocols = [TLSv1.2, TLSv1.3]
	ssl.endpoint.identification.algorithm = https
	ssl.engine.factory.class = null
	ssl.key.password = null
	ssl.keymanager.algorithm = SunX509
	ssl.keystore.certificate.chain = null
	ssl.keystore.key = null
	ssl.keystore.location = null
	ssl.keystore.password = null
	ssl.keystore.type = JKS
	ssl.protocol = TLSv1.3
	ssl.provider = null
	ssl.secure.random.implementation = null
	ssl.trustmanager.algorithm = PKIX
	ssl.truststore.certificates = null
	ssl.truststore.location = null
	ssl.truststore.password = null
	ssl.truststore.type = JKS
	value.deserializer = class org.springframework.kafka.support.serializer.ErrorHandlingDeserializer

2026-06-22T14:34:55.368+05:30  INFO 80680 --- [candidate-service] [           main] o.a.k.c.t.i.KafkaMetricsCollector        : initializing Kafka metrics collector
2026-06-22T14:34:55.374+05:30  INFO 80680 --- [candidate-service] [           main] o.a.kafka.common.utils.AppInfoParser     : Kafka version: 3.8.1
2026-06-22T14:34:55.374+05:30  INFO 80680 --- [candidate-service] [           main] o.a.kafka.common.utils.AppInfoParser     : Kafka commitId: 70d6ff42debf7e17
2026-06-22T14:34:55.374+05:30  INFO 80680 --- [candidate-service] [           main] o.a.kafka.common.utils.AppInfoParser     : Kafka startTimeMs: 1782119095374
2026-06-22T14:34:55.377+05:30  INFO 80680 --- [candidate-service] [           main] o.a.k.c.c.internals.LegacyKafkaConsumer  : [Consumer clientId=consumer-candidate-service-group-2, groupId=candidate-service-group] Subscribed to topic(s): candidate-events
2026-06-22T14:34:55.378+05:30  INFO 80680 --- [candidate-service] [           main] o.a.k.clients.consumer.ConsumerConfig    : ConsumerConfig values: 
	allow.auto.create.topics = true
	auto.commit.interval.ms = 5000
	auto.include.jmx.reporter = true
	auto.offset.reset = earliest
	bootstrap.servers = [localhost:9092]
	check.crcs = true
	client.dns.lookup = use_all_dns_ips
	client.id = consumer-candidate-service-group-3
	client.rack = 
	connections.max.idle.ms = 540000
	default.api.timeout.ms = 60000
	enable.auto.commit = false
	enable.metrics.push = true
	exclude.internal.topics = true
	fetch.max.bytes = 52428800
	fetch.max.wait.ms = 500
	fetch.min.bytes = 1
	group.id = candidate-service-group
	group.instance.id = null
	group.protocol = classic
	group.remote.assignor = null
	heartbeat.interval.ms = 3000
	interceptor.classes = []
	internal.leave.group.on.close = true
	internal.throw.on.fetch.stable.offset.unsupported = false
	isolation.level = read_uncommitted
	key.deserializer = class org.apache.kafka.common.serialization.StringDeserializer
	max.partition.fetch.bytes = 1048576
	max.poll.interval.ms = 300000
	max.poll.records = 500
	metadata.max.age.ms = 300000
	metadata.recovery.strategy = none
	metric.reporters = []
	metrics.num.samples = 2
	metrics.recording.level = INFO
	metrics.sample.window.ms = 30000
	partition.assignment.strategy = [class org.apache.kafka.clients.consumer.RangeAssignor, class org.apache.kafka.clients.consumer.CooperativeStickyAssignor]
	receive.buffer.bytes = 65536
	reconnect.backoff.max.ms = 1000
	reconnect.backoff.ms = 50
	request.timeout.ms = 30000
	retry.backoff.max.ms = 1000
	retry.backoff.ms = 100
	sasl.client.callback.handler.class = null
	sasl.jaas.config = null
	sasl.kerberos.kinit.cmd = /usr/bin/kinit
	sasl.kerberos.min.time.before.relogin = 60000
	sasl.kerberos.service.name = null
	sasl.kerberos.ticket.renew.jitter = 0.05
	sasl.kerberos.ticket.renew.window.factor = 0.8
	sasl.login.callback.handler.class = null
	sasl.login.class = null
	sasl.login.connect.timeout.ms = null
	sasl.login.read.timeout.ms = null
	sasl.login.refresh.buffer.seconds = 300
	sasl.login.refresh.min.period.seconds = 60
	sasl.login.refresh.window.factor = 0.8
	sasl.login.refresh.window.jitter = 0.05
	sasl.login.retry.backoff.max.ms = 10000
	sasl.login.retry.backoff.ms = 100
	sasl.mechanism = GSSAPI
	sasl.oauthbearer.clock.skew.seconds = 30
	sasl.oauthbearer.expected.audience = null
	sasl.oauthbearer.expected.issuer = null
	sasl.oauthbearer.jwks.endpoint.refresh.ms = 3600000
	sasl.oauthbearer.jwks.endpoint.retry.backoff.max.ms = 10000
	sasl.oauthbearer.jwks.endpoint.retry.backoff.ms = 100
	sasl.oauthbearer.jwks.endpoint.url = null
	sasl.oauthbearer.scope.claim.name = scope
	sasl.oauthbearer.sub.claim.name = sub
	sasl.oauthbearer.token.endpoint.url = null
	security.protocol = PLAINTEXT
	security.providers = null
	send.buffer.bytes = 131072
	session.timeout.ms = 45000
	socket.connection.setup.timeout.max.ms = 30000
	socket.connection.setup.timeout.ms = 10000
	ssl.cipher.suites = null
	ssl.enabled.protocols = [TLSv1.2, TLSv1.3]
	ssl.endpoint.identification.algorithm = https
	ssl.engine.factory.class = null
	ssl.key.password = null
	ssl.keymanager.algorithm = SunX509
	ssl.keystore.certificate.chain = null
	ssl.keystore.key = null
	ssl.keystore.location = null
	ssl.keystore.password = null
	ssl.keystore.type = JKS
	ssl.protocol = TLSv1.3
	ssl.provider = null
	ssl.secure.random.implementation = null
	ssl.trustmanager.algorithm = PKIX
	ssl.truststore.certificates = null
	ssl.truststore.location = null
	ssl.truststore.password = null
	ssl.truststore.type = JKS
	value.deserializer = class org.springframework.kafka.support.serializer.ErrorHandlingDeserializer

2026-06-22T14:34:55.378+05:30  INFO 80680 --- [candidate-service] [           main] o.a.k.c.t.i.KafkaMetricsCollector        : initializing Kafka metrics collector
2026-06-22T14:34:55.383+05:30  INFO 80680 --- [candidate-service] [           main] o.a.kafka.common.utils.AppInfoParser     : Kafka version: 3.8.1
2026-06-22T14:34:55.383+05:30  INFO 80680 --- [candidate-service] [           main] o.a.kafka.common.utils.AppInfoParser     : Kafka commitId: 70d6ff42debf7e17
2026-06-22T14:34:55.383+05:30  INFO 80680 --- [candidate-service] [           main] o.a.kafka.common.utils.AppInfoParser     : Kafka startTimeMs: 1782119095383
2026-06-22T14:34:55.387+05:30  INFO 80680 --- [candidate-service] [           main] o.a.k.c.c.internals.LegacyKafkaConsumer  : [Consumer clientId=consumer-candidate-service-group-3, groupId=candidate-service-group] Subscribed to topic(s): candidate-events
2026-06-22T14:34:55.401+05:30  INFO 80680 --- [candidate-service] [ntainer#0-1-C-1] org.apache.kafka.clients.Metadata        : [Consumer clientId=consumer-candidate-service-group-2, groupId=candidate-service-group] Cluster ID: FZ5fgxe8QsiYlf7uOpvVWA
2026-06-22T14:34:55.401+05:30  INFO 80680 --- [candidate-service] [ntainer#0-2-C-1] org.apache.kafka.clients.Metadata        : [Consumer clientId=consumer-candidate-service-group-3, groupId=candidate-service-group] Cluster ID: FZ5fgxe8QsiYlf7uOpvVWA
2026-06-22T14:34:55.401+05:30  INFO 80680 --- [candidate-service] [ntainer#0-0-C-1] org.apache.kafka.clients.Metadata        : [Consumer clientId=consumer-candidate-service-group-1, groupId=candidate-service-group] Cluster ID: FZ5fgxe8QsiYlf7uOpvVWA
2026-06-22T14:34:55.402+05:30  INFO 80680 --- [candidate-service] [ntainer#0-1-C-1] o.a.k.c.c.internals.ConsumerCoordinator  : [Consumer clientId=consumer-candidate-service-group-2, groupId=candidate-service-group] Discovered group coordinator localhost:9092 (id: 2147483646 rack: null)
2026-06-22T14:34:55.402+05:30  INFO 80680 --- [candidate-service] [ntainer#0-2-C-1] o.a.k.c.c.internals.ConsumerCoordinator  : [Consumer clientId=consumer-candidate-service-group-3, groupId=candidate-service-group] Discovered group coordinator localhost:9092 (id: 2147483646 rack: null)
2026-06-22T14:34:55.402+05:30  INFO 80680 --- [candidate-service] [ntainer#0-0-C-1] o.a.k.c.c.internals.ConsumerCoordinator  : [Consumer clientId=consumer-candidate-service-group-1, groupId=candidate-service-group] Discovered group coordinator localhost:9092 (id: 2147483646 rack: null)
2026-06-22T14:34:55.404+05:30  INFO 80680 --- [candidate-service] [ntainer#0-1-C-1] o.a.k.c.c.internals.ConsumerCoordinator  : [Consumer clientId=consumer-candidate-service-group-2, groupId=candidate-service-group] (Re-)joining group
2026-06-22T14:34:55.405+05:30  INFO 80680 --- [candidate-service] [ntainer#0-0-C-1] o.a.k.c.c.internals.ConsumerCoordinator  : [Consumer clientId=consumer-candidate-service-group-1, groupId=candidate-service-group] (Re-)joining group
2026-06-22T14:34:55.405+05:30  INFO 80680 --- [candidate-service] [ntainer#0-2-C-1] o.a.k.c.c.internals.ConsumerCoordinator  : [Consumer clientId=consumer-candidate-service-group-3, groupId=candidate-service-group] (Re-)joining group
2026-06-22T14:34:55.411+05:30  INFO 80680 --- [candidate-service] [           main] c.t.c.CandidateServiceApplication        : Started CandidateServiceApplication in 24.939 seconds (process running for 26.314)
2026-06-22T14:34:55.420+05:30  INFO 80680 --- [candidate-service] [ntainer#0-2-C-1] o.a.k.c.c.internals.ConsumerCoordinator  : [Consumer clientId=consumer-candidate-service-group-3, groupId=candidate-service-group] Request joining group due to: need to re-join with the given member-id: consumer-candidate-service-group-3-ed5b98c8-bc1f-450a-8642-7e77ecc81532
2026-06-22T14:34:55.420+05:30  INFO 80680 --- [candidate-service] [ntainer#0-0-C-1] o.a.k.c.c.internals.ConsumerCoordinator  : [Consumer clientId=consumer-candidate-service-group-1, groupId=candidate-service-group] Request joining group due to: need to re-join with the given member-id: consumer-candidate-service-group-1-5edbbabd-9166-457f-95fc-a96f8183a914
2026-06-22T14:34:55.420+05:30  INFO 80680 --- [candidate-service] [ntainer#0-1-C-1] o.a.k.c.c.internals.ConsumerCoordinator  : [Consumer clientId=consumer-candidate-service-group-2, groupId=candidate-service-group] Request joining group due to: need to re-join with the given member-id: consumer-candidate-service-group-2-dfb7a2c3-3d19-4d33-b98b-49399b4430bc
2026-06-22T14:34:55.421+05:30  INFO 80680 --- [candidate-service] [ntainer#0-2-C-1] o.a.k.c.c.internals.ConsumerCoordinator  : [Consumer clientId=consumer-candidate-service-group-3, groupId=candidate-service-group] (Re-)joining group
2026-06-22T14:34:55.421+05:30  INFO 80680 --- [candidate-service] [ntainer#0-1-C-1] o.a.k.c.c.internals.ConsumerCoordinator  : [Consumer clientId=consumer-candidate-service-group-2, groupId=candidate-service-group] (Re-)joining group
2026-06-22T14:34:55.421+05:30  INFO 80680 --- [candidate-service] [ntainer#0-0-C-1] o.a.k.c.c.internals.ConsumerCoordinator  : [Consumer clientId=consumer-candidate-service-group-1, groupId=candidate-service-group] (Re-)joining group
2026-06-22T14:34:55.424+05:30  INFO 80680 --- [candidate-service] [ntainer#0-2-C-1] o.a.k.c.c.internals.ConsumerCoordinator  : [Consumer clientId=consumer-candidate-service-group-3, groupId=candidate-service-group] Successfully joined group with generation Generation{generationId=26, memberId='consumer-candidate-service-group-3-ed5b98c8-bc1f-450a-8642-7e77ecc81532', protocol='range'}
2026-06-22T14:34:55.426+05:30  INFO 80680 --- [candidate-service] [ntainer#0-0-C-1] o.a.k.c.c.internals.ConsumerCoordinator  : [Consumer clientId=consumer-candidate-service-group-1, groupId=candidate-service-group] Successfully joined group with generation Generation{generationId=26, memberId='consumer-candidate-service-group-1-5edbbabd-9166-457f-95fc-a96f8183a914', protocol='range'}
2026-06-22T14:34:55.426+05:30  INFO 80680 --- [candidate-service] [ntainer#0-1-C-1] o.a.k.c.c.internals.ConsumerCoordinator  : [Consumer clientId=consumer-candidate-service-group-2, groupId=candidate-service-group] Successfully joined group with generation Generation{generationId=26, memberId='consumer-candidate-service-group-2-dfb7a2c3-3d19-4d33-b98b-49399b4430bc', protocol='range'}
2026-06-22T14:34:55.430+05:30  INFO 80680 --- [candidate-service] [ntainer#0-2-C-1] o.a.k.c.c.internals.ConsumerCoordinator  : [Consumer clientId=consumer-candidate-service-group-3, groupId=candidate-service-group] Finished assignment for group at generation 26: {consumer-candidate-service-group-2-dfb7a2c3-3d19-4d33-b98b-49399b4430bc=Assignment(partitions=[candidate-events-1]), consumer-candidate-service-group-3-ed5b98c8-bc1f-450a-8642-7e77ecc81532=Assignment(partitions=[candidate-events-2]), consumer-candidate-service-group-1-5edbbabd-9166-457f-95fc-a96f8183a914=Assignment(partitions=[candidate-events-0])}
2026-06-22T14:34:55.435+05:30  INFO 80680 --- [candidate-service] [ntainer#0-0-C-1] o.a.k.c.c.internals.ConsumerCoordinator  : [Consumer clientId=consumer-candidate-service-group-1, groupId=candidate-service-group] Successfully synced group in generation Generation{generationId=26, memberId='consumer-candidate-service-group-1-5edbbabd-9166-457f-95fc-a96f8183a914', protocol='range'}
2026-06-22T14:34:55.435+05:30  INFO 80680 --- [candidate-service] [ntainer#0-2-C-1] o.a.k.c.c.internals.ConsumerCoordinator  : [Consumer clientId=consumer-candidate-service-group-3, groupId=candidate-service-group] Successfully synced group in generation Generation{generationId=26, memberId='consumer-candidate-service-group-3-ed5b98c8-bc1f-450a-8642-7e77ecc81532', protocol='range'}
2026-06-22T14:34:55.435+05:30  INFO 80680 --- [candidate-service] [ntainer#0-1-C-1] o.a.k.c.c.internals.ConsumerCoordinator  : [Consumer clientId=consumer-candidate-service-group-2, groupId=candidate-service-group] Successfully synced group in generation Generation{generationId=26, memberId='consumer-candidate-service-group-2-dfb7a2c3-3d19-4d33-b98b-49399b4430bc', protocol='range'}
2026-06-22T14:34:55.436+05:30  INFO 80680 --- [candidate-service] [ntainer#0-0-C-1] o.a.k.c.c.internals.ConsumerCoordinator  : [Consumer clientId=consumer-candidate-service-group-1, groupId=candidate-service-group] Notifying assignor about the new Assignment(partitions=[candidate-events-0])
2026-06-22T14:34:55.436+05:30  INFO 80680 --- [candidate-service] [ntainer#0-2-C-1] o.a.k.c.c.internals.ConsumerCoordinator  : [Consumer clientId=consumer-candidate-service-group-3, groupId=candidate-service-group] Notifying assignor about the new Assignment(partitions=[candidate-events-2])
2026-06-22T14:34:55.436+05:30  INFO 80680 --- [candidate-service] [ntainer#0-1-C-1] o.a.k.c.c.internals.ConsumerCoordinator  : [Consumer clientId=consumer-candidate-service-group-2, groupId=candidate-service-group] Notifying assignor about the new Assignment(partitions=[candidate-events-1])
2026-06-22T14:34:55.438+05:30  INFO 80680 --- [candidate-service] [ntainer#0-0-C-1] k.c.c.i.ConsumerRebalanceListenerInvoker : [Consumer clientId=consumer-candidate-service-group-1, groupId=candidate-service-group] Adding newly assigned partitions: candidate-events-0
2026-06-22T14:34:55.438+05:30  INFO 80680 --- [candidate-service] [ntainer#0-2-C-1] k.c.c.i.ConsumerRebalanceListenerInvoker : [Consumer clientId=consumer-candidate-service-group-3, groupId=candidate-service-group] Adding newly assigned partitions: candidate-events-2
2026-06-22T14:34:55.438+05:30  INFO 80680 --- [candidate-service] [ntainer#0-1-C-1] k.c.c.i.ConsumerRebalanceListenerInvoker : [Consumer clientId=consumer-candidate-service-group-2, groupId=candidate-service-group] Adding newly assigned partitions: candidate-events-1
2026-06-22T14:34:55.445+05:30  INFO 80680 --- [candidate-service] [ntainer#0-0-C-1] o.a.k.c.c.internals.ConsumerUtils        : Setting offset for partition candidate-events-0 to the committed offset FetchPosition{offset=10, offsetEpoch=Optional.empty, currentLeader=LeaderAndEpoch{leader=Optional[localhost:9092 (id: 1 rack: null)], epoch=0}}
2026-06-22T14:34:55.445+05:30  INFO 80680 --- [candidate-service] [ntainer#0-2-C-1] o.a.k.c.c.internals.ConsumerUtils        : Setting offset for partition candidate-events-2 to the committed offset FetchPosition{offset=2, offsetEpoch=Optional.empty, currentLeader=LeaderAndEpoch{leader=Optional[localhost:9092 (id: 1 rack: null)], epoch=0}}
2026-06-22T14:34:55.445+05:30  INFO 80680 --- [candidate-service] [ntainer#0-1-C-1] o.a.k.c.c.internals.ConsumerUtils        : Setting offset for partition candidate-events-1 to the committed offset FetchPosition{offset=2, offsetEpoch=Optional.empty, currentLeader=LeaderAndEpoch{leader=Optional[localhost:9092 (id: 1 rack: null)], epoch=0}}
2026-06-22T14:34:55.446+05:30  INFO 80680 --- [candidate-service] [ntainer#0-0-C-1] o.s.k.l.KafkaMessageListenerContainer    : candidate-service-group: partitions assigned: [candidate-events-0]
2026-06-22T14:34:55.446+05:30  INFO 80680 --- [candidate-service] [ntainer#0-1-C-1] o.s.k.l.KafkaMessageListenerContainer    : candidate-service-group: partitions assigned: [candidate-events-1]
2026-06-22T14:34:55.446+05:30  INFO 80680 --- [candidate-service] [ntainer#0-2-C-1] o.s.k.l.KafkaMessageListenerContainer    : candidate-service-group: partitions assigned: [candidate-events-2]
2026-06-22T14:43:55.550+05:30  INFO 80680 --- [candidate-service] [ntainer#0-1-C-1] org.apache.kafka.clients.NetworkClient   : [Consumer clientId=consumer-candidate-service-group-2, groupId=candidate-service-group] Node -1 disconnected.
2026-06-22T14:43:55.550+05:30  INFO 80680 --- [candidate-service] [ntainer#0-2-C-1] org.apache.kafka.clients.NetworkClient   : [Consumer clientId=consumer-candidate-service-group-3, groupId=candidate-service-group] Node -1 disconnected.
2026-06-22T14:43:55.550+05:30  INFO 80680 --- [candidate-service] [ntainer#0-0-C-1] org.apache.kafka.clients.NetworkClient   : [Consumer clientId=consumer-candidate-service-group-1, groupId=candidate-service-group] Node -1 disconnected.
2026-06-22T14:48:13.371+05:30  INFO 80680 --- [candidate-service] [nio-8082-exec-2] o.a.c.c.C.[Tomcat].[localhost].[/]       : Initializing Spring DispatcherServlet 'dispatcherServlet'
2026-06-22T14:48:13.374+05:30  INFO 80680 --- [candidate-service] [nio-8082-exec-2] o.s.web.servlet.DispatcherServlet        : Initializing Servlet 'dispatcherServlet'
2026-06-22T14:48:13.382+05:30  INFO 80680 --- [candidate-service] [nio-8082-exec-2] o.s.web.servlet.DispatcherServlet        : Completed initialization in 8 ms
2026-06-22T14:53:55.688+05:30  INFO 80680 --- [candidate-service] [ntainer#0-1-C-1] org.apache.kafka.clients.NetworkClient   : [Consumer clientId=consumer-candidate-service-group-2, groupId=candidate-service-group] Node -1 disconnected.
2026-06-22T14:53:55.688+05:30  INFO 80680 --- [candidate-service] [ntainer#0-2-C-1] org.apache.kafka.clients.NetworkClient   : [Consumer clientId=consumer-candidate-service-group-3, groupId=candidate-service-group] Node -1 disconnected.
2026-06-22T14:53:55.688+05:30  INFO 80680 --- [candidate-service] [ntainer#0-0-C-1] org.apache.kafka.clients.NetworkClient   : [Consumer clientId=consumer-candidate-service-group-1, groupId=candidate-service-group] Node -1 disconnected.
Hibernate: select ec1_0.candidate_id,ec1_0.created_at,ec1_0.current_ctc,ec1_0.date_of_birth,ec1_0.delete_reason,ec1_0.deleted_at,ec1_0.deleted_by,ec1_0.email,ec1_0.email_hash,ec1_0.expected_ctc,ec1_0.first_name,ec1_0.free_notes,ec1_0.gender,ec1_0.is_deleted,ec1_0.last_name,ec1_0.notice_period_days,ec1_0.phone_hash,ec1_0.phone_number,ec1_0.source,ec1_0.total_experience_years,ec1_0.total_gap_years,ec1_0.updated_at,ec1_0.willing_to_relocate from external_candidate ec1_0 where ec1_0.is_deleted=false and (ec1_0.email_hash=? or ec1_0.phone_hash=?)
Hibernate: select a1_0.address_id,a1_0.candidate_id,a1_0.city,a1_0.country,a1_0.state,a1_0.street1,a1_0.street2,a1_0.zip_code from address a1_0 where a1_0.candidate_id=?
Hibernate: select s1_0.candidate_id,s1_0.skill_id,s1_0.skill_name from skill_detail s1_0 where s1_0.candidate_id=?
Hibernate: select sl1_0.candidate_id,sl1_0.social_links_id,sl1_0.links,sl1_0.social from social_links sl1_0 where sl1_0.candidate_id=?
Hibernate: select ed1_0.candidate_id,ed1_0.experience_id,ed1_0.company_name,ed1_0.designation,ed1_0.end_date,ed1_0.job_title,ed1_0.start_date from experience_detail ed1_0 where ed1_0.candidate_id=?
Hibernate: select ed1_0.candidate_id,ed1_0.education_id,ed1_0.degree,ed1_0.end_year,ed1_0.institution_name,ed1_0.percentage,ed1_0.specialization,ed1_0.start_year from education_detail ed1_0 where ed1_0.candidate_id=?
Hibernate: select cd1_0.candidate_id,cd1_0.certificate_id,cd1_0.certificate_file_path,cd1_0.certificate_name,cd1_0.issued_date,cd1_0.issuing_organization from certification_detail cd1_0 where cd1_0.candidate_id=?
Hibernate: select rd1_0.candidate_id,rd1_0.resume_id,rd1_0.resume_file_path,rd1_0.resume_original_filename from resume_detail rd1_0 where rd1_0.candidate_id=?
Hibernate: update external_candidate set current_ctc=?,date_of_birth=?,delete_reason=?,deleted_at=?,deleted_by=?,email=?,email_hash=?,expected_ctc=?,first_name=?,free_notes=?,gender=?,is_deleted=?,last_name=?,notice_period_days=?,phone_hash=?,phone_number=?,source=?,total_experience_years=?,total_gap_years=?,updated_at=?,willing_to_relocate=? where candidate_id=?
2026-06-22T14:59:08.569+05:30  INFO 80680 --- [candidate-service] [nio-8082-exec-9] o.a.k.clients.producer.ProducerConfig    : ProducerConfig values: 
	acks = -1
	auto.include.jmx.reporter = true
	batch.size = 16384
	bootstrap.servers = [localhost:9092]
	buffer.memory = 33554432
	client.dns.lookup = use_all_dns_ips
	client.id = candidate-service-producer-1
	compression.gzip.level = -1
	compression.lz4.level = 9
	compression.type = none
	compression.zstd.level = 3
	connections.max.idle.ms = 540000
	delivery.timeout.ms = 120000
	enable.idempotence = true
	enable.metrics.push = true
	interceptor.classes = []
	key.serializer = class org.apache.kafka.common.serialization.StringSerializer
	linger.ms = 0
	max.block.ms = 60000
	max.in.flight.requests.per.connection = 5
	max.request.size = 1048576
	metadata.max.age.ms = 300000
	metadata.max.idle.ms = 300000
	metadata.recovery.strategy = none
	metric.reporters = []
	metrics.num.samples = 2
	metrics.recording.level = INFO
	metrics.sample.window.ms = 30000
	partitioner.adaptive.partitioning.enable = true
	partitioner.availability.timeout.ms = 0
	partitioner.class = null
	partitioner.ignore.keys = false
	receive.buffer.bytes = 32768
	reconnect.backoff.max.ms = 1000
	reconnect.backoff.ms = 50
	request.timeout.ms = 30000
	retries = 2147483647
	retry.backoff.max.ms = 1000
	retry.backoff.ms = 100
	sasl.client.callback.handler.class = null
	sasl.jaas.config = null
	sasl.kerberos.kinit.cmd = /usr/bin/kinit
	sasl.kerberos.min.time.before.relogin = 60000
	sasl.kerberos.service.name = null
	sasl.kerberos.ticket.renew.jitter = 0.05
	sasl.kerberos.ticket.renew.window.factor = 0.8
	sasl.login.callback.handler.class = null
	sasl.login.class = null
	sasl.login.connect.timeout.ms = null
	sasl.login.read.timeout.ms = null
	sasl.login.refresh.buffer.seconds = 300
	sasl.login.refresh.min.period.seconds = 60
	sasl.login.refresh.window.factor = 0.8
	sasl.login.refresh.window.jitter = 0.05
	sasl.login.retry.backoff.max.ms = 10000
	sasl.login.retry.backoff.ms = 100
	sasl.mechanism = GSSAPI
	sasl.oauthbearer.clock.skew.seconds = 30
	sasl.oauthbearer.expected.audience = null
	sasl.oauthbearer.expected.issuer = null
	sasl.oauthbearer.jwks.endpoint.refresh.ms = 3600000
	sasl.oauthbearer.jwks.endpoint.retry.backoff.max.ms = 10000
	sasl.oauthbearer.jwks.endpoint.retry.backoff.ms = 100
	sasl.oauthbearer.jwks.endpoint.url = null
	sasl.oauthbearer.scope.claim.name = scope
	sasl.oauthbearer.sub.claim.name = sub
	sasl.oauthbearer.token.endpoint.url = null
	security.protocol = PLAINTEXT
	security.providers = null
	send.buffer.bytes = 131072
	socket.connection.setup.timeout.max.ms = 30000
	socket.connection.setup.timeout.ms = 10000
	ssl.cipher.suites = null
	ssl.enabled.protocols = [TLSv1.2, TLSv1.3]
	ssl.endpoint.identification.algorithm = https
	ssl.engine.factory.class = null
	ssl.key.password = null
	ssl.keymanager.algorithm = SunX509
	ssl.keystore.certificate.chain = null
	ssl.keystore.key = null
	ssl.keystore.location = null
	ssl.keystore.password = null
	ssl.keystore.type = JKS
	ssl.protocol = TLSv1.3
	ssl.provider = null
	ssl.secure.random.implementation = null
	ssl.trustmanager.algorithm = PKIX
	ssl.truststore.certificates = null
	ssl.truststore.location = null
	ssl.truststore.password = null
	ssl.truststore.type = JKS
	transaction.timeout.ms = 60000
	transactional.id = null
	value.serializer = class org.springframework.kafka.support.serializer.JsonSerializer

2026-06-22T14:59:08.570+05:30  INFO 80680 --- [candidate-service] [nio-8082-exec-9] o.a.k.c.t.i.KafkaMetricsCollector        : initializing Kafka metrics collector
2026-06-22T14:59:08.578+05:30  INFO 80680 --- [candidate-service] [nio-8082-exec-9] o.a.k.clients.producer.KafkaProducer     : [Producer clientId=candidate-service-producer-1] Instantiated an idempotent producer.
2026-06-22T14:59:08.588+05:30  INFO 80680 --- [candidate-service] [nio-8082-exec-9] o.a.kafka.common.utils.AppInfoParser     : Kafka version: 3.8.1
2026-06-22T14:59:08.588+05:30  INFO 80680 --- [candidate-service] [nio-8082-exec-9] o.a.kafka.common.utils.AppInfoParser     : Kafka commitId: 70d6ff42debf7e17
2026-06-22T14:59:08.588+05:30  INFO 80680 --- [candidate-service] [nio-8082-exec-9] o.a.kafka.common.utils.AppInfoParser     : Kafka startTimeMs: 1782120548588
2026-06-22T14:59:08.594+05:30  INFO 80680 --- [candidate-service] [vice-producer-1] org.apache.kafka.clients.Metadata        : [Producer clientId=candidate-service-producer-1] Cluster ID: FZ5fgxe8QsiYlf7uOpvVWA
2026-06-22T14:59:08.597+05:30  INFO 80680 --- [candidate-service] [vice-producer-1] o.a.k.c.p.internals.TransactionManager   : [Producer clientId=candidate-service-producer-1] ProducerId set to 17 with epoch 0
2026-06-22T14:59:08.605+05:30  INFO 80680 --- [candidate-service] [nio-8082-exec-9] c.t.audit.client.AuditLogClient          : Audit event published | entityType=CANDIDATE | entityId=4 | action=UPDATE
2026-06-22T14:59:08.619+05:30  INFO 80680 --- [candidate-service] [nio-8082-exec-9] c.t.c.k.producer.CandidateEventProducer  : Published CANDIDATE_UPDATED event to topic=candidate-events for candidateId=4
2026-06-22T14:59:08.625+05:30  INFO 80680 --- [candidate-service] [vice-producer-1] c.t.kafka.producer.KafkaProducerService  : Event published successfully | topic=system-events | partition=0 | offset=50 | eventType=AUDIT_LOG_ENTRY
2026-06-22T14:59:08.625+05:30  INFO 80680 --- [candidate-service] [vice-producer-1] c.t.kafka.producer.KafkaProducerService  : Event published successfully | topic=candidate-events | partition=1 | offset=2 | eventType=CANDIDATE_UPDATED
2026-06-22T14:59:08.633+05:30  INFO 80680 --- [candidate-service] [ntainer#0-1-C-1] c.t.c.kafka.CandidateEventTranslator     : [CANDIDATE-TRANSLATOR] ▶ Message received | topic=candidate-events | partition=1 | offset=2
2026-06-22T14:59:08.639+05:30  INFO 80680 --- [candidate-service] [ntainer#0-1-C-1] c.t.kafka.consumer.BaseKafkaConsumer     : [KAFKA-CONSUMER] Received event | type=CANDIDATE_UPDATED | eventId=52a9d430-a55c-4786-92bd-58d6a4aa7c26 | source=candidate-service | correlationId=59d0c9a6-cc75-4a4e-81cb-2707c5ade9fa
2026-06-22T14:59:08.639+05:30  INFO 80680 --- [candidate-service] [ntainer#0-1-C-1] c.t.c.kafka.CandidateEventTranslator     : [CANDIDATE-TRANSLATOR] Translating event | type=CANDIDATE_UPDATED | candidateId=4
2026-06-22T14:59:08.645+05:30  INFO 80680 --- [candidate-service] [ntainer#0-1-C-1] c.t.c.kafka.CandidateEventTranslator     : [CANDIDATE-TRANSLATOR] ✓ NOTIFICATION_SEND published | candidateId=4 | type=CANDIDATE_UPDATED
2026-06-22T14:59:08.649+05:30  INFO 80680 --- [candidate-service] [vice-producer-1] c.t.kafka.producer.KafkaProducerService  : Event published successfully | topic=notification.send | partition=1 | offset=9 | eventType=NOTIFICATION_SEND
2026-06-22T14:59:08.807+05:30 ERROR 80680 --- [candidate-service] [nio-8082-exec-9] i.n.r.d.DnsServerAddressStreamProviders  : Unable to load io.netty.resolver.dns.macos.MacOSDnsServerAddressStreamProvider, fallback to system defaults. This may result in incorrect DNS resolutions on MacOS. Check whether you have a dependency on 'io.netty:netty-resolver-dns-native-macos'. Use DEBUG level to see the full stack: java.lang.UnsatisfiedLinkError: failed to load the required native library
Hibernate: select ec1_0.candidate_id,cd1_0.candidate_id,cd1_0.certificate_id,cd1_0.certificate_file_path,cd1_0.certificate_name,cd1_0.issued_date,cd1_0.issuing_organization,ec1_0.created_at,ec1_0.current_ctc,ec1_0.date_of_birth,ec1_0.delete_reason,ec1_0.deleted_at,ec1_0.deleted_by,ed1_0.candidate_id,ed1_0.education_id,ed1_0.degree,ed1_0.end_year,ed1_0.institution_name,ed1_0.percentage,ed1_0.specialization,ed1_0.start_year,ec1_0.email,ec1_0.email_hash,ec1_0.expected_ctc,ec1_0.first_name,ec1_0.free_notes,ec1_0.gender,ec1_0.is_deleted,ec1_0.last_name,ec1_0.notice_period_days,ec1_0.phone_hash,ec1_0.phone_number,s1_0.candidate_id,s1_0.skill_id,s1_0.skill_name,ec1_0.source,ec1_0.total_experience_years,ec1_0.total_gap_years,ec1_0.updated_at,ec1_0.willing_to_relocate from external_candidate ec1_0 left join certification_detail cd1_0 on ec1_0.candidate_id=cd1_0.candidate_id left join education_detail ed1_0 on ec1_0.candidate_id=ed1_0.candidate_id left join skill_detail s1_0 on ec1_0.candidate_id=s1_0.candidate_id where ec1_0.candidate_id=? and not(ec1_0.is_deleted)
Hibernate: select a1_0.address_id,a1_0.candidate_id,a1_0.city,a1_0.country,a1_0.state,a1_0.street1,a1_0.street2,a1_0.zip_code from address a1_0 where a1_0.candidate_id=?
Hibernate: select sl1_0.candidate_id,sl1_0.social_links_id,sl1_0.links,sl1_0.social from social_links sl1_0 where sl1_0.candidate_id=?
Hibernate: select ed1_0.candidate_id,ed1_0.experience_id,ed1_0.company_name,ed1_0.designation,ed1_0.end_date,ed1_0.job_title,ed1_0.start_date from experience_detail ed1_0 where ed1_0.candidate_id=?
Hibernate: select rd1_0.candidate_id,rd1_0.resume_id,rd1_0.resume_file_path,rd1_0.resume_original_filename from resume_detail rd1_0 where rd1_0.candidate_id=?
Hibernate: select ec1_0.candidate_id,cd1_0.candidate_id,cd1_0.certificate_id,cd1_0.certificate_file_path,cd1_0.certificate_name,cd1_0.issued_date,cd1_0.issuing_organization,ec1_0.created_at,ec1_0.current_ctc,ec1_0.date_of_birth,ec1_0.delete_reason,ec1_0.deleted_at,ec1_0.deleted_by,ed1_0.candidate_id,ed1_0.education_id,ed1_0.degree,ed1_0.end_year,ed1_0.institution_name,ed1_0.percentage,ed1_0.specialization,ed1_0.start_year,ec1_0.email,ec1_0.email_hash,ec1_0.expected_ctc,ec1_0.first_name,ec1_0.free_notes,ec1_0.gender,ec1_0.is_deleted,ec1_0.last_name,ec1_0.notice_period_days,ec1_0.phone_hash,ec1_0.phone_number,s1_0.candidate_id,s1_0.skill_id,s1_0.skill_name,ec1_0.source,ec1_0.total_experience_years,ec1_0.total_gap_years,ec1_0.updated_at,ec1_0.willing_to_relocate from external_candidate ec1_0 left join certification_detail cd1_0 on ec1_0.candidate_id=cd1_0.candidate_id left join education_detail ed1_0 on ec1_0.candidate_id=ed1_0.candidate_id left join skill_detail s1_0 on ec1_0.candidate_id=s1_0.candidate_id where ec1_0.candidate_id=? and not(ec1_0.is_deleted)
Hibernate: select a1_0.address_id,a1_0.candidate_id,a1_0.city,a1_0.country,a1_0.state,a1_0.street1,a1_0.street2,a1_0.zip_code from address a1_0 where a1_0.candidate_id=?
Hibernate: select sl1_0.candidate_id,sl1_0.social_links_id,sl1_0.links,sl1_0.social from social_links sl1_0 where sl1_0.candidate_id=?
Hibernate: select ed1_0.candidate_id,ed1_0.experience_id,ed1_0.company_name,ed1_0.designation,ed1_0.end_date,ed1_0.job_title,ed1_0.start_date from experience_detail ed1_0 where ed1_0.candidate_id=?
Hibernate: select rd1_0.candidate_id,rd1_0.resume_id,rd1_0.resume_file_path,rd1_0.resume_original_filename from resume_detail rd1_0 where rd1_0.candidate_id=?
Hibernate: select ec1_0.candidate_id,cd1_0.candidate_id,cd1_0.certificate_id,cd1_0.certificate_file_path,cd1_0.certificate_name,cd1_0.issued_date,cd1_0.issuing_organization,ec1_0.created_at,ec1_0.current_ctc,ec1_0.date_of_birth,ec1_0.delete_reason,ec1_0.deleted_at,ec1_0.deleted_by,ed1_0.candidate_id,ed1_0.education_id,ed1_0.degree,ed1_0.end_year,ed1_0.institution_name,ed1_0.percentage,ed1_0.specialization,ed1_0.start_year,ec1_0.email,ec1_0.email_hash,ec1_0.expected_ctc,ec1_0.first_name,ec1_0.free_notes,ec1_0.gender,ec1_0.is_deleted,ec1_0.last_name,ec1_0.notice_period_days,ec1_0.phone_hash,ec1_0.phone_number,s1_0.candidate_id,s1_0.skill_id,s1_0.skill_name,ec1_0.source,ec1_0.total_experience_years,ec1_0.total_gap_years,ec1_0.updated_at,ec1_0.willing_to_relocate from external_candidate ec1_0 left join certification_detail cd1_0 on ec1_0.candidate_id=cd1_0.candidate_id left join education_detail ed1_0 on ec1_0.candidate_id=ed1_0.candidate_id left join skill_detail s1_0 on ec1_0.candidate_id=s1_0.candidate_id where ec1_0.candidate_id=? and not(ec1_0.is_deleted)
Hibernate: select a1_0.address_id,a1_0.candidate_id,a1_0.city,a1_0.country,a1_0.state,a1_0.street1,a1_0.street2,a1_0.zip_code from address a1_0 where a1_0.candidate_id=?
Hibernate: select ec1_0.candidate_id,ec1_0.created_at,ec1_0.current_ctc,ec1_0.date_of_birth,ec1_0.delete_reason,ec1_0.deleted_at,ec1_0.deleted_by,ec1_0.email,ec1_0.email_hash,ec1_0.expected_ctc,ec1_0.first_name,ec1_0.free_notes,ec1_0.gender,ec1_0.is_deleted,ec1_0.last_name,ec1_0.notice_period_days,ec1_0.phone_hash,ec1_0.phone_number,ec1_0.source,ec1_0.total_experience_years,ec1_0.total_gap_years,ec1_0.updated_at,ec1_0.willing_to_relocate from external_candidate ec1_0 where ec1_0.is_deleted=false and ec1_0.candidate_id<>? and (ec1_0.email_hash=? or ec1_0.phone_hash=?)
Hibernate: select sl1_0.candidate_id,sl1_0.social_links_id,sl1_0.links,sl1_0.social from social_links sl1_0 where sl1_0.candidate_id=?
Hibernate: select ed1_0.candidate_id,ed1_0.experience_id,ed1_0.company_name,ed1_0.designation,ed1_0.end_date,ed1_0.job_title,ed1_0.start_date from experience_detail ed1_0 where ed1_0.candidate_id=?
Hibernate: select rd1_0.candidate_id,rd1_0.resume_id,rd1_0.resume_file_path,rd1_0.resume_original_filename from resume_detail rd1_0 where rd1_0.candidate_id=?
2026-06-22T14:59:55.010+05:30  INFO 80680 --- [candidate-service] [nio-8082-exec-2] c.t.audit.client.AuditLogClient          : Audit event published | entityType=CANDIDATE | entityId=4 | action=UPDATE
2026-06-22T14:59:55.011+05:30  INFO 80680 --- [candidate-service] [nio-8082-exec-2] c.t.c.k.producer.CandidateEventProducer  : Published CANDIDATE_UPDATED event to topic=candidate-events for candidateId=4
Hibernate: update external_candidate set current_ctc=?,date_of_birth=?,delete_reason=?,deleted_at=?,deleted_by=?,email=?,email_hash=?,expected_ctc=?,first_name=?,free_notes=?,gender=?,is_deleted=?,last_name=?,notice_period_days=?,phone_hash=?,phone_number=?,source=?,total_experience_years=?,total_gap_years=?,updated_at=?,willing_to_relocate=? where candidate_id=?
2026-06-22T14:59:55.019+05:30  INFO 80680 --- [candidate-service] [vice-producer-1] c.t.kafka.producer.KafkaProducerService  : Event published successfully | topic=system-events | partition=0 | offset=52 | eventType=AUDIT_LOG_ENTRY
2026-06-22T14:59:55.020+05:30  INFO 80680 --- [candidate-service] [vice-producer-1] c.t.kafka.producer.KafkaProducerService  : Event published successfully | topic=candidate-events | partition=1 | offset=3 | eventType=CANDIDATE_UPDATED
2026-06-22T14:59:55.025+05:30  INFO 80680 --- [candidate-service] [ntainer#0-1-C-1] c.t.c.kafka.CandidateEventTranslator     : [CANDIDATE-TRANSLATOR] ▶ Message received | topic=candidate-events | partition=1 | offset=3
2026-06-22T14:59:55.026+05:30  INFO 80680 --- [candidate-service] [ntainer#0-1-C-1] c.t.kafka.consumer.BaseKafkaConsumer     : [KAFKA-CONSUMER] Received event | type=CANDIDATE_UPDATED | eventId=4b18808e-fcca-4ab4-8bbc-600d24bc9a24 | source=candidate-service | correlationId=8bfee3ae-c8ef-4d7e-8b47-c196da0e30ba
2026-06-22T14:59:55.026+05:30  INFO 80680 --- [candidate-service] [ntainer#0-1-C-1] c.t.c.kafka.CandidateEventTranslator     : [CANDIDATE-TRANSLATOR] Translating event | type=CANDIDATE_UPDATED | candidateId=4
2026-06-22T14:59:55.026+05:30  INFO 80680 --- [candidate-service] [ntainer#0-1-C-1] c.t.c.kafka.CandidateEventTranslator     : [CANDIDATE-TRANSLATOR] ✓ NOTIFICATION_SEND published | candidateId=4 | type=CANDIDATE_UPDATED
2026-06-22T14:59:55.031+05:30  INFO 80680 --- [candidate-service] [vice-producer-1] c.t.kafka.producer.KafkaProducerService  : Event published successfully | topic=notification.send | partition=1 | offset=11 | eventType=NOTIFICATION_SEND
Hibernate: select ec1_0.candidate_id,cd1_0.candidate_id,cd1_0.certificate_id,cd1_0.certificate_file_path,cd1_0.certificate_name,cd1_0.issued_date,cd1_0.issuing_organization,ec1_0.created_at,ec1_0.current_ctc,ec1_0.date_of_birth,ec1_0.delete_reason,ec1_0.deleted_at,ec1_0.deleted_by,ed1_0.candidate_id,ed1_0.education_id,ed1_0.degree,ed1_0.end_year,ed1_0.institution_name,ed1_0.percentage,ed1_0.specialization,ed1_0.start_year,ec1_0.email,ec1_0.email_hash,ec1_0.expected_ctc,ec1_0.first_name,ec1_0.free_notes,ec1_0.gender,ec1_0.is_deleted,ec1_0.last_name,ec1_0.notice_period_days,ec1_0.phone_hash,ec1_0.phone_number,s1_0.candidate_id,s1_0.skill_id,s1_0.skill_name,ec1_0.source,ec1_0.total_experience_years,ec1_0.total_gap_years,ec1_0.updated_at,ec1_0.willing_to_relocate from external_candidate ec1_0 left join certification_detail cd1_0 on ec1_0.candidate_id=cd1_0.candidate_id left join education_detail ed1_0 on ec1_0.candidate_id=ed1_0.candidate_id left join skill_detail s1_0 on ec1_0.candidate_id=s1_0.candidate_id where ec1_0.candidate_id=? and not(ec1_0.is_deleted)
Hibernate: select a1_0.address_id,a1_0.candidate_id,a1_0.city,a1_0.country,a1_0.state,a1_0.street1,a1_0.street2,a1_0.zip_code from address a1_0 where a1_0.candidate_id=?
Hibernate: select sl1_0.candidate_id,sl1_0.social_links_id,sl1_0.links,sl1_0.social from social_links sl1_0 where sl1_0.candidate_id=?
Hibernate: select ed1_0.candidate_id,ed1_0.experience_id,ed1_0.company_name,ed1_0.designation,ed1_0.end_date,ed1_0.job_title,ed1_0.start_date from experience_detail ed1_0 where ed1_0.candidate_id=?
Hibernate: select rd1_0.candidate_id,rd1_0.resume_id,rd1_0.resume_file_path,rd1_0.resume_original_filename from resume_detail rd1_0 where rd1_0.candidate_id=?
2026-06-22T15:08:08.634+05:30  INFO 80680 --- [candidate-service] [vice-producer-1] org.apache.kafka.clients.NetworkClient   : [Producer clientId=candidate-service-producer-1] Node -1 disconnected.
Hibernate: select ec1_0.candidate_id,cd1_0.candidate_id,cd1_0.certificate_id,cd1_0.certificate_file_path,cd1_0.certificate_name,cd1_0.issued_date,cd1_0.issuing_organization,ec1_0.created_at,ec1_0.current_ctc,ec1_0.date_of_birth,ec1_0.delete_reason,ec1_0.deleted_at,ec1_0.deleted_by,ed1_0.candidate_id,ed1_0.education_id,ed1_0.degree,ed1_0.end_year,ed1_0.institution_name,ed1_0.percentage,ed1_0.specialization,ed1_0.start_year,ec1_0.email,ec1_0.email_hash,ec1_0.expected_ctc,ec1_0.first_name,ec1_0.free_notes,ec1_0.gender,ec1_0.is_deleted,ec1_0.last_name,ec1_0.notice_period_days,ec1_0.phone_hash,ec1_0.phone_number,s1_0.candidate_id,s1_0.skill_id,s1_0.skill_name,ec1_0.source,ec1_0.total_experience_years,ec1_0.total_gap_years,ec1_0.updated_at,ec1_0.willing_to_relocate from external_candidate ec1_0 left join certification_detail cd1_0 on ec1_0.candidate_id=cd1_0.candidate_id left join education_detail ed1_0 on ec1_0.candidate_id=ed1_0.candidate_id left join skill_detail s1_0 on ec1_0.candidate_id=s1_0.candidate_id where ec1_0.candidate_id=? and not(ec1_0.is_deleted)
Hibernate: select a1_0.address_id,a1_0.candidate_id,a1_0.city,a1_0.country,a1_0.state,a1_0.street1,a1_0.street2,a1_0.zip_code from address a1_0 where a1_0.candidate_id=?
Hibernate: select sl1_0.candidate_id,sl1_0.social_links_id,sl1_0.links,sl1_0.social from social_links sl1_0 where sl1_0.candidate_id=?
Hibernate: select ed1_0.candidate_id,ed1_0.experience_id,ed1_0.company_name,ed1_0.designation,ed1_0.end_date,ed1_0.job_title,ed1_0.start_date from experience_detail ed1_0 where ed1_0.candidate_id=?
Hibernate: select rd1_0.candidate_id,rd1_0.resume_id,rd1_0.resume_file_path,rd1_0.resume_original_filename from resume_detail rd1_0 where rd1_0.candidate_id=?
2026-06-22T15:18:08.639+05:30  INFO 80680 --- [candidate-service] [vice-producer-1] org.apache.kafka.clients.NetworkClient   : [Producer clientId=candidate-service-producer-1] Node -1 disconnected.
2026-06-22T15:55:37.262+05:30  INFO 80680 --- [candidate-service] [e-service-group] o.a.k.c.c.internals.ConsumerCoordinator  : [Consumer clientId=consumer-candidate-service-group-3, groupId=candidate-service-group] Group coordinator localhost:9092 (id: 2147483646 rack: null) is unavailable or invalid due to cause: session timed out without receiving a heartbeat response. isDisconnected: false. Rediscovery will be attempted.
2026-06-22T15:55:37.262+05:30  INFO 80680 --- [candidate-service] [e-service-group] o.a.k.c.c.internals.ConsumerCoordinator  : [Consumer clientId=consumer-candidate-service-group-2, groupId=candidate-service-group] Group coordinator localhost:9092 (id: 2147483646 rack: null) is unavailable or invalid due to cause: session timed out without receiving a heartbeat response. isDisconnected: false. Rediscovery will be attempted.
2026-06-22T15:55:37.265+05:30  INFO 80680 --- [candidate-service] [e-service-group] o.a.k.c.c.internals.ConsumerCoordinator  : [Consumer clientId=consumer-candidate-service-group-3, groupId=candidate-service-group] Requesting disconnect from last known coordinator localhost:9092 (id: 2147483646 rack: null)
2026-06-22T15:55:37.262+05:30  INFO 80680 --- [candidate-service] [e-service-group] o.a.k.c.c.internals.ConsumerCoordinator  : [Consumer clientId=consumer-candidate-service-group-1, groupId=candidate-service-group] Group coordinator localhost:9092 (id: 2147483646 rack: null) is unavailable or invalid due to cause: session timed out without receiving a heartbeat response. isDisconnected: false. Rediscovery will be attempted.
2026-06-22T15:55:37.265+05:30  INFO 80680 --- [candidate-service] [e-service-group] o.a.k.c.c.internals.ConsumerCoordinator  : [Consumer clientId=consumer-candidate-service-group-2, groupId=candidate-service-group] Requesting disconnect from last known coordinator localhost:9092 (id: 2147483646 rack: null)
2026-06-22T15:55:37.265+05:30  INFO 80680 --- [candidate-service] [e-service-group] o.a.k.c.c.internals.ConsumerCoordinator  : [Consumer clientId=consumer-candidate-service-group-1, groupId=candidate-service-group] Requesting disconnect from last known coordinator localhost:9092 (id: 2147483646 rack: null)
2026-06-22T15:55:37.267+05:30  INFO 80680 --- [candidate-service] [e-service-group] org.apache.kafka.clients.NetworkClient   : [Consumer clientId=consumer-candidate-service-group-3, groupId=candidate-service-group] Client requested disconnect from node 2147483646
2026-06-22T15:55:37.267+05:30  INFO 80680 --- [candidate-service] [e-service-group] org.apache.kafka.clients.NetworkClient   : [Consumer clientId=consumer-candidate-service-group-2, groupId=candidate-service-group] Client requested disconnect from node 2147483646
2026-06-22T15:55:37.267+05:30  INFO 80680 --- [candidate-service] [e-service-group] org.apache.kafka.clients.NetworkClient   : [Consumer clientId=consumer-candidate-service-group-1, groupId=candidate-service-group] Client requested disconnect from node 2147483646
2026-06-22T15:55:37.277+05:30  INFO 80680 --- [candidate-service] [ntainer#0-2-C-1] o.a.k.c.c.internals.ConsumerCoordinator  : [Consumer clientId=consumer-candidate-service-group-3, groupId=candidate-service-group] Discovered group coordinator localhost:9092 (id: 2147483646 rack: null)
2026-06-22T15:55:37.277+05:30  INFO 80680 --- [candidate-service] [ntainer#0-0-C-1] o.a.k.c.c.internals.ConsumerCoordinator  : [Consumer clientId=consumer-candidate-service-group-1, groupId=candidate-service-group] Discovered group coordinator localhost:9092 (id: 2147483646 rack: null)
2026-06-22T15:55:37.277+05:30  INFO 80680 --- [candidate-service] [ntainer#0-2-C-1] o.a.k.c.c.internals.ConsumerCoordinator  : [Consumer clientId=consumer-candidate-service-group-3, groupId=candidate-service-group] Group coordinator localhost:9092 (id: 2147483646 rack: null) is unavailable or invalid due to cause: coordinator unavailable. isDisconnected: false. Rediscovery will be attempted.
2026-06-22T15:55:37.277+05:30  INFO 80680 --- [candidate-service] [ntainer#0-2-C-1] o.a.k.c.c.internals.ConsumerCoordinator  : [Consumer clientId=consumer-candidate-service-group-3, groupId=candidate-service-group] Requesting disconnect from last known coordinator localhost:9092 (id: 2147483646 rack: null)
2026-06-22T15:55:37.277+05:30  INFO 80680 --- [candidate-service] [ntainer#0-0-C-1] o.a.k.c.c.internals.ConsumerCoordinator  : [Consumer clientId=consumer-candidate-service-group-1, groupId=candidate-service-group] Group coordinator localhost:9092 (id: 2147483646 rack: null) is unavailable or invalid due to cause: coordinator unavailable. isDisconnected: false. Rediscovery will be attempted.
2026-06-22T15:55:37.277+05:30  INFO 80680 --- [candidate-service] [ntainer#0-0-C-1] o.a.k.c.c.internals.ConsumerCoordinator  : [Consumer clientId=consumer-candidate-service-group-1, groupId=candidate-service-group] Requesting disconnect from last known coordinator localhost:9092 (id: 2147483646 rack: null)
2026-06-22T15:55:37.278+05:30  INFO 80680 --- [candidate-service] [ntainer#0-1-C-1] o.a.k.c.c.internals.ConsumerCoordinator  : [Consumer clientId=consumer-candidate-service-group-2, groupId=candidate-service-group] Discovered group coordinator localhost:9092 (id: 2147483646 rack: null)
2026-06-22T15:55:37.278+05:30  INFO 80680 --- [candidate-service] [ntainer#0-1-C-1] o.a.k.c.c.internals.ConsumerCoordinator  : [Consumer clientId=consumer-candidate-service-group-2, groupId=candidate-service-group] Group coordinator localhost:9092 (id: 2147483646 rack: null) is unavailable or invalid due to cause: coordinator unavailable. isDisconnected: false. Rediscovery will be attempted.
2026-06-22T15:55:37.278+05:30  INFO 80680 --- [candidate-service] [ntainer#0-1-C-1] o.a.k.c.c.internals.ConsumerCoordinator  : [Consumer clientId=consumer-candidate-service-group-2, groupId=candidate-service-group] Requesting disconnect from last known coordinator localhost:9092 (id: 2147483646 rack: null)
2026-06-22T15:55:37.386+05:30  INFO 80680 --- [candidate-service] [ntainer#0-2-C-1] o.a.k.c.c.internals.ConsumerCoordinator  : [Consumer clientId=consumer-candidate-service-group-3, groupId=candidate-service-group] Discovered group coordinator localhost:9092 (id: 2147483646 rack: null)
2026-06-22T15:55:37.388+05:30  INFO 80680 --- [candidate-service] [ntainer#0-0-C-1] o.a.k.c.c.internals.ConsumerCoordinator  : [Consumer clientId=consumer-candidate-service-group-1, groupId=candidate-service-group] Discovered group coordinator localhost:9092 (id: 2147483646 rack: null)
2026-06-22T15:55:37.405+05:30  INFO 80680 --- [candidate-service] [ntainer#0-1-C-1] o.a.k.c.c.internals.ConsumerCoordinator  : [Consumer clientId=consumer-candidate-service-group-2, groupId=candidate-service-group] Discovered group coordinator localhost:9092 (id: 2147483646 rack: null)
2026-06-22T16:00:32.405+05:30  INFO 80680 --- [candidate-service] [e-service-group] o.a.k.c.c.internals.ConsumerCoordinator  : [Consumer clientId=consumer-candidate-service-group-1, groupId=candidate-service-group] Group coordinator localhost:9092 (id: 2147483646 rack: null) is unavailable or invalid due to cause: session timed out without receiving a heartbeat response. isDisconnected: false. Rediscovery will be attempted.
2026-06-22T16:00:32.405+05:30  INFO 80680 --- [candidate-service] [e-service-group] o.a.k.c.c.internals.ConsumerCoordinator  : [Consumer clientId=consumer-candidate-service-group-2, groupId=candidate-service-group] Group coordinator localhost:9092 (id: 2147483646 rack: null) is unavailable or invalid due to cause: session timed out without receiving a heartbeat response. isDisconnected: false. Rediscovery will be attempted.
2026-06-22T16:00:32.405+05:30  INFO 80680 --- [candidate-service] [e-service-group] o.a.k.c.c.internals.ConsumerCoordinator  : [Consumer clientId=consumer-candidate-service-group-3, groupId=candidate-service-group] Group coordinator localhost:9092 (id: 2147483646 rack: null) is unavailable or invalid due to cause: session timed out without receiving a heartbeat response. isDisconnected: false. Rediscovery will be attempted.
2026-06-22T16:00:32.456+05:30  INFO 80680 --- [candidate-service] [e-service-group] o.a.k.c.c.internals.ConsumerCoordinator  : [Consumer clientId=consumer-candidate-service-group-1, groupId=candidate-service-group] Requesting disconnect from last known coordinator localhost:9092 (id: 2147483646 rack: null)
2026-06-22T16:00:32.456+05:30  INFO 80680 --- [candidate-service] [e-service-group] o.a.k.c.c.internals.ConsumerCoordinator  : [Consumer clientId=consumer-candidate-service-group-2, groupId=candidate-service-group] Requesting disconnect from last known coordinator localhost:9092 (id: 2147483646 rack: null)
2026-06-22T16:00:32.464+05:30  INFO 80680 --- [candidate-service] [e-service-group] o.a.k.c.c.internals.ConsumerCoordinator  : [Consumer clientId=consumer-candidate-service-group-3, groupId=candidate-service-group] Requesting disconnect from last known coordinator localhost:9092 (id: 2147483646 rack: null)
2026-06-22T16:00:32.465+05:30  INFO 80680 --- [candidate-service] [e-service-group] org.apache.kafka.clients.NetworkClient   : [Consumer clientId=consumer-candidate-service-group-1, groupId=candidate-service-group] Client requested disconnect from node 2147483646
2026-06-22T16:00:32.466+05:30  INFO 80680 --- [candidate-service] [e-service-group] org.apache.kafka.clients.NetworkClient   : [Consumer clientId=consumer-candidate-service-group-2, groupId=candidate-service-group] Client requested disconnect from node 2147483646
2026-06-22T16:00:32.465+05:30  INFO 80680 --- [candidate-service] [e-service-group] org.apache.kafka.clients.NetworkClient   : [Consumer clientId=consumer-candidate-service-group-3, groupId=candidate-service-group] Client requested disconnect from node 2147483646
2026-06-22T16:00:32.675+05:30  INFO 80680 --- [candidate-service] [ntainer#0-1-C-1] o.a.k.c.c.internals.ConsumerCoordinator  : [Consumer clientId=consumer-candidate-service-group-2, groupId=candidate-service-group] Discovered group coordinator localhost:9092 (id: 2147483646 rack: null)
2026-06-22T16:00:32.675+05:30  INFO 80680 --- [candidate-service] [ntainer#0-0-C-1] o.a.k.c.c.internals.ConsumerCoordinator  : [Consumer clientId=consumer-candidate-service-group-1, groupId=candidate-service-group] Discovered group coordinator localhost:9092 (id: 2147483646 rack: null)
2026-06-22T16:00:32.675+05:30  INFO 80680 --- [candidate-service] [ntainer#0-2-C-1] o.a.k.c.c.internals.ConsumerCoordinator  : [Consumer clientId=consumer-candidate-service-group-3, groupId=candidate-service-group] Discovered group coordinator localhost:9092 (id: 2147483646 rack: null)
2026-06-22T16:00:32.990+05:30  WARN 80680 --- [candidate-service] [l-1 housekeeper] com.zaxxer.hikari.pool.HikariPool        : HikariPool-1 - Thread starvation or clock leap detected (housekeeper delta=8m20s829ms).
2026-06-22T17:04:12.355+05:30  INFO 80680 --- [candidate-service] [ntainer#0-2-C-1] org.apache.kafka.clients.NetworkClient   : [Consumer clientId=consumer-candidate-service-group-3, groupId=candidate-service-group] Disconnecting from node 1 due to request timeout.
2026-06-22T17:04:12.353+05:30  INFO 80680 --- [candidate-service] [ntainer#0-1-C-1] org.apache.kafka.clients.NetworkClient   : [Consumer clientId=consumer-candidate-service-group-2, groupId=candidate-service-group] Disconnecting from node 1 due to request timeout.
2026-06-22T17:04:12.360+05:30  INFO 80680 --- [candidate-service] [ntainer#0-1-C-1] org.apache.kafka.clients.NetworkClient   : [Consumer clientId=consumer-candidate-service-group-2, groupId=candidate-service-group] Cancelled in-flight FETCH request with correlation id 17590 due to node 1 being disconnected (elapsed time since creation: 906485ms, elapsed time since send: 906485ms, throttle time: 0ms, request timeout: 30000ms)
2026-06-22T17:04:12.362+05:30  INFO 80680 --- [candidate-service] [ntainer#0-2-C-1] org.apache.kafka.clients.NetworkClient   : [Consumer clientId=consumer-candidate-service-group-3, groupId=candidate-service-group] Cancelled in-flight FETCH request with correlation id 17588 due to node 1 being disconnected (elapsed time since creation: 906264ms, elapsed time since send: 906264ms, throttle time: 0ms, request timeout: 30000ms)
2026-06-22T17:04:12.355+05:30  INFO 80680 --- [candidate-service] [ntainer#0-0-C-1] org.apache.kafka.clients.NetworkClient   : [Consumer clientId=consumer-candidate-service-group-1, groupId=candidate-service-group] Disconnecting from node 1 due to request timeout.
2026-06-22T17:04:12.362+05:30  INFO 80680 --- [candidate-service] [ntainer#0-0-C-1] org.apache.kafka.clients.NetworkClient   : [Consumer clientId=consumer-candidate-service-group-1, groupId=candidate-service-group] Cancelled in-flight FETCH request with correlation id 17585 due to node 1 being disconnected (elapsed time since creation: 906240ms, elapsed time since send: 906240ms, throttle time: 0ms, request timeout: 30000ms)
2026-06-22T17:04:12.419+05:30  INFO 80680 --- [candidate-service] [e-service-group] o.a.k.c.c.internals.ConsumerCoordinator  : [Consumer clientId=consumer-candidate-service-group-1, groupId=candidate-service-group] Group coordinator localhost:9092 (id: 2147483646 rack: null) is unavailable or invalid due to cause: session timed out without receiving a heartbeat response. isDisconnected: false. Rediscovery will be attempted.
2026-06-22T17:04:12.419+05:30  INFO 80680 --- [candidate-service] [e-service-group] o.a.k.c.c.internals.ConsumerCoordinator  : [Consumer clientId=consumer-candidate-service-group-1, groupId=candidate-service-group] Requesting disconnect from last known coordinator localhost:9092 (id: 2147483646 rack: null)
2026-06-22T17:04:12.419+05:30  INFO 80680 --- [candidate-service] [e-service-group] org.apache.kafka.clients.NetworkClient   : [Consumer clientId=consumer-candidate-service-group-1, groupId=candidate-service-group] Client requested disconnect from node 2147483646
2026-06-22T17:04:12.419+05:30  INFO 80680 --- [candidate-service] [e-service-group] o.a.k.c.c.internals.ConsumerCoordinator  : [Consumer clientId=consumer-candidate-service-group-2, groupId=candidate-service-group] Group coordinator localhost:9092 (id: 2147483646 rack: null) is unavailable or invalid due to cause: session timed out without receiving a heartbeat response. isDisconnected: false. Rediscovery will be attempted.
2026-06-22T17:04:12.419+05:30  INFO 80680 --- [candidate-service] [e-service-group] o.a.k.c.c.internals.ConsumerCoordinator  : [Consumer clientId=consumer-candidate-service-group-2, groupId=candidate-service-group] Requesting disconnect from last known coordinator localhost:9092 (id: 2147483646 rack: null)
2026-06-22T17:04:12.420+05:30  INFO 80680 --- [candidate-service] [e-service-group] org.apache.kafka.clients.NetworkClient   : [Consumer clientId=consumer-candidate-service-group-2, groupId=candidate-service-group] Client requested disconnect from node 2147483646
2026-06-22T17:04:12.420+05:30  INFO 80680 --- [candidate-service] [e-service-group] o.a.k.c.c.internals.ConsumerCoordinator  : [Consumer clientId=consumer-candidate-service-group-3, groupId=candidate-service-group] Group coordinator localhost:9092 (id: 2147483646 rack: null) is unavailable or invalid due to cause: session timed out without receiving a heartbeat response. isDisconnected: false. Rediscovery will be attempted.
2026-06-22T17:04:12.420+05:30  INFO 80680 --- [candidate-service] [e-service-group] o.a.k.c.c.internals.ConsumerCoordinator  : [Consumer clientId=consumer-candidate-service-group-3, groupId=candidate-service-group] Requesting disconnect from last known coordinator localhost:9092 (id: 2147483646 rack: null)
2026-06-22T17:04:12.421+05:30  INFO 80680 --- [candidate-service] [e-service-group] org.apache.kafka.clients.NetworkClient   : [Consumer clientId=consumer-candidate-service-group-3, groupId=candidate-service-group] Client requested disconnect from node 2147483646
2026-06-22T17:04:12.422+05:30  INFO 80680 --- [candidate-service] [ntainer#0-0-C-1] o.a.kafka.clients.FetchSessionHandler    : [Consumer clientId=consumer-candidate-service-group-1, groupId=candidate-service-group] Error sending fetch request (sessionId=826539054, epoch=14991) to node 1:

org.apache.kafka.common.errors.DisconnectException: null

2026-06-22T17:04:12.422+05:30  INFO 80680 --- [candidate-service] [ntainer#0-1-C-1] o.a.kafka.clients.FetchSessionHandler    : [Consumer clientId=consumer-candidate-service-group-2, groupId=candidate-service-group] Error sending fetch request (sessionId=1542618364, epoch=14994) to node 1:

org.apache.kafka.common.errors.DisconnectException: null

2026-06-22T17:04:12.422+05:30  INFO 80680 --- [candidate-service] [ntainer#0-2-C-1] o.a.kafka.clients.FetchSessionHandler    : [Consumer clientId=consumer-candidate-service-group-3, groupId=candidate-service-group] Error sending fetch request (sessionId=2102110053, epoch=14994) to node 1:

org.apache.kafka.common.errors.DisconnectException: null

2026-06-22T17:04:12.583+05:30  INFO 80680 --- [candidate-service] [ntainer#0-2-C-1] o.a.k.c.c.internals.ConsumerCoordinator  : [Consumer clientId=consumer-candidate-service-group-3, groupId=candidate-service-group] Discovered group coordinator localhost:9092 (id: 2147483646 rack: null)
2026-06-22T17:04:12.591+05:30  INFO 80680 --- [candidate-service] [ntainer#0-1-C-1] o.a.k.c.c.internals.ConsumerCoordinator  : [Consumer clientId=consumer-candidate-service-group-2, groupId=candidate-service-group] Discovered group coordinator localhost:9092 (id: 2147483646 rack: null)
2026-06-22T17:04:12.591+05:30  INFO 80680 --- [candidate-service] [ntainer#0-2-C-1] o.a.k.c.c.internals.ConsumerCoordinator  : [Consumer clientId=consumer-candidate-service-group-3, groupId=candidate-service-group] Discovered group coordinator localhost:9092 (id: 2147483646 rack: null)
2026-06-22T17:04:12.594+05:30  INFO 80680 --- [candidate-service] [ntainer#0-0-C-1] o.a.k.c.c.internals.ConsumerCoordinator  : [Consumer clientId=consumer-candidate-service-group-1, groupId=candidate-service-group] Discovered group coordinator localhost:9092 (id: 2147483646 rack: null)
2026-06-22T17:04:12.599+05:30  INFO 80680 --- [candidate-service] [ntainer#0-0-C-1] o.a.k.c.c.internals.ConsumerCoordinator  : [Consumer clientId=consumer-candidate-service-group-1, groupId=candidate-service-group] Discovered group coordinator localhost:9092 (id: 2147483646 rack: null)
2026-06-22T17:06:48.680+05:30  INFO 80680 --- [candidate-service] [ntainer#0-1-C-1] org.apache.kafka.clients.NetworkClient   : [Consumer clientId=consumer-candidate-service-group-2, groupId=candidate-service-group] Disconnecting from node 1 due to request timeout.
2026-06-22T17:06:48.682+05:30  INFO 80680 --- [candidate-service] [ntainer#0-0-C-1] org.apache.kafka.clients.NetworkClient   : [Consumer clientId=consumer-candidate-service-group-1, groupId=candidate-service-group] Disconnecting from node 1 due to request timeout.
2026-06-22T17:06:48.722+05:30  INFO 80680 --- [candidate-service] [ntainer#0-2-C-1] org.apache.kafka.clients.NetworkClient   : [Consumer clientId=consumer-candidate-service-group-3, groupId=candidate-service-group] Disconnecting from node 1 due to request timeout.
2026-06-22T17:06:49.064+05:30  INFO 80680 --- [candidate-service] [ntainer#0-0-C-1] org.apache.kafka.clients.NetworkClient   : [Consumer clientId=consumer-candidate-service-group-1, groupId=candidate-service-group] Cancelled in-flight FETCH request with correlation id 17603 due to node 1 being disconnected (elapsed time since creation: 151180ms, elapsed time since send: 151180ms, throttle time: 0ms, request timeout: 30000ms)
2026-06-22T17:06:49.065+05:30  INFO 80680 --- [candidate-service] [ntainer#0-2-C-1] org.apache.kafka.clients.NetworkClient   : [Consumer clientId=consumer-candidate-service-group-3, groupId=candidate-service-group] Cancelled in-flight FETCH request with correlation id 17606 due to node 1 being disconnected (elapsed time since creation: 151181ms, elapsed time since send: 151181ms, throttle time: 0ms, request timeout: 30000ms)
2026-06-22T17:06:48.824+05:30  INFO 80680 --- [candidate-service] [ntainer#0-1-C-1] org.apache.kafka.clients.NetworkClient   : [Consumer clientId=consumer-candidate-service-group-2, groupId=candidate-service-group] Cancelled in-flight FETCH request with correlation id 17607 due to node 1 being disconnected (elapsed time since creation: 151201ms, elapsed time since send: 151201ms, throttle time: 0ms, request timeout: 30000ms)
2026-06-22T17:06:49.104+05:30  INFO 80680 --- [candidate-service] [ntainer#0-1-C-1] o.a.kafka.clients.FetchSessionHandler    : [Consumer clientId=consumer-candidate-service-group-2, groupId=candidate-service-group] Error sending fetch request (sessionId=2010015382, epoch=9) to node 1:

org.apache.kafka.common.errors.DisconnectException: null

2026-06-22T17:06:49.106+05:30  INFO 80680 --- [candidate-service] [ntainer#0-0-C-1] o.a.kafka.clients.FetchSessionHandler    : [Consumer clientId=consumer-candidate-service-group-1, groupId=candidate-service-group] Error sending fetch request (sessionId=791357719, epoch=9) to node 1:

org.apache.kafka.common.errors.DisconnectException: null

2026-06-22T17:06:49.103+05:30  INFO 80680 --- [candidate-service] [ntainer#0-2-C-1] o.a.kafka.clients.FetchSessionHandler    : [Consumer clientId=consumer-candidate-service-group-3, groupId=candidate-service-group] Error sending fetch request (sessionId=1236405064, epoch=9) to node 1:

org.apache.kafka.common.errors.DisconnectException: null

2026-06-22T17:06:49.125+05:30  INFO 80680 --- [candidate-service] [e-service-group] o.a.k.c.c.internals.ConsumerCoordinator  : [Consumer clientId=consumer-candidate-service-group-3, groupId=candidate-service-group] Group coordinator localhost:9092 (id: 2147483646 rack: null) is unavailable or invalid due to cause: session timed out without receiving a heartbeat response. isDisconnected: false. Rediscovery will be attempted.
2026-06-22T17:06:49.222+05:30  INFO 80680 --- [candidate-service] [e-service-group] o.a.k.c.c.internals.ConsumerCoordinator  : [Consumer clientId=consumer-candidate-service-group-3, groupId=candidate-service-group] Requesting disconnect from last known coordinator localhost:9092 (id: 2147483646 rack: null)
2026-06-22T17:06:49.287+05:30  INFO 80680 --- [candidate-service] [e-service-group] o.a.k.c.c.internals.ConsumerCoordinator  : [Consumer clientId=consumer-candidate-service-group-2, groupId=candidate-service-group] Group coordinator localhost:9092 (id: 2147483646 rack: null) is unavailable or invalid due to cause: session timed out without receiving a heartbeat response. isDisconnected: false. Rediscovery will be attempted.
2026-06-22T17:06:49.290+05:30  INFO 80680 --- [candidate-service] [e-service-group] o.a.k.c.c.internals.ConsumerCoordinator  : [Consumer clientId=consumer-candidate-service-group-2, groupId=candidate-service-group] Requesting disconnect from last known coordinator localhost:9092 (id: 2147483646 rack: null)
2026-06-22T17:06:49.299+05:30  INFO 80680 --- [candidate-service] [e-service-group] org.apache.kafka.clients.NetworkClient   : [Consumer clientId=consumer-candidate-service-group-2, groupId=candidate-service-group] Client requested disconnect from node 2147483646
2026-06-22T17:06:49.290+05:30  INFO 80680 --- [candidate-service] [e-service-group] org.apache.kafka.clients.NetworkClient   : [Consumer clientId=consumer-candidate-service-group-3, groupId=candidate-service-group] Client requested disconnect from node 2147483646
2026-06-22T17:06:49.291+05:30  INFO 80680 --- [candidate-service] [e-service-group] o.a.k.c.c.internals.ConsumerCoordinator  : [Consumer clientId=consumer-candidate-service-group-1, groupId=candidate-service-group] Group coordinator localhost:9092 (id: 2147483646 rack: null) is unavailable or invalid due to cause: session timed out without receiving a heartbeat response. isDisconnected: false. Rediscovery will be attempted.
2026-06-22T17:06:49.331+05:30  INFO 80680 --- [candidate-service] [e-service-group] o.a.k.c.c.internals.ConsumerCoordinator  : [Consumer clientId=consumer-candidate-service-group-1, groupId=candidate-service-group] Requesting disconnect from last known coordinator localhost:9092 (id: 2147483646 rack: null)
2026-06-22T17:06:49.420+05:30  INFO 80680 --- [candidate-service] [e-service-group] org.apache.kafka.clients.NetworkClient   : [Consumer clientId=consumer-candidate-service-group-1, groupId=candidate-service-group] Client requested disconnect from node 2147483646
2026-06-22T17:06:50.056+05:30  INFO 80680 --- [candidate-service] [ntainer#0-2-C-1] o.a.k.c.c.internals.ConsumerCoordinator  : [Consumer clientId=consumer-candidate-service-group-3, groupId=candidate-service-group] Discovered group coordinator localhost:9092 (id: 2147483646 rack: null)
2026-06-22T17:06:50.055+05:30  INFO 80680 --- [candidate-service] [ntainer#0-0-C-1] o.a.k.c.c.internals.ConsumerCoordinator  : [Consumer clientId=consumer-candidate-service-group-1, groupId=candidate-service-group] Discovered group coordinator localhost:9092 (id: 2147483646 rack: null)
2026-06-22T17:06:50.353+05:30  INFO 80680 --- [candidate-service] [ntainer#0-1-C-1] o.a.k.c.c.internals.ConsumerCoordinator  : [Consumer clientId=consumer-candidate-service-group-2, groupId=candidate-service-group] Discovered group coordinator localhost:9092 (id: 2147483646 rack: null)
2026-06-22T17:07:08.615+05:30  WARN 80680 --- [candidate-service] [l-1 housekeeper] com.zaxxer.hikari.pool.HikariPool        : HikariPool-1 - Thread starvation or clock leap detected (housekeeper delta=18m5s219ms).
