
  .   ____          _            __ _ _
 /\\ / ___'_ __ _ _(_)_ __  __ _ \ \ \ \
( ( )\___ | '_ | '_| | '_ \/ _` | \ \ \ \
 \\/  ___)| |_)| | | | | || (_| |  ) ) ) )
  '  |____| .__|_| |_|_| |_\__, | / / / /
 =========|_|==============|___/=/_/_/_/

 :: Spring Boot ::                (v3.4.0)

2026-06-22T14:34:31.911+05:30  INFO 80679 --- [demand-service] [           main] c.t.demand.DemandServiceApplication      : Starting DemandServiceApplication v1.0.0-SNAPSHOT using Java 17.0.18 with PID 80679 (/Users/spratap/.m2/repository/com/talentgrid/demand-service/1.0.0-SNAPSHOT/demand-service-1.0.0-SNAPSHOT.jar started by spratap in /Users/spratap/TalentGridTeam2)
2026-06-22T14:34:31.914+05:30 DEBUG 80679 --- [demand-service] [           main] c.t.demand.DemandServiceApplication      : Running with Spring Boot v3.4.0, Spring v6.2.0
2026-06-22T14:34:31.918+05:30  INFO 80679 --- [demand-service] [           main] c.t.demand.DemandServiceApplication      : No active profile set, falling back to 1 default profile: "default"
2026-06-22T14:34:34.204+05:30  INFO 80679 --- [demand-service] [           main] .s.d.r.c.RepositoryConfigurationDelegate : Bootstrapping Spring Data JPA repositories in DEFAULT mode.
2026-06-22T14:34:34.636+05:30  INFO 80679 --- [demand-service] [           main] .s.d.r.c.RepositoryConfigurationDelegate : Finished Spring Data repository scanning in 423 ms. Found 2 JPA repository interfaces.
2026-06-22T14:34:35.194+05:30  INFO 80679 --- [demand-service] [           main] o.s.cloud.context.scope.GenericScope     : BeanFactory id=7501024d-fdb9-3132-b5c4-280d16d6f0ac
2026-06-22T14:34:36.307+05:30  INFO 80679 --- [demand-service] [           main] o.s.b.w.embedded.tomcat.TomcatWebServer  : Tomcat initialized with port 8081 (http)
2026-06-22T14:34:36.328+05:30  INFO 80679 --- [demand-service] [           main] o.apache.catalina.core.StandardService   : Starting service [Tomcat]
2026-06-22T14:34:36.328+05:30  INFO 80679 --- [demand-service] [           main] o.apache.catalina.core.StandardEngine    : Starting Servlet engine: [Apache Tomcat/10.1.33]
2026-06-22T14:34:36.365+05:30  INFO 80679 --- [demand-service] [           main] o.a.c.c.C.[Tomcat].[localhost].[/]       : Initializing Spring embedded WebApplicationContext
2026-06-22T14:34:36.366+05:30  INFO 80679 --- [demand-service] [           main] w.s.c.ServletWebServerApplicationContext : Root WebApplicationContext: initialization completed in 4344 ms
2026-06-22T14:34:36.789+05:30  INFO 80679 --- [demand-service] [           main] o.hibernate.jpa.internal.util.LogHelper  : HHH000204: Processing PersistenceUnitInfo [name: default]
2026-06-22T14:34:37.016+05:30  INFO 80679 --- [demand-service] [           main] org.hibernate.Version                    : HHH000412: Hibernate ORM core version 6.6.2.Final
2026-06-22T14:34:37.049+05:30  INFO 80679 --- [demand-service] [           main] o.h.c.internal.RegionFactoryInitiator    : HHH000026: Second-level cache disabled
2026-06-22T14:34:37.489+05:30  INFO 80679 --- [demand-service] [           main] o.s.o.j.p.SpringPersistenceUnitInfo      : No LoadTimeWeaver setup: ignoring JPA class transformer
2026-06-22T14:34:37.538+05:30  INFO 80679 --- [demand-service] [           main] com.zaxxer.hikari.HikariDataSource       : HikariPool-1 - Starting...
2026-06-22T14:34:37.872+05:30  INFO 80679 --- [demand-service] [           main] com.zaxxer.hikari.pool.HikariPool        : HikariPool-1 - Added connection org.postgresql.jdbc.PgConnection@1de12397
2026-06-22T14:34:37.873+05:30  INFO 80679 --- [demand-service] [           main] com.zaxxer.hikari.HikariDataSource       : HikariPool-1 - Start completed.
2026-06-22T14:34:37.915+05:30  WARN 80679 --- [demand-service] [           main] org.hibernate.orm.deprecation            : HHH90000025: PostgreSQLDialect does not need to be specified explicitly using 'hibernate.dialect' (remove the property setting and it will be selected by default)
2026-06-22T14:34:37.976+05:30  INFO 80679 --- [demand-service] [           main] org.hibernate.orm.connections.pooling    : HHH10001005: Database info:
	Database JDBC URL [Connecting through datasource 'HikariDataSource (HikariPool-1)']
	Database driver: undefined/unknown
	Database version: 18.3
	Autocommit mode: undefined/unknown
	Isolation level: undefined/unknown
	Minimum pool size: undefined/unknown
	Maximum pool size: undefined/unknown
2026-06-22T14:34:40.842+05:30  INFO 80679 --- [demand-service] [           main] o.h.e.t.j.p.i.JtaPlatformInitiator       : HHH000489: No JTA platform available (set 'hibernate.transaction.jta.platform' to enable JTA platform integration)
2026-06-22T14:34:41.587+05:30  INFO 80679 --- [demand-service] [           main] j.LocalContainerEntityManagerFactoryBean : Initialized JPA EntityManagerFactory for persistence unit 'default'
2026-06-22T14:34:42.113+05:30  INFO 80679 --- [demand-service] [           main] o.s.d.j.r.query.QueryEnhancerFactory     : Hibernate is in classpath; If applicable, HQL parser will be used.
2026-06-22T14:34:44.709+05:30  WARN 80679 --- [demand-service] [           main] JpaBaseConfiguration$JpaWebConfiguration : spring.jpa.open-in-view is enabled by default. Therefore, database queries may be performed during view rendering. Explicitly configure spring.jpa.open-in-view to disable this warning
2026-06-22T14:34:45.508+05:30  WARN 80679 --- [demand-service] [           main] .s.s.UserDetailsServiceAutoConfiguration : 

Using generated security password: aa1a3502-8ae1-4088-be55-ad564bb5f1e7

This generated password is for development use only. Your security configuration must be updated before running your application in production.

2026-06-22T14:34:45.534+05:30  INFO 80679 --- [demand-service] [           main] r$InitializeUserDetailsManagerConfigurer : Global AuthenticationManager configured with UserDetailsService bean with name inMemoryUserDetailsManager
2026-06-22T14:34:46.413+05:30  INFO 80679 --- [demand-service] [           main] o.a.k.clients.admin.AdminClientConfig    : AdminClientConfig values: 
	auto.include.jmx.reporter = true
	bootstrap.controllers = []
	bootstrap.servers = [localhost:9092]
	client.dns.lookup = use_all_dns_ips
	client.id = demand-service-admin-0
	connections.max.idle.ms = 300000
	default.api.timeout.ms = 60000
	enable.metrics.push = true
	metadata.max.age.ms = 300000
	metadata.recovery.strategy = none
	metric.reporters = []
	metrics.num.samples = 2
	metrics.recording.level = INFO
	metrics.sample.window.ms = 30000
	receive.buffer.bytes = 65536
	reconnect.backoff.max.ms = 1000
	reconnect.backoff.ms = 50
	request.timeout.ms = 30000
	retries = 2147483647
	retry.backoff.max.ms = 1000
	retry.backoff.ms = 100
	sasl.client.callback.handler.class = null
	sasl.jaas.config = null
	sasl.kerberos.kinit.cmd = /usr/bin/kinit
	sasl.kerberos.min.time.before.relogin = 60000
	sasl.kerberos.service.name = null
	sasl.kerberos.ticket.renew.jitter = 0.05
	sasl.kerberos.ticket.renew.window.factor = 0.8
	sasl.login.callback.handler.class = null
	sasl.login.class = null
	sasl.login.connect.timeout.ms = null
	sasl.login.read.timeout.ms = null
	sasl.login.refresh.buffer.seconds = 300
	sasl.login.refresh.min.period.seconds = 60
	sasl.login.refresh.window.factor = 0.8
	sasl.login.refresh.window.jitter = 0.05
	sasl.login.retry.backoff.max.ms = 10000
	sasl.login.retry.backoff.ms = 100
	sasl.mechanism = GSSAPI
	sasl.oauthbearer.clock.skew.seconds = 30
	sasl.oauthbearer.expected.audience = null
	sasl.oauthbearer.expected.issuer = null
	sasl.oauthbearer.jwks.endpoint.refresh.ms = 3600000
	sasl.oauthbearer.jwks.endpoint.retry.backoff.max.ms = 10000
	sasl.oauthbearer.jwks.endpoint.retry.backoff.ms = 100
	sasl.oauthbearer.jwks.endpoint.url = null
	sasl.oauthbearer.scope.claim.name = scope
	sasl.oauthbearer.sub.claim.name = sub
	sasl.oauthbearer.token.endpoint.url = null
	security.protocol = PLAINTEXT
	security.providers = null
	send.buffer.bytes = 131072
	socket.connection.setup.timeout.max.ms = 30000
	socket.connection.setup.timeout.ms = 10000
	ssl.cipher.suites = null
	ssl.enabled.protocols = [TLSv1.2, TLSv1.3]
	ssl.endpoint.identification.algorithm = https
	ssl.engine.factory.class = null
	ssl.key.password = null
	ssl.keymanager.algorithm = SunX509
	ssl.keystore.certificate.chain = null
	ssl.keystore.key = null
	ssl.keystore.location = null
	ssl.keystore.password = null
	ssl.keystore.type = JKS
	ssl.protocol = TLSv1.3
	ssl.provider = null
	ssl.secure.random.implementation = null
	ssl.trustmanager.algorithm = PKIX
	ssl.truststore.certificates = null
	ssl.truststore.location = null
	ssl.truststore.password = null
	ssl.truststore.type = JKS

2026-06-22T14:34:46.643+05:30  INFO 80679 --- [demand-service] [           main] o.a.kafka.common.utils.AppInfoParser     : Kafka version: 3.8.1
2026-06-22T14:34:46.643+05:30  INFO 80679 --- [demand-service] [           main] o.a.kafka.common.utils.AppInfoParser     : Kafka commitId: 70d6ff42debf7e17
2026-06-22T14:34:46.643+05:30  INFO 80679 --- [demand-service] [           main] o.a.kafka.common.utils.AppInfoParser     : Kafka startTimeMs: 1782119086641
2026-06-22T14:34:47.229+05:30  WARN 80679 --- [demand-service] [service-admin-0] o.a.k.clients.admin.KafkaAdminClient     : [AdminClient clientId=demand-service-admin-0] The DescribeTopicPartitions API is not supported, using Metadata API to describe topics.
2026-06-22T14:34:47.239+05:30  INFO 80679 --- [demand-service] [service-admin-0] o.a.kafka.common.utils.AppInfoParser     : App info kafka.admin.client for demand-service-admin-0 unregistered
2026-06-22T14:34:47.245+05:30  INFO 80679 --- [demand-service] [service-admin-0] o.apache.kafka.common.metrics.Metrics    : Metrics scheduler closed
2026-06-22T14:34:47.245+05:30  INFO 80679 --- [demand-service] [service-admin-0] o.apache.kafka.common.metrics.Metrics    : Closing reporter org.apache.kafka.common.metrics.JmxReporter
2026-06-22T14:34:47.245+05:30  INFO 80679 --- [demand-service] [service-admin-0] o.apache.kafka.common.metrics.Metrics    : Metrics reporters closed
2026-06-22T14:34:47.261+05:30  INFO 80679 --- [demand-service] [           main] o.s.b.w.embedded.tomcat.TomcatWebServer  : Tomcat started on port 8081 (http) with context path '/'
2026-06-22T14:34:47.290+05:30  INFO 80679 --- [demand-service] [           main] o.a.k.clients.consumer.ConsumerConfig    : ConsumerConfig values: 
	allow.auto.create.topics = true
	auto.commit.interval.ms = 5000
	auto.include.jmx.reporter = true
	auto.offset.reset = earliest
	bootstrap.servers = [localhost:9092]
	check.crcs = true
	client.dns.lookup = use_all_dns_ips
	client.id = consumer-demand-service-group-1
	client.rack = 
	connections.max.idle.ms = 540000
	default.api.timeout.ms = 60000
	enable.auto.commit = false
	enable.metrics.push = true
	exclude.internal.topics = true
	fetch.max.bytes = 52428800
	fetch.max.wait.ms = 500
	fetch.min.bytes = 1
	group.id = demand-service-group
	group.instance.id = null
	group.protocol = classic
	group.remote.assignor = null
	heartbeat.interval.ms = 3000
	interceptor.classes = []
	internal.leave.group.on.close = true
	internal.throw.on.fetch.stable.offset.unsupported = false
	isolation.level = read_uncommitted
	key.deserializer = class org.apache.kafka.common.serialization.StringDeserializer
	max.partition.fetch.bytes = 1048576
	max.poll.interval.ms = 300000
	max.poll.records = 500
	metadata.max.age.ms = 300000
	metadata.recovery.strategy = none
	metric.reporters = []
	metrics.num.samples = 2
	metrics.recording.level = INFO
	metrics.sample.window.ms = 30000
	partition.assignment.strategy = [class org.apache.kafka.clients.consumer.RangeAssignor, class org.apache.kafka.clients.consumer.CooperativeStickyAssignor]
	receive.buffer.bytes = 65536
	reconnect.backoff.max.ms = 1000
	reconnect.backoff.ms = 50
	request.timeout.ms = 30000
	retry.backoff.max.ms = 1000
	retry.backoff.ms = 100
	sasl.client.callback.handler.class = null
	sasl.jaas.config = null
	sasl.kerberos.kinit.cmd = /usr/bin/kinit
	sasl.kerberos.min.time.before.relogin = 60000
	sasl.kerberos.service.name = null
	sasl.kerberos.ticket.renew.jitter = 0.05
	sasl.kerberos.ticket.renew.window.factor = 0.8
	sasl.login.callback.handler.class = null
	sasl.login.class = null
	sasl.login.connect.timeout.ms = null
	sasl.login.read.timeout.ms = null
	sasl.login.refresh.buffer.seconds = 300
	sasl.login.refresh.min.period.seconds = 60
	sasl.login.refresh.window.factor = 0.8
	sasl.login.refresh.window.jitter = 0.05
	sasl.login.retry.backoff.max.ms = 10000
	sasl.login.retry.backoff.ms = 100
	sasl.mechanism = GSSAPI
	sasl.oauthbearer.clock.skew.seconds = 30
	sasl.oauthbearer.expected.audience = null
	sasl.oauthbearer.expected.issuer = null
	sasl.oauthbearer.jwks.endpoint.refresh.ms = 3600000
	sasl.oauthbearer.jwks.endpoint.retry.backoff.max.ms = 10000
	sasl.oauthbearer.jwks.endpoint.retry.backoff.ms = 100
	sasl.oauthbearer.jwks.endpoint.url = null
	sasl.oauthbearer.scope.claim.name = scope
	sasl.oauthbearer.sub.claim.name = sub
	sasl.oauthbearer.token.endpoint.url = null
	security.protocol = PLAINTEXT
	security.providers = null
	send.buffer.bytes = 131072
	session.timeout.ms = 45000
	socket.connection.setup.timeout.max.ms = 30000
	socket.connection.setup.timeout.ms = 10000
	ssl.cipher.suites = null
	ssl.enabled.protocols = [TLSv1.2, TLSv1.3]
	ssl.endpoint.identification.algorithm = https
	ssl.engine.factory.class = null
	ssl.key.password = null
	ssl.keymanager.algorithm = SunX509
	ssl.keystore.certificate.chain = null
	ssl.keystore.key = null
	ssl.keystore.location = null
	ssl.keystore.password = null
	ssl.keystore.type = JKS
	ssl.protocol = TLSv1.3
	ssl.provider = null
	ssl.secure.random.implementation = null
	ssl.trustmanager.algorithm = PKIX
	ssl.truststore.certificates = null
	ssl.truststore.location = null
	ssl.truststore.password = null
	ssl.truststore.type = JKS
	value.deserializer = class org.springframework.kafka.support.serializer.ErrorHandlingDeserializer

2026-06-22T14:34:47.326+05:30  INFO 80679 --- [demand-service] [           main] o.a.k.c.t.i.KafkaMetricsCollector        : initializing Kafka metrics collector
2026-06-22T14:34:47.491+05:30  INFO 80679 --- [demand-service] [           main] o.a.kafka.common.utils.AppInfoParser     : Kafka version: 3.8.1
2026-06-22T14:34:47.491+05:30  INFO 80679 --- [demand-service] [           main] o.a.kafka.common.utils.AppInfoParser     : Kafka commitId: 70d6ff42debf7e17
2026-06-22T14:34:47.491+05:30  INFO 80679 --- [demand-service] [           main] o.a.kafka.common.utils.AppInfoParser     : Kafka startTimeMs: 1782119087491
2026-06-22T14:34:47.493+05:30  INFO 80679 --- [demand-service] [           main] o.a.k.c.c.internals.LegacyKafkaConsumer  : [Consumer clientId=consumer-demand-service-group-1, groupId=demand-service-group] Subscribed to topic(s): demand-events
2026-06-22T14:34:47.500+05:30  INFO 80679 --- [demand-service] [           main] o.a.k.clients.consumer.ConsumerConfig    : ConsumerConfig values: 
	allow.auto.create.topics = true
	auto.commit.interval.ms = 5000
	auto.include.jmx.reporter = true
	auto.offset.reset = earliest
	bootstrap.servers = [localhost:9092]
	check.crcs = true
	client.dns.lookup = use_all_dns_ips
	client.id = consumer-demand-service-group-2
	client.rack = 
	connections.max.idle.ms = 540000
	default.api.timeout.ms = 60000
	enable.auto.commit = false
	enable.metrics.push = true
	exclude.internal.topics = true
	fetch.max.bytes = 52428800
	fetch.max.wait.ms = 500
	fetch.min.bytes = 1
	group.id = demand-service-group
	group.instance.id = null
	group.protocol = classic
	group.remote.assignor = null
	heartbeat.interval.ms = 3000
	interceptor.classes = []
	internal.leave.group.on.close = true
	internal.throw.on.fetch.stable.offset.unsupported = false
	isolation.level = read_uncommitted
	key.deserializer = class org.apache.kafka.common.serialization.StringDeserializer
	max.partition.fetch.bytes = 1048576
	max.poll.interval.ms = 300000
	max.poll.records = 500
	metadata.max.age.ms = 300000
	metadata.recovery.strategy = none
	metric.reporters = []
	metrics.num.samples = 2
	metrics.recording.level = INFO
	metrics.sample.window.ms = 30000
	partition.assignment.strategy = [class org.apache.kafka.clients.consumer.RangeAssignor, class org.apache.kafka.clients.consumer.CooperativeStickyAssignor]
	receive.buffer.bytes = 65536
	reconnect.backoff.max.ms = 1000
	reconnect.backoff.ms = 50
	request.timeout.ms = 30000
	retry.backoff.max.ms = 1000
	retry.backoff.ms = 100
	sasl.client.callback.handler.class = null
	sasl.jaas.config = null
	sasl.kerberos.kinit.cmd = /usr/bin/kinit
	sasl.kerberos.min.time.before.relogin = 60000
	sasl.kerberos.service.name = null
	sasl.kerberos.ticket.renew.jitter = 0.05
	sasl.kerberos.ticket.renew.window.factor = 0.8
	sasl.login.callback.handler.class = null
	sasl.login.class = null
	sasl.login.connect.timeout.ms = null
	sasl.login.read.timeout.ms = null
	sasl.login.refresh.buffer.seconds = 300
	sasl.login.refresh.min.period.seconds = 60
	sasl.login.refresh.window.factor = 0.8
	sasl.login.refresh.window.jitter = 0.05
	sasl.login.retry.backoff.max.ms = 10000
	sasl.login.retry.backoff.ms = 100
	sasl.mechanism = GSSAPI
	sasl.oauthbearer.clock.skew.seconds = 30
	sasl.oauthbearer.expected.audience = null
	sasl.oauthbearer.expected.issuer = null
	sasl.oauthbearer.jwks.endpoint.refresh.ms = 3600000
	sasl.oauthbearer.jwks.endpoint.retry.backoff.max.ms = 10000
	sasl.oauthbearer.jwks.endpoint.retry.backoff.ms = 100
	sasl.oauthbearer.jwks.endpoint.url = null
	sasl.oauthbearer.scope.claim.name = scope
	sasl.oauthbearer.sub.claim.name = sub
	sasl.oauthbearer.token.endpoint.url = null
	security.protocol = PLAINTEXT
	security.providers = null
	send.buffer.bytes = 131072
	session.timeout.ms = 45000
	socket.connection.setup.timeout.max.ms = 30000
	socket.connection.setup.timeout.ms = 10000
	ssl.cipher.suites = null
	ssl.enabled.protocols = [TLSv1.2, TLSv1.3]
	ssl.endpoint.identification.algorithm = https
	ssl.engine.factory.class = null
	ssl.key.password = null
	ssl.keymanager.algorithm = SunX509
	ssl.keystore.certificate.chain = null
	ssl.keystore.key = null
	ssl.keystore.location = null
	ssl.keystore.password = null
	ssl.keystore.type = JKS
	ssl.protocol = TLSv1.3
	ssl.provider = null
	ssl.secure.random.implementation = null
	ssl.trustmanager.algorithm = PKIX
	ssl.truststore.certificates = null
	ssl.truststore.location = null
	ssl.truststore.password = null
	ssl.truststore.type = JKS
	value.deserializer = class org.springframework.kafka.support.serializer.ErrorHandlingDeserializer

2026-06-22T14:34:47.500+05:30  INFO 80679 --- [demand-service] [           main] o.a.k.c.t.i.KafkaMetricsCollector        : initializing Kafka metrics collector
2026-06-22T14:34:47.508+05:30  INFO 80679 --- [demand-service] [           main] o.a.kafka.common.utils.AppInfoParser     : Kafka version: 3.8.1
2026-06-22T14:34:47.508+05:30  INFO 80679 --- [demand-service] [           main] o.a.kafka.common.utils.AppInfoParser     : Kafka commitId: 70d6ff42debf7e17
2026-06-22T14:34:47.508+05:30  INFO 80679 --- [demand-service] [           main] o.a.kafka.common.utils.AppInfoParser     : Kafka startTimeMs: 1782119087508
2026-06-22T14:34:47.508+05:30  INFO 80679 --- [demand-service] [           main] o.a.k.c.c.internals.LegacyKafkaConsumer  : [Consumer clientId=consumer-demand-service-group-2, groupId=demand-service-group] Subscribed to topic(s): demand-events
2026-06-22T14:34:47.512+05:30  INFO 80679 --- [demand-service] [           main] o.a.k.clients.consumer.ConsumerConfig    : ConsumerConfig values: 
	allow.auto.create.topics = true
	auto.commit.interval.ms = 5000
	auto.include.jmx.reporter = true
	auto.offset.reset = earliest
	bootstrap.servers = [localhost:9092]
	check.crcs = true
	client.dns.lookup = use_all_dns_ips
	client.id = consumer-demand-service-group-3
	client.rack = 
	connections.max.idle.ms = 540000
	default.api.timeout.ms = 60000
	enable.auto.commit = false
	enable.metrics.push = true
	exclude.internal.topics = true
	fetch.max.bytes = 52428800
	fetch.max.wait.ms = 500
	fetch.min.bytes = 1
	group.id = demand-service-group
	group.instance.id = null
	group.protocol = classic
	group.remote.assignor = null
	heartbeat.interval.ms = 3000
	interceptor.classes = []
	internal.leave.group.on.close = true
	internal.throw.on.fetch.stable.offset.unsupported = false
	isolation.level = read_uncommitted
	key.deserializer = class org.apache.kafka.common.serialization.StringDeserializer
	max.partition.fetch.bytes = 1048576
	max.poll.interval.ms = 300000
	max.poll.records = 500
	metadata.max.age.ms = 300000
	metadata.recovery.strategy = none
	metric.reporters = []
	metrics.num.samples = 2
	metrics.recording.level = INFO
	metrics.sample.window.ms = 30000
	partition.assignment.strategy = [class org.apache.kafka.clients.consumer.RangeAssignor, class org.apache.kafka.clients.consumer.CooperativeStickyAssignor]
	receive.buffer.bytes = 65536
	reconnect.backoff.max.ms = 1000
	reconnect.backoff.ms = 50
	request.timeout.ms = 30000
	retry.backoff.max.ms = 1000
	retry.backoff.ms = 100
	sasl.client.callback.handler.class = null
	sasl.jaas.config = null
	sasl.kerberos.kinit.cmd = /usr/bin/kinit
	sasl.kerberos.min.time.before.relogin = 60000
	sasl.kerberos.service.name = null
	sasl.kerberos.ticket.renew.jitter = 0.05
	sasl.kerberos.ticket.renew.window.factor = 0.8
	sasl.login.callback.handler.class = null
	sasl.login.class = null
	sasl.login.connect.timeout.ms = null
	sasl.login.read.timeout.ms = null
	sasl.login.refresh.buffer.seconds = 300
	sasl.login.refresh.min.period.seconds = 60
	sasl.login.refresh.window.factor = 0.8
	sasl.login.refresh.window.jitter = 0.05
	sasl.login.retry.backoff.max.ms = 10000
	sasl.login.retry.backoff.ms = 100
	sasl.mechanism = GSSAPI
	sasl.oauthbearer.clock.skew.seconds = 30
	sasl.oauthbearer.expected.audience = null
	sasl.oauthbearer.expected.issuer = null
	sasl.oauthbearer.jwks.endpoint.refresh.ms = 3600000
	sasl.oauthbearer.jwks.endpoint.retry.backoff.max.ms = 10000
	sasl.oauthbearer.jwks.endpoint.retry.backoff.ms = 100
	sasl.oauthbearer.jwks.endpoint.url = null
	sasl.oauthbearer.scope.claim.name = scope
	sasl.oauthbearer.sub.claim.name = sub
	sasl.oauthbearer.token.endpoint.url = null
	security.protocol = PLAINTEXT
	security.providers = null
	send.buffer.bytes = 131072
	session.timeout.ms = 45000
	socket.connection.setup.timeout.max.ms = 30000
	socket.connection.setup.timeout.ms = 10000
	ssl.cipher.suites = null
	ssl.enabled.protocols = [TLSv1.2, TLSv1.3]
	ssl.endpoint.identification.algorithm = https
	ssl.engine.factory.class = null
	ssl.key.password = null
	ssl.keymanager.algorithm = SunX509
	ssl.keystore.certificate.chain = null
	ssl.keystore.key = null
	ssl.keystore.location = null
	ssl.keystore.password = null
	ssl.keystore.type = JKS
	ssl.protocol = TLSv1.3
	ssl.provider = null
	ssl.secure.random.implementation = null
	ssl.trustmanager.algorithm = PKIX
	ssl.truststore.certificates = null
	ssl.truststore.location = null
	ssl.truststore.password = null
	ssl.truststore.type = JKS
	value.deserializer = class org.springframework.kafka.support.serializer.ErrorHandlingDeserializer

2026-06-22T14:34:47.513+05:30  INFO 80679 --- [demand-service] [           main] o.a.k.c.t.i.KafkaMetricsCollector        : initializing Kafka metrics collector
2026-06-22T14:34:47.520+05:30  INFO 80679 --- [demand-service] [           main] o.a.kafka.common.utils.AppInfoParser     : Kafka version: 3.8.1
2026-06-22T14:34:47.521+05:30  INFO 80679 --- [demand-service] [           main] o.a.kafka.common.utils.AppInfoParser     : Kafka commitId: 70d6ff42debf7e17
2026-06-22T14:34:47.521+05:30  INFO 80679 --- [demand-service] [           main] o.a.kafka.common.utils.AppInfoParser     : Kafka startTimeMs: 1782119087520
2026-06-22T14:34:47.521+05:30  INFO 80679 --- [demand-service] [           main] o.a.k.c.c.internals.LegacyKafkaConsumer  : [Consumer clientId=consumer-demand-service-group-3, groupId=demand-service-group] Subscribed to topic(s): demand-events
2026-06-22T14:34:47.537+05:30  INFO 80679 --- [demand-service] [ntainer#0-2-C-1] org.apache.kafka.clients.Metadata        : [Consumer clientId=consumer-demand-service-group-3, groupId=demand-service-group] Cluster ID: FZ5fgxe8QsiYlf7uOpvVWA
2026-06-22T14:34:47.538+05:30  INFO 80679 --- [demand-service] [ntainer#0-2-C-1] o.a.k.c.c.internals.ConsumerCoordinator  : [Consumer clientId=consumer-demand-service-group-3, groupId=demand-service-group] Discovered group coordinator localhost:9092 (id: 2147483646 rack: null)
2026-06-22T14:34:47.537+05:30  INFO 80679 --- [demand-service] [ntainer#0-0-C-1] org.apache.kafka.clients.Metadata        : [Consumer clientId=consumer-demand-service-group-1, groupId=demand-service-group] Cluster ID: FZ5fgxe8QsiYlf7uOpvVWA
2026-06-22T14:34:47.537+05:30  INFO 80679 --- [demand-service] [ntainer#0-1-C-1] org.apache.kafka.clients.Metadata        : [Consumer clientId=consumer-demand-service-group-2, groupId=demand-service-group] Cluster ID: FZ5fgxe8QsiYlf7uOpvVWA
2026-06-22T14:34:47.538+05:30  INFO 80679 --- [demand-service] [ntainer#0-0-C-1] o.a.k.c.c.internals.ConsumerCoordinator  : [Consumer clientId=consumer-demand-service-group-1, groupId=demand-service-group] Discovered group coordinator localhost:9092 (id: 2147483646 rack: null)
2026-06-22T14:34:47.538+05:30  INFO 80679 --- [demand-service] [ntainer#0-1-C-1] o.a.k.c.c.internals.ConsumerCoordinator  : [Consumer clientId=consumer-demand-service-group-2, groupId=demand-service-group] Discovered group coordinator localhost:9092 (id: 2147483646 rack: null)
2026-06-22T14:34:47.539+05:30  INFO 80679 --- [demand-service] [           main] c.t.demand.DemandServiceApplication      : Started DemandServiceApplication in 16.961 seconds (process running for 18.45)
2026-06-22T14:34:47.542+05:30  INFO 80679 --- [demand-service] [ntainer#0-2-C-1] o.a.k.c.c.internals.ConsumerCoordinator  : [Consumer clientId=consumer-demand-service-group-3, groupId=demand-service-group] (Re-)joining group
2026-06-22T14:34:47.542+05:30  INFO 80679 --- [demand-service] [ntainer#0-1-C-1] o.a.k.c.c.internals.ConsumerCoordinator  : [Consumer clientId=consumer-demand-service-group-2, groupId=demand-service-group] (Re-)joining group
2026-06-22T14:34:47.542+05:30  INFO 80679 --- [demand-service] [ntainer#0-0-C-1] o.a.k.c.c.internals.ConsumerCoordinator  : [Consumer clientId=consumer-demand-service-group-1, groupId=demand-service-group] (Re-)joining group
2026-06-22T14:34:47.570+05:30  INFO 80679 --- [demand-service] [ntainer#0-2-C-1] o.a.k.c.c.internals.ConsumerCoordinator  : [Consumer clientId=consumer-demand-service-group-3, groupId=demand-service-group] Request joining group due to: need to re-join with the given member-id: consumer-demand-service-group-3-c60f0293-368d-43de-a062-91ff4d259d59
2026-06-22T14:34:47.570+05:30  INFO 80679 --- [demand-service] [ntainer#0-1-C-1] o.a.k.c.c.internals.ConsumerCoordinator  : [Consumer clientId=consumer-demand-service-group-2, groupId=demand-service-group] Request joining group due to: need to re-join with the given member-id: consumer-demand-service-group-2-31249ec6-d61b-4a78-ad25-ed196bf2e300
2026-06-22T14:34:47.570+05:30  INFO 80679 --- [demand-service] [ntainer#0-0-C-1] o.a.k.c.c.internals.ConsumerCoordinator  : [Consumer clientId=consumer-demand-service-group-1, groupId=demand-service-group] Request joining group due to: need to re-join with the given member-id: consumer-demand-service-group-1-65c3657f-f953-4dc1-8deb-aef31d653ce4
2026-06-22T14:34:47.571+05:30  INFO 80679 --- [demand-service] [ntainer#0-2-C-1] o.a.k.c.c.internals.ConsumerCoordinator  : [Consumer clientId=consumer-demand-service-group-3, groupId=demand-service-group] (Re-)joining group
2026-06-22T14:34:47.571+05:30  INFO 80679 --- [demand-service] [ntainer#0-1-C-1] o.a.k.c.c.internals.ConsumerCoordinator  : [Consumer clientId=consumer-demand-service-group-2, groupId=demand-service-group] (Re-)joining group
2026-06-22T14:34:47.571+05:30  INFO 80679 --- [demand-service] [ntainer#0-0-C-1] o.a.k.c.c.internals.ConsumerCoordinator  : [Consumer clientId=consumer-demand-service-group-1, groupId=demand-service-group] (Re-)joining group
2026-06-22T14:34:47.575+05:30  INFO 80679 --- [demand-service] [ntainer#0-0-C-1] o.a.k.c.c.internals.ConsumerCoordinator  : [Consumer clientId=consumer-demand-service-group-1, groupId=demand-service-group] Successfully joined group with generation Generation{generationId=10, memberId='consumer-demand-service-group-1-65c3657f-f953-4dc1-8deb-aef31d653ce4', protocol='range'}
2026-06-22T14:34:47.575+05:30  INFO 80679 --- [demand-service] [ntainer#0-1-C-1] o.a.k.c.c.internals.ConsumerCoordinator  : [Consumer clientId=consumer-demand-service-group-2, groupId=demand-service-group] Successfully joined group with generation Generation{generationId=10, memberId='consumer-demand-service-group-2-31249ec6-d61b-4a78-ad25-ed196bf2e300', protocol='range'}
2026-06-22T14:34:47.575+05:30  INFO 80679 --- [demand-service] [ntainer#0-2-C-1] o.a.k.c.c.internals.ConsumerCoordinator  : [Consumer clientId=consumer-demand-service-group-3, groupId=demand-service-group] Successfully joined group with generation Generation{generationId=10, memberId='consumer-demand-service-group-3-c60f0293-368d-43de-a062-91ff4d259d59', protocol='range'}
2026-06-22T14:34:47.585+05:30  INFO 80679 --- [demand-service] [ntainer#0-2-C-1] o.a.k.c.c.internals.ConsumerCoordinator  : [Consumer clientId=consumer-demand-service-group-3, groupId=demand-service-group] Finished assignment for group at generation 10: {consumer-demand-service-group-1-65c3657f-f953-4dc1-8deb-aef31d653ce4=Assignment(partitions=[demand-events-0]), consumer-demand-service-group-2-31249ec6-d61b-4a78-ad25-ed196bf2e300=Assignment(partitions=[demand-events-1]), consumer-demand-service-group-3-c60f0293-368d-43de-a062-91ff4d259d59=Assignment(partitions=[demand-events-2])}
2026-06-22T14:34:47.595+05:30  INFO 80679 --- [demand-service] [ntainer#0-1-C-1] o.a.k.c.c.internals.ConsumerCoordinator  : [Consumer clientId=consumer-demand-service-group-2, groupId=demand-service-group] Successfully synced group in generation Generation{generationId=10, memberId='consumer-demand-service-group-2-31249ec6-d61b-4a78-ad25-ed196bf2e300', protocol='range'}
2026-06-22T14:34:47.595+05:30  INFO 80679 --- [demand-service] [ntainer#0-1-C-1] o.a.k.c.c.internals.ConsumerCoordinator  : [Consumer clientId=consumer-demand-service-group-2, groupId=demand-service-group] Notifying assignor about the new Assignment(partitions=[demand-events-1])
2026-06-22T14:34:47.596+05:30  INFO 80679 --- [demand-service] [ntainer#0-2-C-1] o.a.k.c.c.internals.ConsumerCoordinator  : [Consumer clientId=consumer-demand-service-group-3, groupId=demand-service-group] Successfully synced group in generation Generation{generationId=10, memberId='consumer-demand-service-group-3-c60f0293-368d-43de-a062-91ff4d259d59', protocol='range'}
2026-06-22T14:34:47.596+05:30  INFO 80679 --- [demand-service] [ntainer#0-2-C-1] o.a.k.c.c.internals.ConsumerCoordinator  : [Consumer clientId=consumer-demand-service-group-3, groupId=demand-service-group] Notifying assignor about the new Assignment(partitions=[demand-events-2])
2026-06-22T14:34:47.596+05:30  INFO 80679 --- [demand-service] [ntainer#0-0-C-1] o.a.k.c.c.internals.ConsumerCoordinator  : [Consumer clientId=consumer-demand-service-group-1, groupId=demand-service-group] Successfully synced group in generation Generation{generationId=10, memberId='consumer-demand-service-group-1-65c3657f-f953-4dc1-8deb-aef31d653ce4', protocol='range'}
2026-06-22T14:34:47.597+05:30  INFO 80679 --- [demand-service] [ntainer#0-0-C-1] o.a.k.c.c.internals.ConsumerCoordinator  : [Consumer clientId=consumer-demand-service-group-1, groupId=demand-service-group] Notifying assignor about the new Assignment(partitions=[demand-events-0])
2026-06-22T14:34:47.597+05:30  INFO 80679 --- [demand-service] [ntainer#0-1-C-1] k.c.c.i.ConsumerRebalanceListenerInvoker : [Consumer clientId=consumer-demand-service-group-2, groupId=demand-service-group] Adding newly assigned partitions: demand-events-1
2026-06-22T14:34:47.597+05:30  INFO 80679 --- [demand-service] [ntainer#0-2-C-1] k.c.c.i.ConsumerRebalanceListenerInvoker : [Consumer clientId=consumer-demand-service-group-3, groupId=demand-service-group] Adding newly assigned partitions: demand-events-2
2026-06-22T14:34:47.597+05:30  INFO 80679 --- [demand-service] [ntainer#0-0-C-1] k.c.c.i.ConsumerRebalanceListenerInvoker : [Consumer clientId=consumer-demand-service-group-1, groupId=demand-service-group] Adding newly assigned partitions: demand-events-0
2026-06-22T14:34:47.605+05:30  INFO 80679 --- [demand-service] [ntainer#0-1-C-1] o.a.k.c.c.internals.ConsumerCoordinator  : [Consumer clientId=consumer-demand-service-group-2, groupId=demand-service-group] Found no committed offset for partition demand-events-1
2026-06-22T14:34:47.605+05:30  INFO 80679 --- [demand-service] [ntainer#0-0-C-1] o.a.k.c.c.internals.ConsumerCoordinator  : [Consumer clientId=consumer-demand-service-group-1, groupId=demand-service-group] Found no committed offset for partition demand-events-0
2026-06-22T14:34:47.605+05:30  INFO 80679 --- [demand-service] [ntainer#0-2-C-1] o.a.k.c.c.internals.ConsumerCoordinator  : [Consumer clientId=consumer-demand-service-group-3, groupId=demand-service-group] Found no committed offset for partition demand-events-2
2026-06-22T14:34:47.619+05:30  INFO 80679 --- [demand-service] [ntainer#0-1-C-1] o.a.k.c.c.internals.SubscriptionState    : [Consumer clientId=consumer-demand-service-group-2, groupId=demand-service-group] Resetting offset for partition demand-events-1 to position FetchPosition{offset=0, offsetEpoch=Optional.empty, currentLeader=LeaderAndEpoch{leader=Optional[localhost:9092 (id: 1 rack: null)], epoch=0}}.
2026-06-22T14:34:47.619+05:30  INFO 80679 --- [demand-service] [ntainer#0-2-C-1] o.a.k.c.c.internals.SubscriptionState    : [Consumer clientId=consumer-demand-service-group-3, groupId=demand-service-group] Resetting offset for partition demand-events-2 to position FetchPosition{offset=0, offsetEpoch=Optional.empty, currentLeader=LeaderAndEpoch{leader=Optional[localhost:9092 (id: 1 rack: null)], epoch=0}}.
2026-06-22T14:34:47.619+05:30  INFO 80679 --- [demand-service] [ntainer#0-0-C-1] o.a.k.c.c.internals.SubscriptionState    : [Consumer clientId=consumer-demand-service-group-1, groupId=demand-service-group] Resetting offset for partition demand-events-0 to position FetchPosition{offset=0, offsetEpoch=Optional.empty, currentLeader=LeaderAndEpoch{leader=Optional[localhost:9092 (id: 1 rack: null)], epoch=0}}.
2026-06-22T14:34:47.619+05:30  INFO 80679 --- [demand-service] [ntainer#0-1-C-1] o.s.k.l.KafkaMessageListenerContainer    : demand-service-group: partitions assigned: [demand-events-1]
2026-06-22T14:34:47.619+05:30  INFO 80679 --- [demand-service] [ntainer#0-2-C-1] o.s.k.l.KafkaMessageListenerContainer    : demand-service-group: partitions assigned: [demand-events-2]
2026-06-22T14:34:47.619+05:30  INFO 80679 --- [demand-service] [ntainer#0-0-C-1] o.s.k.l.KafkaMessageListenerContainer    : demand-service-group: partitions assigned: [demand-events-0]
2026-06-22T14:43:31.102+05:30  INFO 80679 --- [demand-service] [nio-8081-exec-2] o.a.c.c.C.[Tomcat].[localhost].[/]       : Initializing Spring DispatcherServlet 'dispatcherServlet'
2026-06-22T14:43:31.103+05:30  INFO 80679 --- [demand-service] [nio-8081-exec-2] o.s.web.servlet.DispatcherServlet        : Initializing Servlet 'dispatcherServlet'
2026-06-22T14:43:31.111+05:30  INFO 80679 --- [demand-service] [nio-8081-exec-2] o.s.web.servlet.DispatcherServlet        : Completed initialization in 6 ms
2026-06-22T14:43:31.163+05:30  WARN 80679 --- [demand-service] [nio-8081-exec-2] c.t.d.exception.DemandExceptionHandler   : Malformed JSON request: JSON parse error: Cannot deserialize value of type `com.talentgrid.demand.domain.enums.SeniorityLevel` from String "SENIOR": not one of the values accepted for Enum class: [D3_SENIOR, D1_SENIOR_ASSOCIATE, T2_MID, T7_DISTINGUISHED, D0_ASSOCIATE, D6_SENIOR_DIRECTOR, T5_SENIOR_STAFF, T3_SENIOR, T6_PRINCIPAL, T0_INTERN, IC0, D2_MID, D5_DIRECTOR, D4_PRINCIPAL, T4_STAFF, T1_JUNIOR]
2026-06-22T14:43:47.646+05:30  INFO 80679 --- [demand-service] [ntainer#0-2-C-1] org.apache.kafka.clients.NetworkClient   : [Consumer clientId=consumer-demand-service-group-3, groupId=demand-service-group] Node -1 disconnected.
2026-06-22T14:43:47.646+05:30  INFO 80679 --- [demand-service] [ntainer#0-1-C-1] org.apache.kafka.clients.NetworkClient   : [Consumer clientId=consumer-demand-service-group-2, groupId=demand-service-group] Node -1 disconnected.
2026-06-22T14:43:47.646+05:30  INFO 80679 --- [demand-service] [ntainer#0-0-C-1] org.apache.kafka.clients.NetworkClient   : [Consumer clientId=consumer-demand-service-group-1, groupId=demand-service-group] Node -1 disconnected.
2026-06-22T14:44:24.424+05:30  WARN 80679 --- [demand-service] [nio-8081-exec-4] c.t.d.exception.DemandExceptionHandler   : Malformed JSON request: JSON parse error: Cannot deserialize value of type `com.talentgrid.demand.domain.enums.SeniorityLevel` from String "SENIOR": not one of the values accepted for Enum class: [D3_SENIOR, D1_SENIOR_ASSOCIATE, T2_MID, T7_DISTINGUISHED, D0_ASSOCIATE, D6_SENIOR_DIRECTOR, T5_SENIOR_STAFF, T3_SENIOR, T6_PRINCIPAL, T0_INTERN, IC0, D2_MID, D5_DIRECTOR, D4_PRINCIPAL, T4_STAFF, T1_JUNIOR]
2026-06-22T14:46:43.231+05:30  WARN 80679 --- [demand-service] [nio-8081-exec-6] c.t.demand.service.DemandService         : Could not fetch account details for id=101: [401] during [GET] to [http://localhost:8080/api/accounts/101] [UserAuthServiceClient#getAccountById(Long)]: [{
  "error": "Unauthorized"
}
]
2026-06-22T14:46:43.235+05:30  WARN 80679 --- [demand-service] [nio-8081-exec-6] c.t.demand.service.DemandService         : Could not fetch project details for id=5001: [401] during [GET] to [http://localhost:8080/api/projects/5001] [UserAuthServiceClient#getProjectById(Long)]: [{
  "error": "Unauthorized"
}
]
Hibernate: insert into demands (account_id,account_name,approved_at,approved_by,approver_name,assigned_recruiter,assigned_recruiter_name,assigned_rm,assigned_rm_name,budget,business_unit,closure_reason,created_at,created_by,creator_email,creator_name,description,employment_type,external_filled_count,internal_filled_count,is_deleted,level,location,previous_status,priority,project_id,project_name,recruited_count,req_util_perc,required_count,search_start_at,skills,status,target_date,title,updated_at,version) values (?,?,?,?,?,?,?,?,?,?,?,?,?,?,?,?,?,?,?,?,?,?,?,?,?,?,?,?,?,?,?,?,?,?,?,?,?)
2026-06-22T14:46:43.314+05:30  INFO 80679 --- [demand-service] [nio-8081-exec-6] o.a.k.clients.producer.ProducerConfig    : ProducerConfig values: 
	acks = -1
	auto.include.jmx.reporter = true
	batch.size = 16384
	bootstrap.servers = [localhost:9092]
	buffer.memory = 33554432
	client.dns.lookup = use_all_dns_ips
	client.id = demand-service-producer-1
	compression.gzip.level = -1
	compression.lz4.level = 9
	compression.type = none
	compression.zstd.level = 3
	connections.max.idle.ms = 540000
	delivery.timeout.ms = 120000
	enable.idempotence = true
	enable.metrics.push = true
	interceptor.classes = []
	key.serializer = class org.apache.kafka.common.serialization.StringSerializer
	linger.ms = 0
	max.block.ms = 60000
	max.in.flight.requests.per.connection = 5
	max.request.size = 1048576
	metadata.max.age.ms = 300000
	metadata.max.idle.ms = 300000
	metadata.recovery.strategy = none
	metric.reporters = []
	metrics.num.samples = 2
	metrics.recording.level = INFO
	metrics.sample.window.ms = 30000
	partitioner.adaptive.partitioning.enable = true
	partitioner.availability.timeout.ms = 0
	partitioner.class = null
	partitioner.ignore.keys = false
	receive.buffer.bytes = 32768
	reconnect.backoff.max.ms = 1000
	reconnect.backoff.ms = 50
	request.timeout.ms = 30000
	retries = 2147483647
	retry.backoff.max.ms = 1000
	retry.backoff.ms = 100
	sasl.client.callback.handler.class = null
	sasl.jaas.config = null
	sasl.kerberos.kinit.cmd = /usr/bin/kinit
	sasl.kerberos.min.time.before.relogin = 60000
	sasl.kerberos.service.name = null
	sasl.kerberos.ticket.renew.jitter = 0.05
	sasl.kerberos.ticket.renew.window.factor = 0.8
	sasl.login.callback.handler.class = null
	sasl.login.class = null
	sasl.login.connect.timeout.ms = null
	sasl.login.read.timeout.ms = null
	sasl.login.refresh.buffer.seconds = 300
	sasl.login.refresh.min.period.seconds = 60
	sasl.login.refresh.window.factor = 0.8
	sasl.login.refresh.window.jitter = 0.05
	sasl.login.retry.backoff.max.ms = 10000
	sasl.login.retry.backoff.ms = 100
	sasl.mechanism = GSSAPI
	sasl.oauthbearer.clock.skew.seconds = 30
	sasl.oauthbearer.expected.audience = null
	sasl.oauthbearer.expected.issuer = null
	sasl.oauthbearer.jwks.endpoint.refresh.ms = 3600000
	sasl.oauthbearer.jwks.endpoint.retry.backoff.max.ms = 10000
	sasl.oauthbearer.jwks.endpoint.retry.backoff.ms = 100
	sasl.oauthbearer.jwks.endpoint.url = null
	sasl.oauthbearer.scope.claim.name = scope
	sasl.oauthbearer.sub.claim.name = sub
	sasl.oauthbearer.token.endpoint.url = null
	security.protocol = PLAINTEXT
	security.providers = null
	send.buffer.bytes = 131072
	socket.connection.setup.timeout.max.ms = 30000
	socket.connection.setup.timeout.ms = 10000
	ssl.cipher.suites = null
	ssl.enabled.protocols = [TLSv1.2, TLSv1.3]
	ssl.endpoint.identification.algorithm = https
	ssl.engine.factory.class = null
	ssl.key.password = null
	ssl.keymanager.algorithm = SunX509
	ssl.keystore.certificate.chain = null
	ssl.keystore.key = null
	ssl.keystore.location = null
	ssl.keystore.password = null
	ssl.keystore.type = JKS
	ssl.protocol = TLSv1.3
	ssl.provider = null
	ssl.secure.random.implementation = null
	ssl.trustmanager.algorithm = PKIX
	ssl.truststore.certificates = null
	ssl.truststore.location = null
	ssl.truststore.password = null
	ssl.truststore.type = JKS
	transaction.timeout.ms = 60000
	transactional.id = null
	value.serializer = class org.springframework.kafka.support.serializer.JsonSerializer

2026-06-22T14:46:43.314+05:30  INFO 80679 --- [demand-service] [nio-8081-exec-6] o.a.k.c.t.i.KafkaMetricsCollector        : initializing Kafka metrics collector
2026-06-22T14:46:43.321+05:30  INFO 80679 --- [demand-service] [nio-8081-exec-6] o.a.k.clients.producer.KafkaProducer     : [Producer clientId=demand-service-producer-1] Instantiated an idempotent producer.
2026-06-22T14:46:43.329+05:30  INFO 80679 --- [demand-service] [nio-8081-exec-6] o.a.kafka.common.utils.AppInfoParser     : Kafka version: 3.8.1
2026-06-22T14:46:43.329+05:30  INFO 80679 --- [demand-service] [nio-8081-exec-6] o.a.kafka.common.utils.AppInfoParser     : Kafka commitId: 70d6ff42debf7e17
2026-06-22T14:46:43.329+05:30  INFO 80679 --- [demand-service] [nio-8081-exec-6] o.a.kafka.common.utils.AppInfoParser     : Kafka startTimeMs: 1782119803329
2026-06-22T14:46:43.337+05:30  INFO 80679 --- [demand-service] [vice-producer-1] org.apache.kafka.clients.Metadata        : [Producer clientId=demand-service-producer-1] Cluster ID: FZ5fgxe8QsiYlf7uOpvVWA
2026-06-22T14:46:43.340+05:30  INFO 80679 --- [demand-service] [vice-producer-1] o.a.k.c.p.internals.TransactionManager   : [Producer clientId=demand-service-producer-1] ProducerId set to 16 with epoch 0
2026-06-22T14:46:43.350+05:30  INFO 80679 --- [demand-service] [nio-8081-exec-6] c.t.audit.client.AuditLogClient          : Audit event published | entityType=DEMAND | entityId=4 | action=CREATE
2026-06-22T14:46:43.350+05:30  INFO 80679 --- [demand-service] [nio-8081-exec-6] c.t.demand.service.DemandService         : Demand created successfully with id=4
2026-06-22T14:46:43.370+05:30  INFO 80679 --- [demand-service] [vice-producer-1] c.t.kafka.producer.KafkaProducerService  : Event published successfully | topic=system-events | partition=0 | offset=49 | eventType=AUDIT_LOG_ENTRY
Hibernate: select d1_0.demand_id,d1_0.account_id,d1_0.account_name,d1_0.approved_at,d1_0.approved_by,d1_0.approver_name,d1_0.assigned_recruiter,d1_0.assigned_recruiter_name,d1_0.assigned_rm,d1_0.assigned_rm_name,d1_0.budget,d1_0.business_unit,d1_0.closure_reason,d1_0.created_at,d1_0.created_by,d1_0.creator_email,d1_0.creator_name,d1_0.description,d1_0.employment_type,d1_0.external_filled_count,d1_0.internal_filled_count,d1_0.is_deleted,d1_0.level,d1_0.location,d1_0.previous_status,d1_0.priority,d1_0.project_id,d1_0.project_name,d1_0.recruited_count,d1_0.req_util_perc,d1_0.required_count,d1_0.search_start_at,d1_0.skills,d1_0.status,d1_0.target_date,d1_0.title,d1_0.updated_at,d1_0.version from demands d1_0 where d1_0.demand_id=? and not(d1_0.is_deleted)
2026-06-22T14:46:56.718+05:30  INFO 80679 --- [demand-service] [nio-8081-exec-7] c.t.demand.service.DemandQueryService    : Fetched demand details for id=4
Hibernate: select d1_0.demand_id,d1_0.account_id,d1_0.account_name,d1_0.approved_at,d1_0.approved_by,d1_0.approver_name,d1_0.assigned_recruiter,d1_0.assigned_recruiter_name,d1_0.assigned_rm,d1_0.assigned_rm_name,d1_0.budget,d1_0.business_unit,d1_0.closure_reason,d1_0.created_at,d1_0.created_by,d1_0.creator_email,d1_0.creator_name,d1_0.description,d1_0.employment_type,d1_0.external_filled_count,d1_0.internal_filled_count,d1_0.is_deleted,d1_0.level,d1_0.location,d1_0.previous_status,d1_0.priority,d1_0.project_id,d1_0.project_name,d1_0.recruited_count,d1_0.req_util_perc,d1_0.required_count,d1_0.search_start_at,d1_0.skills,d1_0.status,d1_0.target_date,d1_0.title,d1_0.updated_at,d1_0.version from demands d1_0 where d1_0.is_deleted=false and (? is null or d1_0.status=?) and (? is null or d1_0.priority=?) and (? is null or d1_0.business_unit=?) and (? is null or d1_0.account_name=?) and (? is null or d1_0.location=?) and (? is null or d1_0.employment_type=?) order by d1_0.created_at desc fetch first ? rows only
2026-06-22T14:47:08.293+05:30  WARN 80679 --- [demand-service] [nio-8081-exec-8] ration$PageModule$WarningLoggingModifier : Serializing PageImpl instances as-is is not supported, meaning that there is no guarantee about the stability of the resulting JSON structure!
	For a stable JSON structure, please use Spring Data's PagedModel (globally via @EnableSpringDataWebSupport(pageSerializationMode = VIA_DTO))
	or Spring HATEOAS and Spring Data's PagedResourcesAssembler as documented in https://docs.spring.io/spring-data/commons/reference/repositories/core-extensions.html#core.web.pageables.

2026-06-22T14:53:47.598+05:30  INFO 80679 --- [demand-service] [ntainer#0-1-C-1] org.apache.kafka.clients.NetworkClient   : [Consumer clientId=consumer-demand-service-group-2, groupId=demand-service-group] Node -1 disconnected.
2026-06-22T14:53:47.598+05:30  INFO 80679 --- [demand-service] [ntainer#0-0-C-1] org.apache.kafka.clients.NetworkClient   : [Consumer clientId=consumer-demand-service-group-1, groupId=demand-service-group] Node -1 disconnected.
2026-06-22T14:53:47.617+05:30  INFO 80679 --- [demand-service] [ntainer#0-2-C-1] org.apache.kafka.clients.NetworkClient   : [Consumer clientId=consumer-demand-service-group-3, groupId=demand-service-group] Node -1 disconnected.
2026-06-22T14:55:43.370+05:30  INFO 80679 --- [demand-service] [vice-producer-1] org.apache.kafka.clients.NetworkClient   : [Producer clientId=demand-service-producer-1] Node -1 disconnected.
Hibernate: select d1_0.demand_id,d1_0.account_id,d1_0.account_name,d1_0.approved_at,d1_0.approved_by,d1_0.approver_name,d1_0.assigned_recruiter,d1_0.assigned_recruiter_name,d1_0.assigned_rm,d1_0.assigned_rm_name,d1_0.budget,d1_0.business_unit,d1_0.closure_reason,d1_0.created_at,d1_0.created_by,d1_0.creator_email,d1_0.creator_name,d1_0.description,d1_0.employment_type,d1_0.external_filled_count,d1_0.internal_filled_count,d1_0.is_deleted,d1_0.level,d1_0.location,d1_0.previous_status,d1_0.priority,d1_0.project_id,d1_0.project_name,d1_0.recruited_count,d1_0.req_util_perc,d1_0.required_count,d1_0.search_start_at,d1_0.skills,d1_0.status,d1_0.target_date,d1_0.title,d1_0.updated_at,d1_0.version from demands d1_0 where d1_0.demand_id=? and not(d1_0.is_deleted)
2026-06-22T14:59:09.936+05:30  INFO 80679 --- [demand-service] [io-8081-exec-10] c.t.demand.service.DemandQueryService    : Fetched demand details for id=4
2026-06-22T15:05:43.379+05:30  INFO 80679 --- [demand-service] [vice-producer-1] org.apache.kafka.clients.NetworkClient   : [Producer clientId=demand-service-producer-1] Node -1 disconnected.
2026-06-22T15:55:36.946+05:30  INFO 80679 --- [demand-service] [ntainer#0-2-C-1] org.apache.kafka.clients.NetworkClient   : [Consumer clientId=consumer-demand-service-group-3, groupId=demand-service-group] Disconnecting from node 1 due to request timeout.
2026-06-22T15:55:36.945+05:30  INFO 80679 --- [demand-service] [ntainer#0-1-C-1] org.apache.kafka.clients.NetworkClient   : [Consumer clientId=consumer-demand-service-group-2, groupId=demand-service-group] Disconnecting from node 1 due to request timeout.
2026-06-22T15:55:37.050+05:30  INFO 80679 --- [demand-service] [ntainer#0-1-C-1] org.apache.kafka.clients.NetworkClient   : [Consumer clientId=consumer-demand-service-group-2, groupId=demand-service-group] Cancelled in-flight FETCH request with correlation id 10794 due to node 1 being disconnected (elapsed time since creation: 195107ms, elapsed time since send: 195107ms, throttle time: 0ms, request timeout: 30000ms)
2026-06-22T15:55:37.051+05:30  INFO 80679 --- [demand-service] [ntainer#0-2-C-1] org.apache.kafka.clients.NetworkClient   : [Consumer clientId=consumer-demand-service-group-3, groupId=demand-service-group] Cancelled in-flight FETCH request with correlation id 10797 due to node 1 being disconnected (elapsed time since creation: 195107ms, elapsed time since send: 195107ms, throttle time: 0ms, request timeout: 30000ms)
2026-06-22T15:55:37.071+05:30  INFO 80679 --- [demand-service] [d-service-group] o.a.k.c.c.internals.ConsumerCoordinator  : [Consumer clientId=consumer-demand-service-group-1, groupId=demand-service-group] Group coordinator localhost:9092 (id: 2147483646 rack: null) is unavailable or invalid due to cause: session timed out without receiving a heartbeat response. isDisconnected: false. Rediscovery will be attempted.
2026-06-22T15:55:37.073+05:30  INFO 80679 --- [demand-service] [d-service-group] o.a.k.c.c.internals.ConsumerCoordinator  : [Consumer clientId=consumer-demand-service-group-1, groupId=demand-service-group] Requesting disconnect from last known coordinator localhost:9092 (id: 2147483646 rack: null)
2026-06-22T15:55:37.117+05:30  INFO 80679 --- [demand-service] [d-service-group] org.apache.kafka.clients.NetworkClient   : [Consumer clientId=consumer-demand-service-group-1, groupId=demand-service-group] Client requested disconnect from node 2147483646
2026-06-22T15:55:37.127+05:30  INFO 80679 --- [demand-service] [d-service-group] o.a.k.c.c.internals.ConsumerCoordinator  : [Consumer clientId=consumer-demand-service-group-3, groupId=demand-service-group] Group coordinator localhost:9092 (id: 2147483646 rack: null) is unavailable or invalid due to cause: session timed out without receiving a heartbeat response. isDisconnected: false. Rediscovery will be attempted.
2026-06-22T15:55:37.127+05:30  INFO 80679 --- [demand-service] [d-service-group] o.a.k.c.c.internals.ConsumerCoordinator  : [Consumer clientId=consumer-demand-service-group-3, groupId=demand-service-group] Requesting disconnect from last known coordinator localhost:9092 (id: 2147483646 rack: null)
2026-06-22T15:55:37.127+05:30  INFO 80679 --- [demand-service] [d-service-group] org.apache.kafka.clients.NetworkClient   : [Consumer clientId=consumer-demand-service-group-3, groupId=demand-service-group] Client requested disconnect from node 2147483646
2026-06-22T15:55:37.127+05:30  INFO 80679 --- [demand-service] [d-service-group] o.a.k.c.c.internals.ConsumerCoordinator  : [Consumer clientId=consumer-demand-service-group-2, groupId=demand-service-group] Group coordinator localhost:9092 (id: 2147483646 rack: null) is unavailable or invalid due to cause: session timed out without receiving a heartbeat response. isDisconnected: false. Rediscovery will be attempted.
2026-06-22T15:55:37.127+05:30  INFO 80679 --- [demand-service] [d-service-group] o.a.k.c.c.internals.ConsumerCoordinator  : [Consumer clientId=consumer-demand-service-group-2, groupId=demand-service-group] Requesting disconnect from last known coordinator localhost:9092 (id: 2147483646 rack: null)
2026-06-22T15:55:37.128+05:30  INFO 80679 --- [demand-service] [d-service-group] org.apache.kafka.clients.NetworkClient   : [Consumer clientId=consumer-demand-service-group-2, groupId=demand-service-group] Client requested disconnect from node 2147483646
2026-06-22T15:55:37.160+05:30  INFO 80679 --- [demand-service] [ntainer#0-0-C-1] o.a.k.c.c.internals.ConsumerCoordinator  : [Consumer clientId=consumer-demand-service-group-1, groupId=demand-service-group] Discovered group coordinator localhost:9092 (id: 2147483646 rack: null)
2026-06-22T15:55:37.161+05:30  INFO 80679 --- [demand-service] [ntainer#0-0-C-1] o.a.k.c.c.internals.ConsumerCoordinator  : [Consumer clientId=consumer-demand-service-group-1, groupId=demand-service-group] Group coordinator localhost:9092 (id: 2147483646 rack: null) is unavailable or invalid due to cause: coordinator unavailable. isDisconnected: false. Rediscovery will be attempted.
2026-06-22T15:55:37.161+05:30  INFO 80679 --- [demand-service] [ntainer#0-0-C-1] o.a.k.c.c.internals.ConsumerCoordinator  : [Consumer clientId=consumer-demand-service-group-1, groupId=demand-service-group] Requesting disconnect from last known coordinator localhost:9092 (id: 2147483646 rack: null)
2026-06-22T15:55:37.130+05:30  INFO 80679 --- [demand-service] [ntainer#0-2-C-1] o.a.kafka.clients.FetchSessionHandler    : [Consumer clientId=consumer-demand-service-group-3, groupId=demand-service-group] Error sending fetch request (sessionId=993070512, epoch=9205) to node 1:

org.apache.kafka.common.errors.DisconnectException: null

2026-06-22T15:55:37.130+05:30  INFO 80679 --- [demand-service] [ntainer#0-1-C-1] o.a.kafka.clients.FetchSessionHandler    : [Consumer clientId=consumer-demand-service-group-2, groupId=demand-service-group] Error sending fetch request (sessionId=244499166, epoch=9202) to node 1:

org.apache.kafka.common.errors.DisconnectException: null

2026-06-22T15:55:37.225+05:30  INFO 80679 --- [demand-service] [ntainer#0-2-C-1] o.a.k.c.c.internals.ConsumerCoordinator  : [Consumer clientId=consumer-demand-service-group-3, groupId=demand-service-group] Discovered group coordinator localhost:9092 (id: 2147483646 rack: null)
2026-06-22T15:55:37.226+05:30  INFO 80679 --- [demand-service] [ntainer#0-1-C-1] o.a.k.c.c.internals.ConsumerCoordinator  : [Consumer clientId=consumer-demand-service-group-2, groupId=demand-service-group] Discovered group coordinator localhost:9092 (id: 2147483646 rack: null)
2026-06-22T15:55:37.226+05:30  INFO 80679 --- [demand-service] [ntainer#0-1-C-1] o.a.k.c.c.internals.ConsumerCoordinator  : [Consumer clientId=consumer-demand-service-group-2, groupId=demand-service-group] Discovered group coordinator localhost:9092 (id: 2147483646 rack: null)
2026-06-22T15:55:37.263+05:30  INFO 80679 --- [demand-service] [ntainer#0-0-C-1] o.a.k.c.c.internals.ConsumerCoordinator  : [Consumer clientId=consumer-demand-service-group-1, groupId=demand-service-group] Discovered group coordinator localhost:9092 (id: 2147483646 rack: null)
2026-06-22T15:55:56.697+05:30  WARN 80679 --- [demand-service] [l-1 housekeeper] com.zaxxer.hikari.pool.HikariPool        : HikariPool-1 - Thread starvation or clock leap detected (housekeeper delta=3m48s79ms).
2026-06-22T16:00:32.404+05:30  INFO 80679 --- [demand-service] [d-service-group] o.a.k.c.c.internals.ConsumerCoordinator  : [Consumer clientId=consumer-demand-service-group-2, groupId=demand-service-group] Group coordinator localhost:9092 (id: 2147483646 rack: null) is unavailable or invalid due to cause: session timed out without receiving a heartbeat response. isDisconnected: false. Rediscovery will be attempted.
2026-06-22T16:00:32.404+05:30  INFO 80679 --- [demand-service] [d-service-group] o.a.k.c.c.internals.ConsumerCoordinator  : [Consumer clientId=consumer-demand-service-group-1, groupId=demand-service-group] Group coordinator localhost:9092 (id: 2147483646 rack: null) is unavailable or invalid due to cause: session timed out without receiving a heartbeat response. isDisconnected: false. Rediscovery will be attempted.
2026-06-22T16:00:32.404+05:30  INFO 80679 --- [demand-service] [d-service-group] o.a.k.c.c.internals.ConsumerCoordinator  : [Consumer clientId=consumer-demand-service-group-2, groupId=demand-service-group] Requesting disconnect from last known coordinator localhost:9092 (id: 2147483646 rack: null)
2026-06-22T16:00:32.404+05:30  INFO 80679 --- [demand-service] [d-service-group] o.a.k.c.c.internals.ConsumerCoordinator  : [Consumer clientId=consumer-demand-service-group-3, groupId=demand-service-group] Group coordinator localhost:9092 (id: 2147483646 rack: null) is unavailable or invalid due to cause: session timed out without receiving a heartbeat response. isDisconnected: false. Rediscovery will be attempted.
2026-06-22T16:00:32.405+05:30  INFO 80679 --- [demand-service] [d-service-group] org.apache.kafka.clients.NetworkClient   : [Consumer clientId=consumer-demand-service-group-2, groupId=demand-service-group] Client requested disconnect from node 2147483646
2026-06-22T16:00:32.404+05:30  INFO 80679 --- [demand-service] [d-service-group] o.a.k.c.c.internals.ConsumerCoordinator  : [Consumer clientId=consumer-demand-service-group-1, groupId=demand-service-group] Requesting disconnect from last known coordinator localhost:9092 (id: 2147483646 rack: null)
2026-06-22T16:00:32.406+05:30  INFO 80679 --- [demand-service] [d-service-group] org.apache.kafka.clients.NetworkClient   : [Consumer clientId=consumer-demand-service-group-1, groupId=demand-service-group] Client requested disconnect from node 2147483646
2026-06-22T16:00:32.405+05:30  INFO 80679 --- [demand-service] [d-service-group] o.a.k.c.c.internals.ConsumerCoordinator  : [Consumer clientId=consumer-demand-service-group-3, groupId=demand-service-group] Requesting disconnect from last known coordinator localhost:9092 (id: 2147483646 rack: null)
2026-06-22T16:00:32.410+05:30  INFO 80679 --- [demand-service] [d-service-group] org.apache.kafka.clients.NetworkClient   : [Consumer clientId=consumer-demand-service-group-3, groupId=demand-service-group] Client requested disconnect from node 2147483646
2026-06-22T16:00:32.415+05:30  INFO 80679 --- [demand-service] [ntainer#0-2-C-1] o.a.k.c.c.internals.ConsumerCoordinator  : [Consumer clientId=consumer-demand-service-group-3, groupId=demand-service-group] Discovered group coordinator localhost:9092 (id: 2147483646 rack: null)
2026-06-22T16:00:32.415+05:30  INFO 80679 --- [demand-service] [ntainer#0-1-C-1] o.a.k.c.c.internals.ConsumerCoordinator  : [Consumer clientId=consumer-demand-service-group-2, groupId=demand-service-group] Discovered group coordinator localhost:9092 (id: 2147483646 rack: null)
2026-06-22T16:00:32.415+05:30  INFO 80679 --- [demand-service] [ntainer#0-0-C-1] o.a.k.c.c.internals.ConsumerCoordinator  : [Consumer clientId=consumer-demand-service-group-1, groupId=demand-service-group] Discovered group coordinator localhost:9092 (id: 2147483646 rack: null)
2026-06-22T16:00:32.416+05:30  INFO 80679 --- [demand-service] [ntainer#0-2-C-1] o.a.k.c.c.internals.ConsumerCoordinator  : [Consumer clientId=consumer-demand-service-group-3, groupId=demand-service-group] Group coordinator localhost:9092 (id: 2147483646 rack: null) is unavailable or invalid due to cause: coordinator unavailable. isDisconnected: false. Rediscovery will be attempted.
2026-06-22T16:00:32.416+05:30  INFO 80679 --- [demand-service] [ntainer#0-1-C-1] o.a.k.c.c.internals.ConsumerCoordinator  : [Consumer clientId=consumer-demand-service-group-2, groupId=demand-service-group] Group coordinator localhost:9092 (id: 2147483646 rack: null) is unavailable or invalid due to cause: coordinator unavailable. isDisconnected: false. Rediscovery will be attempted.
2026-06-22T16:00:32.416+05:30  INFO 80679 --- [demand-service] [ntainer#0-0-C-1] o.a.k.c.c.internals.ConsumerCoordinator  : [Consumer clientId=consumer-demand-service-group-1, groupId=demand-service-group] Group coordinator localhost:9092 (id: 2147483646 rack: null) is unavailable or invalid due to cause: coordinator unavailable. isDisconnected: false. Rediscovery will be attempted.
2026-06-22T16:00:32.416+05:30  INFO 80679 --- [demand-service] [ntainer#0-2-C-1] o.a.k.c.c.internals.ConsumerCoordinator  : [Consumer clientId=consumer-demand-service-group-3, groupId=demand-service-group] Requesting disconnect from last known coordinator localhost:9092 (id: 2147483646 rack: null)
2026-06-22T16:00:32.416+05:30  INFO 80679 --- [demand-service] [ntainer#0-1-C-1] o.a.k.c.c.internals.ConsumerCoordinator  : [Consumer clientId=consumer-demand-service-group-2, groupId=demand-service-group] Requesting disconnect from last known coordinator localhost:9092 (id: 2147483646 rack: null)
2026-06-22T16:00:32.416+05:30  INFO 80679 --- [demand-service] [ntainer#0-0-C-1] o.a.k.c.c.internals.ConsumerCoordinator  : [Consumer clientId=consumer-demand-service-group-1, groupId=demand-service-group] Requesting disconnect from last known coordinator localhost:9092 (id: 2147483646 rack: null)
2026-06-22T16:00:32.518+05:30  INFO 80679 --- [demand-service] [ntainer#0-2-C-1] o.a.k.c.c.internals.ConsumerCoordinator  : [Consumer clientId=consumer-demand-service-group-3, groupId=demand-service-group] Discovered group coordinator localhost:9092 (id: 2147483646 rack: null)
2026-06-22T16:00:32.611+05:30  INFO 80679 --- [demand-service] [ntainer#0-0-C-1] o.a.k.c.c.internals.ConsumerCoordinator  : [Consumer clientId=consumer-demand-service-group-1, groupId=demand-service-group] Discovered group coordinator localhost:9092 (id: 2147483646 rack: null)
2026-06-22T16:00:32.611+05:30  INFO 80679 --- [demand-service] [ntainer#0-1-C-1] o.a.k.c.c.internals.ConsumerCoordinator  : [Consumer clientId=consumer-demand-service-group-2, groupId=demand-service-group] Discovered group coordinator localhost:9092 (id: 2147483646 rack: null)
2026-06-22T16:00:59.457+05:30  WARN 80679 --- [demand-service] [l-1 housekeeper] com.zaxxer.hikari.pool.HikariPool        : HikariPool-1 - Thread starvation or clock leap detected (housekeeper delta=5m2s761ms).
2026-06-22T17:04:12.235+05:30  INFO 80679 --- [demand-service] [ntainer#0-2-C-1] org.apache.kafka.clients.NetworkClient   : [Consumer clientId=consumer-demand-service-group-3, groupId=demand-service-group] Disconnecting from node 1 due to request timeout.
2026-06-22T17:04:12.236+05:30  INFO 80679 --- [demand-service] [ntainer#0-1-C-1] org.apache.kafka.clients.NetworkClient   : [Consumer clientId=consumer-demand-service-group-2, groupId=demand-service-group] Disconnecting from node 1 due to request timeout.
2026-06-22T17:04:12.235+05:30  INFO 80679 --- [demand-service] [ntainer#0-0-C-1] org.apache.kafka.clients.NetworkClient   : [Consumer clientId=consumer-demand-service-group-1, groupId=demand-service-group] Disconnecting from node 1 due to request timeout.
2026-06-22T17:04:12.358+05:30  INFO 80679 --- [demand-service] [ntainer#0-0-C-1] org.apache.kafka.clients.NetworkClient   : [Consumer clientId=consumer-demand-service-group-1, groupId=demand-service-group] Cancelled in-flight FETCH request with correlation id 17603 due to node 1 being disconnected (elapsed time since creation: 906242ms, elapsed time since send: 906242ms, throttle time: 0ms, request timeout: 30000ms)
2026-06-22T17:04:12.358+05:30  INFO 80679 --- [demand-service] [ntainer#0-2-C-1] org.apache.kafka.clients.NetworkClient   : [Consumer clientId=consumer-demand-service-group-3, groupId=demand-service-group] Cancelled in-flight FETCH request with correlation id 17601 due to node 1 being disconnected (elapsed time since creation: 906240ms, elapsed time since send: 906240ms, throttle time: 0ms, request timeout: 30000ms)
2026-06-22T17:04:12.358+05:30  INFO 80679 --- [demand-service] [ntainer#0-1-C-1] org.apache.kafka.clients.NetworkClient   : [Consumer clientId=consumer-demand-service-group-2, groupId=demand-service-group] Cancelled in-flight FETCH request with correlation id 17597 due to node 1 being disconnected (elapsed time since creation: 906240ms, elapsed time since send: 906240ms, throttle time: 0ms, request timeout: 30000ms)
2026-06-22T17:04:12.362+05:30  INFO 80679 --- [demand-service] [ntainer#0-2-C-1] o.a.kafka.clients.FetchSessionHandler    : [Consumer clientId=consumer-demand-service-group-3, groupId=demand-service-group] Error sending fetch request (sessionId=459111345, epoch=5797) to node 1:

org.apache.kafka.common.errors.DisconnectException: null

2026-06-22T17:04:12.362+05:30  INFO 80679 --- [demand-service] [ntainer#0-0-C-1] o.a.kafka.clients.FetchSessionHandler    : [Consumer clientId=consumer-demand-service-group-1, groupId=demand-service-group] Error sending fetch request (sessionId=804301119, epoch=15005) to node 1:

org.apache.kafka.common.errors.DisconnectException: null

2026-06-22T17:04:12.359+05:30  INFO 80679 --- [demand-service] [ntainer#0-1-C-1] o.a.kafka.clients.FetchSessionHandler    : [Consumer clientId=consumer-demand-service-group-2, groupId=demand-service-group] Error sending fetch request (sessionId=722627590, epoch=5795) to node 1:

org.apache.kafka.common.errors.DisconnectException: null

2026-06-22T17:04:12.363+05:30  INFO 80679 --- [demand-service] [d-service-group] o.a.k.c.c.internals.ConsumerCoordinator  : [Consumer clientId=consumer-demand-service-group-1, groupId=demand-service-group] Group coordinator localhost:9092 (id: 2147483646 rack: null) is unavailable or invalid due to cause: session timed out without receiving a heartbeat response. isDisconnected: false. Rediscovery will be attempted.
2026-06-22T17:04:12.363+05:30  INFO 80679 --- [demand-service] [d-service-group] o.a.k.c.c.internals.ConsumerCoordinator  : [Consumer clientId=consumer-demand-service-group-1, groupId=demand-service-group] Requesting disconnect from last known coordinator localhost:9092 (id: 2147483646 rack: null)
2026-06-22T17:04:12.363+05:30  INFO 80679 --- [demand-service] [d-service-group] o.a.k.c.c.internals.ConsumerCoordinator  : [Consumer clientId=consumer-demand-service-group-2, groupId=demand-service-group] Group coordinator localhost:9092 (id: 2147483646 rack: null) is unavailable or invalid due to cause: session timed out without receiving a heartbeat response. isDisconnected: false. Rediscovery will be attempted.
2026-06-22T17:04:12.363+05:30  INFO 80679 --- [demand-service] [d-service-group] o.a.k.c.c.internals.ConsumerCoordinator  : [Consumer clientId=consumer-demand-service-group-2, groupId=demand-service-group] Requesting disconnect from last known coordinator localhost:9092 (id: 2147483646 rack: null)
2026-06-22T17:04:12.363+05:30  INFO 80679 --- [demand-service] [d-service-group] org.apache.kafka.clients.NetworkClient   : [Consumer clientId=consumer-demand-service-group-1, groupId=demand-service-group] Client requested disconnect from node 2147483646
2026-06-22T17:04:12.363+05:30  INFO 80679 --- [demand-service] [d-service-group] o.a.k.c.c.internals.ConsumerCoordinator  : [Consumer clientId=consumer-demand-service-group-3, groupId=demand-service-group] Group coordinator localhost:9092 (id: 2147483646 rack: null) is unavailable or invalid due to cause: session timed out without receiving a heartbeat response. isDisconnected: false. Rediscovery will be attempted.
2026-06-22T17:04:12.363+05:30  INFO 80679 --- [demand-service] [d-service-group] o.a.k.c.c.internals.ConsumerCoordinator  : [Consumer clientId=consumer-demand-service-group-3, groupId=demand-service-group] Requesting disconnect from last known coordinator localhost:9092 (id: 2147483646 rack: null)
2026-06-22T17:04:12.363+05:30  INFO 80679 --- [demand-service] [d-service-group] org.apache.kafka.clients.NetworkClient   : [Consumer clientId=consumer-demand-service-group-3, groupId=demand-service-group] Client requested disconnect from node 2147483646
2026-06-22T17:04:12.363+05:30  INFO 80679 --- [demand-service] [d-service-group] org.apache.kafka.clients.NetworkClient   : [Consumer clientId=consumer-demand-service-group-2, groupId=demand-service-group] Client requested disconnect from node 2147483646
2026-06-22T17:04:12.445+05:30  INFO 80679 --- [demand-service] [ntainer#0-0-C-1] o.a.k.c.c.internals.ConsumerCoordinator  : [Consumer clientId=consumer-demand-service-group-1, groupId=demand-service-group] Discovered group coordinator localhost:9092 (id: 2147483646 rack: null)
2026-06-22T17:04:12.447+05:30  INFO 80679 --- [demand-service] [ntainer#0-2-C-1] o.a.k.c.c.internals.ConsumerCoordinator  : [Consumer clientId=consumer-demand-service-group-3, groupId=demand-service-group] Discovered group coordinator localhost:9092 (id: 2147483646 rack: null)
2026-06-22T17:04:12.449+05:30  INFO 80679 --- [demand-service] [ntainer#0-1-C-1] o.a.k.c.c.internals.ConsumerCoordinator  : [Consumer clientId=consumer-demand-service-group-2, groupId=demand-service-group] Discovered group coordinator localhost:9092 (id: 2147483646 rack: null)
2026-06-22T17:06:48.396+05:30  INFO 80679 --- [demand-service] [ntainer#0-0-C-1] org.apache.kafka.clients.NetworkClient   : [Consumer clientId=consumer-demand-service-group-1, groupId=demand-service-group] Disconnecting from node 1 due to request timeout.
2026-06-22T17:06:48.397+05:30  INFO 80679 --- [demand-service] [ntainer#0-1-C-1] org.apache.kafka.clients.NetworkClient   : [Consumer clientId=consumer-demand-service-group-2, groupId=demand-service-group] Disconnecting from node 1 due to request timeout.
2026-06-22T17:06:48.506+05:30  INFO 80679 --- [demand-service] [ntainer#0-2-C-1] org.apache.kafka.clients.NetworkClient   : [Consumer clientId=consumer-demand-service-group-3, groupId=demand-service-group] Disconnecting from node 1 due to request timeout.
2026-06-22T17:06:48.725+05:30  INFO 80679 --- [demand-service] [ntainer#0-0-C-1] org.apache.kafka.clients.NetworkClient   : [Consumer clientId=consumer-demand-service-group-1, groupId=demand-service-group] Cancelled in-flight FETCH request with correlation id 17620 due to node 1 being disconnected (elapsed time since creation: 151354ms, elapsed time since send: 151354ms, throttle time: 0ms, request timeout: 30000ms)
2026-06-22T17:06:48.729+05:30  INFO 80679 --- [demand-service] [ntainer#0-1-C-1] org.apache.kafka.clients.NetworkClient   : [Consumer clientId=consumer-demand-service-group-2, groupId=demand-service-group] Cancelled in-flight FETCH request with correlation id 17614 due to node 1 being disconnected (elapsed time since creation: 151355ms, elapsed time since send: 151355ms, throttle time: 0ms, request timeout: 30000ms)
2026-06-22T17:06:48.729+05:30  INFO 80679 --- [demand-service] [ntainer#0-2-C-1] org.apache.kafka.clients.NetworkClient   : [Consumer clientId=consumer-demand-service-group-3, groupId=demand-service-group] Cancelled in-flight FETCH request with correlation id 17618 due to node 1 being disconnected (elapsed time since creation: 151372ms, elapsed time since send: 151372ms, throttle time: 0ms, request timeout: 30000ms)
2026-06-22T17:06:49.033+05:30  INFO 80679 --- [demand-service] [d-service-group] o.a.k.c.c.internals.ConsumerCoordinator  : [Consumer clientId=consumer-demand-service-group-1, groupId=demand-service-group] Group coordinator localhost:9092 (id: 2147483646 rack: null) is unavailable or invalid due to cause: session timed out without receiving a heartbeat response. isDisconnected: false. Rediscovery will be attempted.
2026-06-22T17:06:49.034+05:30  INFO 80679 --- [demand-service] [d-service-group] o.a.k.c.c.internals.ConsumerCoordinator  : [Consumer clientId=consumer-demand-service-group-1, groupId=demand-service-group] Requesting disconnect from last known coordinator localhost:9092 (id: 2147483646 rack: null)
2026-06-22T17:06:49.035+05:30  INFO 80679 --- [demand-service] [d-service-group] org.apache.kafka.clients.NetworkClient   : [Consumer clientId=consumer-demand-service-group-1, groupId=demand-service-group] Client requested disconnect from node 2147483646
2026-06-22T17:06:48.999+05:30  INFO 80679 --- [demand-service] [d-service-group] o.a.k.c.c.internals.ConsumerCoordinator  : [Consumer clientId=consumer-demand-service-group-2, groupId=demand-service-group] Group coordinator localhost:9092 (id: 2147483646 rack: null) is unavailable or invalid due to cause: session timed out without receiving a heartbeat response. isDisconnected: false. Rediscovery will be attempted.
2026-06-22T17:06:48.730+05:30  INFO 80679 --- [demand-service] [ntainer#0-2-C-1] o.a.kafka.clients.FetchSessionHandler    : [Consumer clientId=consumer-demand-service-group-3, groupId=demand-service-group] Error sending fetch request (sessionId=671909528, epoch=9) to node 1:

org.apache.kafka.common.errors.DisconnectException: null

2026-06-22T17:06:48.726+05:30  INFO 80679 --- [demand-service] [ntainer#0-0-C-1] o.a.kafka.clients.FetchSessionHandler    : [Consumer clientId=consumer-demand-service-group-1, groupId=demand-service-group] Error sending fetch request (sessionId=277321401, epoch=9) to node 1:

org.apache.kafka.common.errors.DisconnectException: null

2026-06-22T17:06:49.102+05:30  INFO 80679 --- [demand-service] [d-service-group] o.a.k.c.c.internals.ConsumerCoordinator  : [Consumer clientId=consumer-demand-service-group-3, groupId=demand-service-group] Group coordinator localhost:9092 (id: 2147483646 rack: null) is unavailable or invalid due to cause: session timed out without receiving a heartbeat response. isDisconnected: false. Rediscovery will be attempted.
2026-06-22T17:06:49.072+05:30  INFO 80679 --- [demand-service] [d-service-group] o.a.k.c.c.internals.ConsumerCoordinator  : [Consumer clientId=consumer-demand-service-group-2, groupId=demand-service-group] Requesting disconnect from last known coordinator localhost:9092 (id: 2147483646 rack: null)
2026-06-22T17:06:49.189+05:30  INFO 80679 --- [demand-service] [d-service-group] org.apache.kafka.clients.NetworkClient   : [Consumer clientId=consumer-demand-service-group-2, groupId=demand-service-group] Client requested disconnect from node 2147483646
2026-06-22T17:06:48.730+05:30  INFO 80679 --- [demand-service] [ntainer#0-1-C-1] o.a.kafka.clients.FetchSessionHandler    : [Consumer clientId=consumer-demand-service-group-2, groupId=demand-service-group] Error sending fetch request (sessionId=1555635629, epoch=9) to node 1:

org.apache.kafka.common.errors.DisconnectException: null

2026-06-22T17:06:49.154+05:30  INFO 80679 --- [demand-service] [d-service-group] o.a.k.c.c.internals.ConsumerCoordinator  : [Consumer clientId=consumer-demand-service-group-3, groupId=demand-service-group] Requesting disconnect from last known coordinator localhost:9092 (id: 2147483646 rack: null)
2026-06-22T17:06:49.240+05:30  INFO 80679 --- [demand-service] [d-service-group] org.apache.kafka.clients.NetworkClient   : [Consumer clientId=consumer-demand-service-group-3, groupId=demand-service-group] Client requested disconnect from node 2147483646
2026-06-22T17:06:49.451+05:30  INFO 80679 --- [demand-service] [ntainer#0-2-C-1] o.a.k.c.c.internals.ConsumerCoordinator  : [Consumer clientId=consumer-demand-service-group-3, groupId=demand-service-group] Discovered group coordinator localhost:9092 (id: 2147483646 rack: null)
2026-06-22T17:06:49.451+05:30  INFO 80679 --- [demand-service] [ntainer#0-0-C-1] o.a.k.c.c.internals.ConsumerCoordinator  : [Consumer clientId=consumer-demand-service-group-1, groupId=demand-service-group] Discovered group coordinator localhost:9092 (id: 2147483646 rack: null)
2026-06-22T17:06:49.482+05:30  INFO 80679 --- [demand-service] [ntainer#0-1-C-1] o.a.k.c.c.internals.ConsumerCoordinator  : [Consumer clientId=consumer-demand-service-group-2, groupId=demand-service-group] Discovered group coordinator localhost:9092 (id: 2147483646 rack: null)
2026-06-22T17:07:05.086+05:30  WARN 80679 --- [demand-service] [l-1 housekeeper] com.zaxxer.hikari.pool.HikariPool        : HikariPool-1 - Thread starvation or clock leap detected (housekeeper delta=18m5s222ms).
