
  .   ____          _            __ _ _
 /\\ / ___'_ __ _ _(_)_ __  __ _ \ \ \ \
( ( )\___ | '_ | '_| | '_ \/ _` | \ \ \ \
 \\/  ___)| |_)| | | | | || (_| |  ) ) ) )
  '  |____| .__|_| |_|_| |_\__, | / / / /
 =========|_|==============|___/=/_/_/_/

 :: Spring Boot ::                (v3.4.0)

2026-06-22T14:34:31.254+05:30  INFO 80685 --- [interview-service] [           main] c.t.i.InterviewServiceApplication        : Starting InterviewServiceApplication v1.0.0-SNAPSHOT using Java 17.0.18 with PID 80685 (/Users/spratap/.m2/repository/com/talentgrid/interview-service/1.0.0-SNAPSHOT/interview-service-1.0.0-SNAPSHOT.jar started by spratap in /Users/spratap/TalentGridTeam2)
2026-06-22T14:34:31.257+05:30  INFO 80685 --- [interview-service] [           main] c.t.i.InterviewServiceApplication        : No active profile set, falling back to 1 default profile: "default"
2026-06-22T14:34:34.839+05:30  INFO 80685 --- [interview-service] [           main] .s.d.r.c.RepositoryConfigurationDelegate : Bootstrapping Spring Data JPA repositories in DEFAULT mode.
2026-06-22T14:34:35.416+05:30  INFO 80685 --- [interview-service] [           main] .s.d.r.c.RepositoryConfigurationDelegate : Finished Spring Data repository scanning in 563 ms. Found 3 JPA repository interfaces.
2026-06-22T14:34:39.213+05:30  INFO 80685 --- [interview-service] [           main] o.s.b.w.embedded.tomcat.TomcatWebServer  : Tomcat initialized with port 8088 (http)
2026-06-22T14:34:39.240+05:30  INFO 80685 --- [interview-service] [           main] o.apache.catalina.core.StandardService   : Starting service [Tomcat]
2026-06-22T14:34:39.240+05:30  INFO 80685 --- [interview-service] [           main] o.apache.catalina.core.StandardEngine    : Starting Servlet engine: [Apache Tomcat/10.1.33]
2026-06-22T14:34:39.285+05:30  INFO 80685 --- [interview-service] [           main] o.a.c.c.C.[Tomcat].[localhost].[/]       : Initializing Spring embedded WebApplicationContext
2026-06-22T14:34:39.286+05:30  INFO 80685 --- [interview-service] [           main] w.s.c.ServletWebServerApplicationContext : Root WebApplicationContext: initialization completed in 7957 ms
2026-06-22T14:34:40.487+05:30  INFO 80685 --- [interview-service] [           main] o.hibernate.jpa.internal.util.LogHelper  : HHH000204: Processing PersistenceUnitInfo [name: default]
2026-06-22T14:34:40.578+05:30  INFO 80685 --- [interview-service] [           main] org.hibernate.Version                    : HHH000412: Hibernate ORM core version 6.6.2.Final
2026-06-22T14:34:40.631+05:30  INFO 80685 --- [interview-service] [           main] o.h.c.internal.RegionFactoryInitiator    : HHH000026: Second-level cache disabled
2026-06-22T14:34:40.849+05:30  INFO 80685 --- [interview-service] [           main] com.zaxxer.hikari.HikariDataSource       : HikariPool-1 - Starting...
2026-06-22T14:34:41.732+05:30  INFO 80685 --- [interview-service] [           main] com.zaxxer.hikari.pool.HikariPool        : HikariPool-1 - Added connection org.postgresql.jdbc.PgConnection@6ff8e744
2026-06-22T14:34:41.735+05:30  INFO 80685 --- [interview-service] [           main] com.zaxxer.hikari.HikariDataSource       : HikariPool-1 - Start completed.
2026-06-22T14:34:41.908+05:30  WARN 80685 --- [interview-service] [           main] org.hibernate.orm.deprecation            : HHH90000025: PostgreSQLDialect does not need to be specified explicitly using 'hibernate.dialect' (remove the property setting and it will be selected by default)
2026-06-22T14:34:41.932+05:30  INFO 80685 --- [interview-service] [           main] org.hibernate.orm.connections.pooling    : HHH10001005: Database info:
	Database JDBC URL [Connecting through datasource 'HikariDataSource (HikariPool-1)']
	Database driver: undefined/unknown
	Database version: 18.3
	Autocommit mode: undefined/unknown
	Isolation level: undefined/unknown
	Minimum pool size: undefined/unknown
	Maximum pool size: undefined/unknown
2026-06-22T14:34:42.486+05:30  INFO 80685 --- [interview-service] [           main] o.s.o.j.p.SpringPersistenceUnitInfo      : No LoadTimeWeaver setup: ignoring JPA class transformer
2026-06-22T14:34:45.376+05:30  INFO 80685 --- [interview-service] [           main] o.h.e.t.j.p.i.JtaPlatformInitiator       : HHH000489: No JTA platform available (set 'hibernate.transaction.jta.platform' to enable JTA platform integration)
2026-06-22T14:34:46.123+05:30  INFO 80685 --- [interview-service] [           main] j.LocalContainerEntityManagerFactoryBean : Initialized JPA EntityManagerFactory for persistence unit 'default'
2026-06-22T14:34:46.686+05:30  INFO 80685 --- [interview-service] [           main] o.s.d.j.r.query.QueryEnhancerFactory     : Hibernate is in classpath; If applicable, HQL parser will be used.
2026-06-22T14:34:48.998+05:30  WARN 80685 --- [interview-service] [           main] JpaBaseConfiguration$JpaWebConfiguration : spring.jpa.open-in-view is enabled by default. Therefore, database queries may be performed during view rendering. Explicitly configure spring.jpa.open-in-view to disable this warning
2026-06-22T14:34:49.067+05:30  WARN 80685 --- [interview-service] [           main] .s.s.UserDetailsServiceAutoConfiguration : 

Using generated security password: 933f1e05-fbf6-46d2-8d47-0e507438b5fe

This generated password is for development use only. Your security configuration must be updated before running your application in production.

2026-06-22T14:34:49.120+05:30  INFO 80685 --- [interview-service] [           main] r$InitializeUserDetailsManagerConfigurer : Global AuthenticationManager configured with UserDetailsService bean with name inMemoryUserDetailsManager
2026-06-22T14:34:50.053+05:30  INFO 80685 --- [interview-service] [           main] o.s.b.a.e.web.EndpointLinksResolver      : Exposing 1 endpoint beneath base path '/actuator'
2026-06-22T14:34:52.006+05:30  INFO 80685 --- [interview-service] [           main] o.a.k.clients.admin.AdminClientConfig    : AdminClientConfig values: 
	auto.include.jmx.reporter = true
	bootstrap.controllers = []
	bootstrap.servers = [localhost:9092]
	client.dns.lookup = use_all_dns_ips
	client.id = interview-service-admin-0
	connections.max.idle.ms = 300000
	default.api.timeout.ms = 60000
	enable.metrics.push = true
	metadata.max.age.ms = 300000
	metadata.recovery.strategy = none
	metric.reporters = []
	metrics.num.samples = 2
	metrics.recording.level = INFO
	metrics.sample.window.ms = 30000
	receive.buffer.bytes = 65536
	reconnect.backoff.max.ms = 1000
	reconnect.backoff.ms = 50
	request.timeout.ms = 30000
	retries = 2147483647
	retry.backoff.max.ms = 1000
	retry.backoff.ms = 100
	sasl.client.callback.handler.class = null
	sasl.jaas.config = null
	sasl.kerberos.kinit.cmd = /usr/bin/kinit
	sasl.kerberos.min.time.before.relogin = 60000
	sasl.kerberos.service.name = null
	sasl.kerberos.ticket.renew.jitter = 0.05
	sasl.kerberos.ticket.renew.window.factor = 0.8
	sasl.login.callback.handler.class = null
	sasl.login.class = null
	sasl.login.connect.timeout.ms = null
	sasl.login.read.timeout.ms = null
	sasl.login.refresh.buffer.seconds = 300
	sasl.login.refresh.min.period.seconds = 60
	sasl.login.refresh.window.factor = 0.8
	sasl.login.refresh.window.jitter = 0.05
	sasl.login.retry.backoff.max.ms = 10000
	sasl.login.retry.backoff.ms = 100
	sasl.mechanism = GSSAPI
	sasl.oauthbearer.clock.skew.seconds = 30
	sasl.oauthbearer.expected.audience = null
	sasl.oauthbearer.expected.issuer = null
	sasl.oauthbearer.jwks.endpoint.refresh.ms = 3600000
	sasl.oauthbearer.jwks.endpoint.retry.backoff.max.ms = 10000
	sasl.oauthbearer.jwks.endpoint.retry.backoff.ms = 100
	sasl.oauthbearer.jwks.endpoint.url = null
	sasl.oauthbearer.scope.claim.name = scope
	sasl.oauthbearer.sub.claim.name = sub
	sasl.oauthbearer.token.endpoint.url = null
	security.protocol = PLAINTEXT
	security.providers = null
	send.buffer.bytes = 131072
	socket.connection.setup.timeout.max.ms = 30000
	socket.connection.setup.timeout.ms = 10000
	ssl.cipher.suites = null
	ssl.enabled.protocols = [TLSv1.2, TLSv1.3]
	ssl.endpoint.identification.algorithm = https
	ssl.engine.factory.class = null
	ssl.key.password = null
	ssl.keymanager.algorithm = SunX509
	ssl.keystore.certificate.chain = null
	ssl.keystore.key = null
	ssl.keystore.location = null
	ssl.keystore.password = null
	ssl.keystore.type = JKS
	ssl.protocol = TLSv1.3
	ssl.provider = null
	ssl.secure.random.implementation = null
	ssl.trustmanager.algorithm = PKIX
	ssl.truststore.certificates = null
	ssl.truststore.location = null
	ssl.truststore.password = null
	ssl.truststore.type = JKS

2026-06-22T14:34:52.230+05:30  INFO 80685 --- [interview-service] [           main] o.a.kafka.common.utils.AppInfoParser     : Kafka version: 3.8.1
2026-06-22T14:34:52.230+05:30  INFO 80685 --- [interview-service] [           main] o.a.kafka.common.utils.AppInfoParser     : Kafka commitId: 70d6ff42debf7e17
2026-06-22T14:34:52.230+05:30  INFO 80685 --- [interview-service] [           main] o.a.kafka.common.utils.AppInfoParser     : Kafka startTimeMs: 1782119092229
2026-06-22T14:34:52.790+05:30  WARN 80685 --- [interview-service] [service-admin-0] o.a.k.clients.admin.KafkaAdminClient     : [AdminClient clientId=interview-service-admin-0] The DescribeTopicPartitions API is not supported, using Metadata API to describe topics.
2026-06-22T14:34:52.896+05:30  INFO 80685 --- [interview-service] [service-admin-0] o.a.kafka.common.utils.AppInfoParser     : App info kafka.admin.client for interview-service-admin-0 unregistered
2026-06-22T14:34:52.933+05:30  INFO 80685 --- [interview-service] [service-admin-0] o.apache.kafka.common.metrics.Metrics    : Metrics scheduler closed
2026-06-22T14:34:52.935+05:30  INFO 80685 --- [interview-service] [service-admin-0] o.apache.kafka.common.metrics.Metrics    : Closing reporter org.apache.kafka.common.metrics.JmxReporter
2026-06-22T14:34:52.935+05:30  INFO 80685 --- [interview-service] [service-admin-0] o.apache.kafka.common.metrics.Metrics    : Metrics reporters closed
2026-06-22T14:34:52.961+05:30  INFO 80685 --- [interview-service] [           main] o.s.b.w.embedded.tomcat.TomcatWebServer  : Tomcat started on port 8088 (http) with context path '/'
2026-06-22T14:34:52.985+05:30  INFO 80685 --- [interview-service] [           main] o.a.k.clients.consumer.ConsumerConfig    : ConsumerConfig values: 
	allow.auto.create.topics = true
	auto.commit.interval.ms = 5000
	auto.include.jmx.reporter = true
	auto.offset.reset = earliest
	bootstrap.servers = [localhost:9092]
	check.crcs = true
	client.dns.lookup = use_all_dns_ips
	client.id = consumer-interview-service-group-1
	client.rack = 
	connections.max.idle.ms = 540000
	default.api.timeout.ms = 60000
	enable.auto.commit = false
	enable.metrics.push = true
	exclude.internal.topics = true
	fetch.max.bytes = 52428800
	fetch.max.wait.ms = 500
	fetch.min.bytes = 1
	group.id = interview-service-group
	group.instance.id = null
	group.protocol = classic
	group.remote.assignor = null
	heartbeat.interval.ms = 3000
	interceptor.classes = []
	internal.leave.group.on.close = true
	internal.throw.on.fetch.stable.offset.unsupported = false
	isolation.level = read_uncommitted
	key.deserializer = class org.apache.kafka.common.serialization.StringDeserializer
	max.partition.fetch.bytes = 1048576
	max.poll.interval.ms = 300000
	max.poll.records = 500
	metadata.max.age.ms = 300000
	metadata.recovery.strategy = none
	metric.reporters = []
	metrics.num.samples = 2
	metrics.recording.level = INFO
	metrics.sample.window.ms = 30000
	partition.assignment.strategy = [class org.apache.kafka.clients.consumer.RangeAssignor, class org.apache.kafka.clients.consumer.CooperativeStickyAssignor]
	receive.buffer.bytes = 65536
	reconnect.backoff.max.ms = 1000
	reconnect.backoff.ms = 50
	request.timeout.ms = 30000
	retry.backoff.max.ms = 1000
	retry.backoff.ms = 100
	sasl.client.callback.handler.class = null
	sasl.jaas.config = null
	sasl.kerberos.kinit.cmd = /usr/bin/kinit
	sasl.kerberos.min.time.before.relogin = 60000
	sasl.kerberos.service.name = null
	sasl.kerberos.ticket.renew.jitter = 0.05
	sasl.kerberos.ticket.renew.window.factor = 0.8
	sasl.login.callback.handler.class = null
	sasl.login.class = null
	sasl.login.connect.timeout.ms = null
	sasl.login.read.timeout.ms = null
	sasl.login.refresh.buffer.seconds = 300
	sasl.login.refresh.min.period.seconds = 60
	sasl.login.refresh.window.factor = 0.8
	sasl.login.refresh.window.jitter = 0.05
	sasl.login.retry.backoff.max.ms = 10000
	sasl.login.retry.backoff.ms = 100
	sasl.mechanism = GSSAPI
	sasl.oauthbearer.clock.skew.seconds = 30
	sasl.oauthbearer.expected.audience = null
	sasl.oauthbearer.expected.issuer = null
	sasl.oauthbearer.jwks.endpoint.refresh.ms = 3600000
	sasl.oauthbearer.jwks.endpoint.retry.backoff.max.ms = 10000
	sasl.oauthbearer.jwks.endpoint.retry.backoff.ms = 100
	sasl.oauthbearer.jwks.endpoint.url = null
	sasl.oauthbearer.scope.claim.name = scope
	sasl.oauthbearer.sub.claim.name = sub
	sasl.oauthbearer.token.endpoint.url = null
	security.protocol = PLAINTEXT
	security.providers = null
	send.buffer.bytes = 131072
	session.timeout.ms = 45000
	socket.connection.setup.timeout.max.ms = 30000
	socket.connection.setup.timeout.ms = 10000
	ssl.cipher.suites = null
	ssl.enabled.protocols = [TLSv1.2, TLSv1.3]
	ssl.endpoint.identification.algorithm = https
	ssl.engine.factory.class = null
	ssl.key.password = null
	ssl.keymanager.algorithm = SunX509
	ssl.keystore.certificate.chain = null
	ssl.keystore.key = null
	ssl.keystore.location = null
	ssl.keystore.password = null
	ssl.keystore.type = JKS
	ssl.protocol = TLSv1.3
	ssl.provider = null
	ssl.secure.random.implementation = null
	ssl.trustmanager.algorithm = PKIX
	ssl.truststore.certificates = null
	ssl.truststore.location = null
	ssl.truststore.password = null
	ssl.truststore.type = JKS
	value.deserializer = class org.springframework.kafka.support.serializer.ErrorHandlingDeserializer

2026-06-22T14:34:53.114+05:30  INFO 80685 --- [interview-service] [           main] o.a.k.c.t.i.KafkaMetricsCollector        : initializing Kafka metrics collector
2026-06-22T14:34:53.367+05:30  INFO 80685 --- [interview-service] [           main] o.a.kafka.common.utils.AppInfoParser     : Kafka version: 3.8.1
2026-06-22T14:34:53.367+05:30  INFO 80685 --- [interview-service] [           main] o.a.kafka.common.utils.AppInfoParser     : Kafka commitId: 70d6ff42debf7e17
2026-06-22T14:34:53.367+05:30  INFO 80685 --- [interview-service] [           main] o.a.kafka.common.utils.AppInfoParser     : Kafka startTimeMs: 1782119093367
2026-06-22T14:34:53.395+05:30  INFO 80685 --- [interview-service] [           main] o.a.k.c.c.internals.LegacyKafkaConsumer  : [Consumer clientId=consumer-interview-service-group-1, groupId=interview-service-group] Subscribed to topic(s): interview-events
2026-06-22T14:34:53.414+05:30  INFO 80685 --- [interview-service] [           main] o.a.k.clients.consumer.ConsumerConfig    : ConsumerConfig values: 
	allow.auto.create.topics = true
	auto.commit.interval.ms = 5000
	auto.include.jmx.reporter = true
	auto.offset.reset = earliest
	bootstrap.servers = [localhost:9092]
	check.crcs = true
	client.dns.lookup = use_all_dns_ips
	client.id = consumer-interview-service-group-2
	client.rack = 
	connections.max.idle.ms = 540000
	default.api.timeout.ms = 60000
	enable.auto.commit = false
	enable.metrics.push = true
	exclude.internal.topics = true
	fetch.max.bytes = 52428800
	fetch.max.wait.ms = 500
	fetch.min.bytes = 1
	group.id = interview-service-group
	group.instance.id = null
	group.protocol = classic
	group.remote.assignor = null
	heartbeat.interval.ms = 3000
	interceptor.classes = []
	internal.leave.group.on.close = true
	internal.throw.on.fetch.stable.offset.unsupported = false
	isolation.level = read_uncommitted
	key.deserializer = class org.apache.kafka.common.serialization.StringDeserializer
	max.partition.fetch.bytes = 1048576
	max.poll.interval.ms = 300000
	max.poll.records = 500
	metadata.max.age.ms = 300000
	metadata.recovery.strategy = none
	metric.reporters = []
	metrics.num.samples = 2
	metrics.recording.level = INFO
	metrics.sample.window.ms = 30000
	partition.assignment.strategy = [class org.apache.kafka.clients.consumer.RangeAssignor, class org.apache.kafka.clients.consumer.CooperativeStickyAssignor]
	receive.buffer.bytes = 65536
	reconnect.backoff.max.ms = 1000
	reconnect.backoff.ms = 50
	request.timeout.ms = 30000
	retry.backoff.max.ms = 1000
	retry.backoff.ms = 100
	sasl.client.callback.handler.class = null
	sasl.jaas.config = null
	sasl.kerberos.kinit.cmd = /usr/bin/kinit
	sasl.kerberos.min.time.before.relogin = 60000
	sasl.kerberos.service.name = null
	sasl.kerberos.ticket.renew.jitter = 0.05
	sasl.kerberos.ticket.renew.window.factor = 0.8
	sasl.login.callback.handler.class = null
	sasl.login.class = null
	sasl.login.connect.timeout.ms = null
	sasl.login.read.timeout.ms = null
	sasl.login.refresh.buffer.seconds = 300
	sasl.login.refresh.min.period.seconds = 60
	sasl.login.refresh.window.factor = 0.8
	sasl.login.refresh.window.jitter = 0.05
	sasl.login.retry.backoff.max.ms = 10000
	sasl.login.retry.backoff.ms = 100
	sasl.mechanism = GSSAPI
	sasl.oauthbearer.clock.skew.seconds = 30
	sasl.oauthbearer.expected.audience = null
	sasl.oauthbearer.expected.issuer = null
	sasl.oauthbearer.jwks.endpoint.refresh.ms = 3600000
	sasl.oauthbearer.jwks.endpoint.retry.backoff.max.ms = 10000
	sasl.oauthbearer.jwks.endpoint.retry.backoff.ms = 100
	sasl.oauthbearer.jwks.endpoint.url = null
	sasl.oauthbearer.scope.claim.name = scope
	sasl.oauthbearer.sub.claim.name = sub
	sasl.oauthbearer.token.endpoint.url = null
	security.protocol = PLAINTEXT
	security.providers = null
	send.buffer.bytes = 131072
	session.timeout.ms = 45000
	socket.connection.setup.timeout.max.ms = 30000
	socket.connection.setup.timeout.ms = 10000
	ssl.cipher.suites = null
	ssl.enabled.protocols = [TLSv1.2, TLSv1.3]
	ssl.endpoint.identification.algorithm = https
	ssl.engine.factory.class = null
	ssl.key.password = null
	ssl.keymanager.algorithm = SunX509
	ssl.keystore.certificate.chain = null
	ssl.keystore.key = null
	ssl.keystore.location = null
	ssl.keystore.password = null
	ssl.keystore.type = JKS
	ssl.protocol = TLSv1.3
	ssl.provider = null
	ssl.secure.random.implementation = null
	ssl.trustmanager.algorithm = PKIX
	ssl.truststore.certificates = null
	ssl.truststore.location = null
	ssl.truststore.password = null
	ssl.truststore.type = JKS
	value.deserializer = class org.springframework.kafka.support.serializer.ErrorHandlingDeserializer

2026-06-22T14:34:53.415+05:30  INFO 80685 --- [interview-service] [           main] o.a.k.c.t.i.KafkaMetricsCollector        : initializing Kafka metrics collector
2026-06-22T14:34:53.421+05:30  INFO 80685 --- [interview-service] [           main] o.a.kafka.common.utils.AppInfoParser     : Kafka version: 3.8.1
2026-06-22T14:34:53.422+05:30  INFO 80685 --- [interview-service] [           main] o.a.kafka.common.utils.AppInfoParser     : Kafka commitId: 70d6ff42debf7e17
2026-06-22T14:34:53.422+05:30  INFO 80685 --- [interview-service] [           main] o.a.kafka.common.utils.AppInfoParser     : Kafka startTimeMs: 1782119093421
2026-06-22T14:34:53.439+05:30  INFO 80685 --- [interview-service] [           main] o.a.k.c.c.internals.LegacyKafkaConsumer  : [Consumer clientId=consumer-interview-service-group-2, groupId=interview-service-group] Subscribed to topic(s): interview-events
2026-06-22T14:34:53.451+05:30  INFO 80685 --- [interview-service] [           main] o.a.k.clients.consumer.ConsumerConfig    : ConsumerConfig values: 
	allow.auto.create.topics = true
	auto.commit.interval.ms = 5000
	auto.include.jmx.reporter = true
	auto.offset.reset = earliest
	bootstrap.servers = [localhost:9092]
	check.crcs = true
	client.dns.lookup = use_all_dns_ips
	client.id = consumer-interview-service-group-3
	client.rack = 
	connections.max.idle.ms = 540000
	default.api.timeout.ms = 60000
	enable.auto.commit = false
	enable.metrics.push = true
	exclude.internal.topics = true
	fetch.max.bytes = 52428800
	fetch.max.wait.ms = 500
	fetch.min.bytes = 1
	group.id = interview-service-group
	group.instance.id = null
	group.protocol = classic
	group.remote.assignor = null
	heartbeat.interval.ms = 3000
	interceptor.classes = []
	internal.leave.group.on.close = true
	internal.throw.on.fetch.stable.offset.unsupported = false
	isolation.level = read_uncommitted
	key.deserializer = class org.apache.kafka.common.serialization.StringDeserializer
	max.partition.fetch.bytes = 1048576
	max.poll.interval.ms = 300000
	max.poll.records = 500
	metadata.max.age.ms = 300000
	metadata.recovery.strategy = none
	metric.reporters = []
	metrics.num.samples = 2
	metrics.recording.level = INFO
	metrics.sample.window.ms = 30000
	partition.assignment.strategy = [class org.apache.kafka.clients.consumer.RangeAssignor, class org.apache.kafka.clients.consumer.CooperativeStickyAssignor]
	receive.buffer.bytes = 65536
	reconnect.backoff.max.ms = 1000
	reconnect.backoff.ms = 50
	request.timeout.ms = 30000
	retry.backoff.max.ms = 1000
	retry.backoff.ms = 100
	sasl.client.callback.handler.class = null
	sasl.jaas.config = null
	sasl.kerberos.kinit.cmd = /usr/bin/kinit
	sasl.kerberos.min.time.before.relogin = 60000
	sasl.kerberos.service.name = null
	sasl.kerberos.ticket.renew.jitter = 0.05
	sasl.kerberos.ticket.renew.window.factor = 0.8
	sasl.login.callback.handler.class = null
	sasl.login.class = null
	sasl.login.connect.timeout.ms = null
	sasl.login.read.timeout.ms = null
	sasl.login.refresh.buffer.seconds = 300
	sasl.login.refresh.min.period.seconds = 60
	sasl.login.refresh.window.factor = 0.8
	sasl.login.refresh.window.jitter = 0.05
	sasl.login.retry.backoff.max.ms = 10000
	sasl.login.retry.backoff.ms = 100
	sasl.mechanism = GSSAPI
	sasl.oauthbearer.clock.skew.seconds = 30
	sasl.oauthbearer.expected.audience = null
	sasl.oauthbearer.expected.issuer = null
	sasl.oauthbearer.jwks.endpoint.refresh.ms = 3600000
	sasl.oauthbearer.jwks.endpoint.retry.backoff.max.ms = 10000
	sasl.oauthbearer.jwks.endpoint.retry.backoff.ms = 100
	sasl.oauthbearer.jwks.endpoint.url = null
	sasl.oauthbearer.scope.claim.name = scope
	sasl.oauthbearer.sub.claim.name = sub
	sasl.oauthbearer.token.endpoint.url = null
	security.protocol = PLAINTEXT
	security.providers = null
	send.buffer.bytes = 131072
	session.timeout.ms = 45000
	socket.connection.setup.timeout.max.ms = 30000
	socket.connection.setup.timeout.ms = 10000
	ssl.cipher.suites = null
	ssl.enabled.protocols = [TLSv1.2, TLSv1.3]
	ssl.endpoint.identification.algorithm = https
	ssl.engine.factory.class = null
	ssl.key.password = null
	ssl.keymanager.algorithm = SunX509
	ssl.keystore.certificate.chain = null
	ssl.keystore.key = null
	ssl.keystore.location = null
	ssl.keystore.password = null
	ssl.keystore.type = JKS
	ssl.protocol = TLSv1.3
	ssl.provider = null
	ssl.secure.random.implementation = null
	ssl.trustmanager.algorithm = PKIX
	ssl.truststore.certificates = null
	ssl.truststore.location = null
	ssl.truststore.password = null
	ssl.truststore.type = JKS
	value.deserializer = class org.springframework.kafka.support.serializer.ErrorHandlingDeserializer

2026-06-22T14:34:53.452+05:30  INFO 80685 --- [interview-service] [           main] o.a.k.c.t.i.KafkaMetricsCollector        : initializing Kafka metrics collector
2026-06-22T14:34:53.459+05:30  INFO 80685 --- [interview-service] [           main] o.a.kafka.common.utils.AppInfoParser     : Kafka version: 3.8.1
2026-06-22T14:34:53.460+05:30  INFO 80685 --- [interview-service] [           main] o.a.kafka.common.utils.AppInfoParser     : Kafka commitId: 70d6ff42debf7e17
2026-06-22T14:34:53.460+05:30  INFO 80685 --- [interview-service] [           main] o.a.kafka.common.utils.AppInfoParser     : Kafka startTimeMs: 1782119093459
2026-06-22T14:34:53.468+05:30  INFO 80685 --- [interview-service] [           main] o.a.k.c.c.internals.LegacyKafkaConsumer  : [Consumer clientId=consumer-interview-service-group-3, groupId=interview-service-group] Subscribed to topic(s): interview-events
2026-06-22T14:34:53.487+05:30  INFO 80685 --- [interview-service] [ntainer#0-0-C-1] org.apache.kafka.clients.Metadata        : [Consumer clientId=consumer-interview-service-group-1, groupId=interview-service-group] Cluster ID: FZ5fgxe8QsiYlf7uOpvVWA
2026-06-22T14:34:53.488+05:30  INFO 80685 --- [interview-service] [ntainer#0-0-C-1] o.a.k.c.c.internals.ConsumerCoordinator  : [Consumer clientId=consumer-interview-service-group-1, groupId=interview-service-group] Discovered group coordinator localhost:9092 (id: 2147483646 rack: null)
2026-06-22T14:34:53.489+05:30  INFO 80685 --- [interview-service] [ntainer#0-1-C-1] org.apache.kafka.clients.Metadata        : [Consumer clientId=consumer-interview-service-group-2, groupId=interview-service-group] Cluster ID: FZ5fgxe8QsiYlf7uOpvVWA
2026-06-22T14:34:53.489+05:30  INFO 80685 --- [interview-service] [ntainer#0-1-C-1] o.a.k.c.c.internals.ConsumerCoordinator  : [Consumer clientId=consumer-interview-service-group-2, groupId=interview-service-group] Discovered group coordinator localhost:9092 (id: 2147483646 rack: null)
2026-06-22T14:34:53.490+05:30  INFO 80685 --- [interview-service] [ntainer#0-2-C-1] org.apache.kafka.clients.Metadata        : [Consumer clientId=consumer-interview-service-group-3, groupId=interview-service-group] Cluster ID: FZ5fgxe8QsiYlf7uOpvVWA
2026-06-22T14:34:53.491+05:30  INFO 80685 --- [interview-service] [ntainer#0-0-C-1] o.a.k.c.c.internals.ConsumerCoordinator  : [Consumer clientId=consumer-interview-service-group-1, groupId=interview-service-group] (Re-)joining group
2026-06-22T14:34:53.492+05:30  INFO 80685 --- [interview-service] [ntainer#0-2-C-1] o.a.k.c.c.internals.ConsumerCoordinator  : [Consumer clientId=consumer-interview-service-group-3, groupId=interview-service-group] Discovered group coordinator localhost:9092 (id: 2147483646 rack: null)
2026-06-22T14:34:53.492+05:30  INFO 80685 --- [interview-service] [ntainer#0-1-C-1] o.a.k.c.c.internals.ConsumerCoordinator  : [Consumer clientId=consumer-interview-service-group-2, groupId=interview-service-group] (Re-)joining group
2026-06-22T14:34:53.494+05:30  INFO 80685 --- [interview-service] [ntainer#0-2-C-1] o.a.k.c.c.internals.ConsumerCoordinator  : [Consumer clientId=consumer-interview-service-group-3, groupId=interview-service-group] (Re-)joining group
2026-06-22T14:34:53.502+05:30  INFO 80685 --- [interview-service] [           main] c.t.i.InterviewServiceApplication        : Started InterviewServiceApplication in 23.417 seconds (process running for 24.394)
2026-06-22T14:34:53.517+05:30  INFO 80685 --- [interview-service] [ntainer#0-0-C-1] o.a.k.c.c.internals.ConsumerCoordinator  : [Consumer clientId=consumer-interview-service-group-1, groupId=interview-service-group] Request joining group due to: need to re-join with the given member-id: consumer-interview-service-group-1-73d82f06-d3fb-46b4-8843-284d0be295df
2026-06-22T14:34:53.517+05:30  INFO 80685 --- [interview-service] [ntainer#0-2-C-1] o.a.k.c.c.internals.ConsumerCoordinator  : [Consumer clientId=consumer-interview-service-group-3, groupId=interview-service-group] Request joining group due to: need to re-join with the given member-id: consumer-interview-service-group-3-eb112ef0-abb4-49f9-89e7-06238ff7c331
2026-06-22T14:34:53.518+05:30  INFO 80685 --- [interview-service] [ntainer#0-2-C-1] o.a.k.c.c.internals.ConsumerCoordinator  : [Consumer clientId=consumer-interview-service-group-3, groupId=interview-service-group] (Re-)joining group
2026-06-22T14:34:53.518+05:30  INFO 80685 --- [interview-service] [ntainer#0-0-C-1] o.a.k.c.c.internals.ConsumerCoordinator  : [Consumer clientId=consumer-interview-service-group-1, groupId=interview-service-group] (Re-)joining group
2026-06-22T14:34:53.521+05:30  INFO 80685 --- [interview-service] [ntainer#0-1-C-1] o.a.k.c.c.internals.ConsumerCoordinator  : [Consumer clientId=consumer-interview-service-group-2, groupId=interview-service-group] Request joining group due to: need to re-join with the given member-id: consumer-interview-service-group-2-b733d5a3-0d76-401f-9eb6-2ceace9641cb
2026-06-22T14:34:53.522+05:30  INFO 80685 --- [interview-service] [ntainer#0-1-C-1] o.a.k.c.c.internals.ConsumerCoordinator  : [Consumer clientId=consumer-interview-service-group-2, groupId=interview-service-group] (Re-)joining group
2026-06-22T14:34:53.522+05:30  INFO 80685 --- [interview-service] [ntainer#0-2-C-1] o.a.k.c.c.internals.ConsumerCoordinator  : [Consumer clientId=consumer-interview-service-group-3, groupId=interview-service-group] Successfully joined group with generation Generation{generationId=57, memberId='consumer-interview-service-group-3-eb112ef0-abb4-49f9-89e7-06238ff7c331', protocol='range'}
2026-06-22T14:34:53.533+05:30  INFO 80685 --- [interview-service] [ntainer#0-2-C-1] o.a.k.c.c.internals.ConsumerCoordinator  : [Consumer clientId=consumer-interview-service-group-3, groupId=interview-service-group] Finished assignment for group at generation 57: {consumer-interview-service-group-3-eb112ef0-abb4-49f9-89e7-06238ff7c331=Assignment(partitions=[interview-events-0, interview-events-1, interview-events-2])}
2026-06-22T14:34:53.537+05:30  INFO 80685 --- [interview-service] [ntainer#0-2-C-1] o.a.k.c.c.internals.ConsumerCoordinator  : [Consumer clientId=consumer-interview-service-group-3, groupId=interview-service-group] SyncGroup failed: The group began another rebalance. Need to re-join the group. Sent generation was Generation{generationId=57, memberId='consumer-interview-service-group-3-eb112ef0-abb4-49f9-89e7-06238ff7c331', protocol='range'}
2026-06-22T14:34:53.537+05:30  INFO 80685 --- [interview-service] [ntainer#0-2-C-1] o.a.k.c.c.internals.ConsumerCoordinator  : [Consumer clientId=consumer-interview-service-group-3, groupId=interview-service-group] Request joining group due to: rebalance failed due to 'The group is rebalancing, so a rejoin is needed.' (RebalanceInProgressException)
2026-06-22T14:34:53.537+05:30  INFO 80685 --- [interview-service] [ntainer#0-2-C-1] o.a.k.c.c.internals.ConsumerCoordinator  : [Consumer clientId=consumer-interview-service-group-3, groupId=interview-service-group] (Re-)joining group
2026-06-22T14:34:53.539+05:30  INFO 80685 --- [interview-service] [ntainer#0-0-C-1] o.a.k.c.c.internals.ConsumerCoordinator  : [Consumer clientId=consumer-interview-service-group-1, groupId=interview-service-group] Successfully joined group with generation Generation{generationId=58, memberId='consumer-interview-service-group-1-73d82f06-d3fb-46b4-8843-284d0be295df', protocol='range'}
2026-06-22T14:34:53.541+05:30  INFO 80685 --- [interview-service] [ntainer#0-1-C-1] o.a.k.c.c.internals.ConsumerCoordinator  : [Consumer clientId=consumer-interview-service-group-2, groupId=interview-service-group] Successfully joined group with generation Generation{generationId=58, memberId='consumer-interview-service-group-2-b733d5a3-0d76-401f-9eb6-2ceace9641cb', protocol='range'}
2026-06-22T14:34:53.542+05:30  INFO 80685 --- [interview-service] [ntainer#0-2-C-1] o.a.k.c.c.internals.ConsumerCoordinator  : [Consumer clientId=consumer-interview-service-group-3, groupId=interview-service-group] Successfully joined group with generation Generation{generationId=58, memberId='consumer-interview-service-group-3-eb112ef0-abb4-49f9-89e7-06238ff7c331', protocol='range'}
2026-06-22T14:34:53.542+05:30  INFO 80685 --- [interview-service] [ntainer#0-2-C-1] o.a.k.c.c.internals.ConsumerCoordinator  : [Consumer clientId=consumer-interview-service-group-3, groupId=interview-service-group] Finished assignment for group at generation 58: {consumer-interview-service-group-1-73d82f06-d3fb-46b4-8843-284d0be295df=Assignment(partitions=[interview-events-0]), consumer-interview-service-group-2-b733d5a3-0d76-401f-9eb6-2ceace9641cb=Assignment(partitions=[interview-events-1]), consumer-interview-service-group-3-eb112ef0-abb4-49f9-89e7-06238ff7c331=Assignment(partitions=[interview-events-2])}
2026-06-22T14:34:53.547+05:30  INFO 80685 --- [interview-service] [ntainer#0-0-C-1] o.a.k.c.c.internals.ConsumerCoordinator  : [Consumer clientId=consumer-interview-service-group-1, groupId=interview-service-group] Successfully synced group in generation Generation{generationId=58, memberId='consumer-interview-service-group-1-73d82f06-d3fb-46b4-8843-284d0be295df', protocol='range'}
2026-06-22T14:34:53.547+05:30  INFO 80685 --- [interview-service] [ntainer#0-2-C-1] o.a.k.c.c.internals.ConsumerCoordinator  : [Consumer clientId=consumer-interview-service-group-3, groupId=interview-service-group] Successfully synced group in generation Generation{generationId=58, memberId='consumer-interview-service-group-3-eb112ef0-abb4-49f9-89e7-06238ff7c331', protocol='range'}
2026-06-22T14:34:53.547+05:30  INFO 80685 --- [interview-service] [ntainer#0-0-C-1] o.a.k.c.c.internals.ConsumerCoordinator  : [Consumer clientId=consumer-interview-service-group-1, groupId=interview-service-group] Notifying assignor about the new Assignment(partitions=[interview-events-0])
2026-06-22T14:34:53.547+05:30  INFO 80685 --- [interview-service] [ntainer#0-2-C-1] o.a.k.c.c.internals.ConsumerCoordinator  : [Consumer clientId=consumer-interview-service-group-3, groupId=interview-service-group] Notifying assignor about the new Assignment(partitions=[interview-events-2])
2026-06-22T14:34:53.549+05:30  INFO 80685 --- [interview-service] [ntainer#0-0-C-1] k.c.c.i.ConsumerRebalanceListenerInvoker : [Consumer clientId=consumer-interview-service-group-1, groupId=interview-service-group] Adding newly assigned partitions: interview-events-0
2026-06-22T14:34:53.550+05:30  INFO 80685 --- [interview-service] [ntainer#0-1-C-1] o.a.k.c.c.internals.ConsumerCoordinator  : [Consumer clientId=consumer-interview-service-group-2, groupId=interview-service-group] Successfully synced group in generation Generation{generationId=58, memberId='consumer-interview-service-group-2-b733d5a3-0d76-401f-9eb6-2ceace9641cb', protocol='range'}
2026-06-22T14:34:53.550+05:30  INFO 80685 --- [interview-service] [ntainer#0-1-C-1] o.a.k.c.c.internals.ConsumerCoordinator  : [Consumer clientId=consumer-interview-service-group-2, groupId=interview-service-group] Notifying assignor about the new Assignment(partitions=[interview-events-1])
2026-06-22T14:34:53.550+05:30  INFO 80685 --- [interview-service] [ntainer#0-1-C-1] k.c.c.i.ConsumerRebalanceListenerInvoker : [Consumer clientId=consumer-interview-service-group-2, groupId=interview-service-group] Adding newly assigned partitions: interview-events-1
2026-06-22T14:34:53.550+05:30  INFO 80685 --- [interview-service] [ntainer#0-2-C-1] k.c.c.i.ConsumerRebalanceListenerInvoker : [Consumer clientId=consumer-interview-service-group-3, groupId=interview-service-group] Adding newly assigned partitions: interview-events-2
2026-06-22T14:34:53.556+05:30  INFO 80685 --- [interview-service] [ntainer#0-2-C-1] o.a.k.c.c.internals.ConsumerCoordinator  : [Consumer clientId=consumer-interview-service-group-3, groupId=interview-service-group] Found no committed offset for partition interview-events-2
2026-06-22T14:34:53.556+05:30  INFO 80685 --- [interview-service] [ntainer#0-1-C-1] o.a.k.c.c.internals.ConsumerCoordinator  : [Consumer clientId=consumer-interview-service-group-2, groupId=interview-service-group] Found no committed offset for partition interview-events-1
2026-06-22T14:34:53.558+05:30  INFO 80685 --- [interview-service] [ntainer#0-0-C-1] o.a.k.c.c.internals.ConsumerUtils        : Setting offset for partition interview-events-0 to the committed offset FetchPosition{offset=4, offsetEpoch=Optional.empty, currentLeader=LeaderAndEpoch{leader=Optional[localhost:9092 (id: 1 rack: null)], epoch=0}}
2026-06-22T14:34:53.558+05:30  INFO 80685 --- [interview-service] [ntainer#0-0-C-1] o.s.k.l.KafkaMessageListenerContainer    : interview-service-group: partitions assigned: [interview-events-0]
2026-06-22T14:34:53.565+05:30  INFO 80685 --- [interview-service] [ntainer#0-1-C-1] o.a.k.c.c.internals.SubscriptionState    : [Consumer clientId=consumer-interview-service-group-2, groupId=interview-service-group] Resetting offset for partition interview-events-1 to position FetchPosition{offset=0, offsetEpoch=Optional.empty, currentLeader=LeaderAndEpoch{leader=Optional[localhost:9092 (id: 1 rack: null)], epoch=0}}.
2026-06-22T14:34:53.565+05:30  INFO 80685 --- [interview-service] [ntainer#0-2-C-1] o.a.k.c.c.internals.SubscriptionState    : [Consumer clientId=consumer-interview-service-group-3, groupId=interview-service-group] Resetting offset for partition interview-events-2 to position FetchPosition{offset=0, offsetEpoch=Optional.empty, currentLeader=LeaderAndEpoch{leader=Optional[localhost:9092 (id: 1 rack: null)], epoch=0}}.
2026-06-22T14:34:53.565+05:30  INFO 80685 --- [interview-service] [ntainer#0-1-C-1] o.s.k.l.KafkaMessageListenerContainer    : interview-service-group: partitions assigned: [interview-events-1]
2026-06-22T14:34:53.565+05:30  INFO 80685 --- [interview-service] [ntainer#0-2-C-1] o.s.k.l.KafkaMessageListenerContainer    : interview-service-group: partitions assigned: [interview-events-2]
2026-06-22T14:43:53.633+05:30  INFO 80685 --- [interview-service] [ntainer#0-1-C-1] org.apache.kafka.clients.NetworkClient   : [Consumer clientId=consumer-interview-service-group-2, groupId=interview-service-group] Node -1 disconnected.
2026-06-22T14:43:53.633+05:30  INFO 80685 --- [interview-service] [ntainer#0-0-C-1] org.apache.kafka.clients.NetworkClient   : [Consumer clientId=consumer-interview-service-group-1, groupId=interview-service-group] Node -1 disconnected.
2026-06-22T14:43:53.634+05:30  INFO 80685 --- [interview-service] [ntainer#0-2-C-1] org.apache.kafka.clients.NetworkClient   : [Consumer clientId=consumer-interview-service-group-3, groupId=interview-service-group] Node -1 disconnected.
2026-06-22T14:53:53.665+05:30  INFO 80685 --- [interview-service] [ntainer#0-2-C-1] org.apache.kafka.clients.NetworkClient   : [Consumer clientId=consumer-interview-service-group-3, groupId=interview-service-group] Node -1 disconnected.
2026-06-22T14:53:53.665+05:30  INFO 80685 --- [interview-service] [ntainer#0-0-C-1] org.apache.kafka.clients.NetworkClient   : [Consumer clientId=consumer-interview-service-group-1, groupId=interview-service-group] Node -1 disconnected.
2026-06-22T14:53:53.665+05:30  INFO 80685 --- [interview-service] [ntainer#0-1-C-1] org.apache.kafka.clients.NetworkClient   : [Consumer clientId=consumer-interview-service-group-2, groupId=interview-service-group] Node -1 disconnected.
2026-06-22T15:06:34.074+05:30  INFO 80685 --- [interview-service] [nio-8088-exec-2] o.a.c.c.C.[Tomcat].[localhost].[/]       : Initializing Spring DispatcherServlet 'dispatcherServlet'
2026-06-22T15:06:34.075+05:30  INFO 80685 --- [interview-service] [nio-8088-exec-2] o.s.web.servlet.DispatcherServlet        : Initializing Servlet 'dispatcherServlet'
2026-06-22T15:06:34.081+05:30  INFO 80685 --- [interview-service] [nio-8088-exec-2] o.s.web.servlet.DispatcherServlet        : Completed initialization in 6 ms
2026-06-22T15:06:34.207+05:30  WARN 80685 --- [interview-service] [nio-8088-exec-2] c.t.interview.filter.JwtAuthFilter       : JWT validation failed: JWT expired 7364205 milliseconds ago at 2026-06-22T07:33:50.000Z. Current time: 2026-06-22T09:36:34.205Z. Allowed clock skew: 0 milliseconds.
2026-06-22T15:07:14.870+05:30 ERROR 80685 --- [interview-service] [nio-8088-exec-3] i.n.r.d.DnsServerAddressStreamProviders  : Unable to load io.netty.resolver.dns.macos.MacOSDnsServerAddressStreamProvider, fallback to system defaults. This may result in incorrect DNS resolutions on MacOS. Check whether you have a dependency on 'io.netty:netty-resolver-dns-native-macos'. Use DEBUG level to see the full stack: java.lang.UnsatisfiedLinkError: failed to load the required native library
Hibernate: select nextval('interview_seq')
2026-06-22T15:07:16.084+05:30 ERROR 80685 --- [interview-service] [nio-8088-exec-3] c.t.i.i.service.InterviewServiceImpl     : [InterviewService] Google Calendar creation failed. Continuing without Meet link: Google OAuth is not authorized. Open http://localhost:8084/api/google/oauth/authorize first.
2026-06-22T15:07:16.460+05:30  WARN 80685 --- [interview-service] [nio-8088-exec-3] c.t.i.i.service.InterviewServiceImpl     : [InterviewService] Could not resolve primary interviewer name for id=101: user-auth-service error while fetching employee 101: {"error":"Bad Request","message":"User not found","timestamp":"2026-06-22T15:07:16.43676","status":400}
2026-06-22T15:07:16.467+05:30  INFO 80685 --- [interview-service] [nio-8088-exec-3] o.a.k.clients.producer.ProducerConfig    : ProducerConfig values: 
	acks = -1
	auto.include.jmx.reporter = true
	batch.size = 16384
	bootstrap.servers = [localhost:9092]
	buffer.memory = 33554432
	client.dns.lookup = use_all_dns_ips
	client.id = interview-service-producer-1
	compression.gzip.level = -1
	compression.lz4.level = 9
	compression.type = none
	compression.zstd.level = 3
	connections.max.idle.ms = 540000
	delivery.timeout.ms = 120000
	enable.idempotence = true
	enable.metrics.push = true
	interceptor.classes = []
	key.serializer = class org.apache.kafka.common.serialization.StringSerializer
	linger.ms = 0
	max.block.ms = 60000
	max.in.flight.requests.per.connection = 5
	max.request.size = 1048576
	metadata.max.age.ms = 300000
	metadata.max.idle.ms = 300000
	metadata.recovery.strategy = none
	metric.reporters = []
	metrics.num.samples = 2
	metrics.recording.level = INFO
	metrics.sample.window.ms = 30000
	partitioner.adaptive.partitioning.enable = true
	partitioner.availability.timeout.ms = 0
	partitioner.class = null
	partitioner.ignore.keys = false
	receive.buffer.bytes = 32768
	reconnect.backoff.max.ms = 1000
	reconnect.backoff.ms = 50
	request.timeout.ms = 30000
	retries = 2147483647
	retry.backoff.max.ms = 1000
	retry.backoff.ms = 100
	sasl.client.callback.handler.class = null
	sasl.jaas.config = null
	sasl.kerberos.kinit.cmd = /usr/bin/kinit
	sasl.kerberos.min.time.before.relogin = 60000
	sasl.kerberos.service.name = null
	sasl.kerberos.ticket.renew.jitter = 0.05
	sasl.kerberos.ticket.renew.window.factor = 0.8
	sasl.login.callback.handler.class = null
	sasl.login.class = null
	sasl.login.connect.timeout.ms = null
	sasl.login.read.timeout.ms = null
	sasl.login.refresh.buffer.seconds = 300
	sasl.login.refresh.min.period.seconds = 60
	sasl.login.refresh.window.factor = 0.8
	sasl.login.refresh.window.jitter = 0.05
	sasl.login.retry.backoff.max.ms = 10000
	sasl.login.retry.backoff.ms = 100
	sasl.mechanism = GSSAPI
	sasl.oauthbearer.clock.skew.seconds = 30
	sasl.oauthbearer.expected.audience = null
	sasl.oauthbearer.expected.issuer = null
	sasl.oauthbearer.jwks.endpoint.refresh.ms = 3600000
	sasl.oauthbearer.jwks.endpoint.retry.backoff.max.ms = 10000
	sasl.oauthbearer.jwks.endpoint.retry.backoff.ms = 100
	sasl.oauthbearer.jwks.endpoint.url = null
	sasl.oauthbearer.scope.claim.name = scope
	sasl.oauthbearer.sub.claim.name = sub
	sasl.oauthbearer.token.endpoint.url = null
	security.protocol = PLAINTEXT
	security.providers = null
	send.buffer.bytes = 131072
	socket.connection.setup.timeout.max.ms = 30000
	socket.connection.setup.timeout.ms = 10000
	ssl.cipher.suites = null
	ssl.enabled.protocols = [TLSv1.2, TLSv1.3]
	ssl.endpoint.identification.algorithm = https
	ssl.engine.factory.class = null
	ssl.key.password = null
	ssl.keymanager.algorithm = SunX509
	ssl.keystore.certificate.chain = null
	ssl.keystore.key = null
	ssl.keystore.location = null
	ssl.keystore.password = null
	ssl.keystore.type = JKS
	ssl.protocol = TLSv1.3
	ssl.provider = null
	ssl.secure.random.implementation = null
	ssl.trustmanager.algorithm = PKIX
	ssl.truststore.certificates = null
	ssl.truststore.location = null
	ssl.truststore.password = null
	ssl.truststore.type = JKS
	transaction.timeout.ms = 60000
	transactional.id = null
	value.serializer = class org.springframework.kafka.support.serializer.JsonSerializer

2026-06-22T15:07:16.468+05:30  INFO 80685 --- [interview-service] [nio-8088-exec-3] o.a.k.c.t.i.KafkaMetricsCollector        : initializing Kafka metrics collector
2026-06-22T15:07:16.473+05:30  INFO 80685 --- [interview-service] [nio-8088-exec-3] o.a.k.clients.producer.KafkaProducer     : [Producer clientId=interview-service-producer-1] Instantiated an idempotent producer.
2026-06-22T15:07:16.517+05:30  INFO 80685 --- [interview-service] [nio-8088-exec-3] o.a.kafka.common.utils.AppInfoParser     : Kafka version: 3.8.1
2026-06-22T15:07:16.520+05:30  INFO 80685 --- [interview-service] [nio-8088-exec-3] o.a.kafka.common.utils.AppInfoParser     : Kafka commitId: 70d6ff42debf7e17
2026-06-22T15:07:16.522+05:30  INFO 80685 --- [interview-service] [nio-8088-exec-3] o.a.kafka.common.utils.AppInfoParser     : Kafka startTimeMs: 1782121036516
2026-06-22T15:07:16.553+05:30  INFO 80685 --- [interview-service] [vice-producer-1] org.apache.kafka.clients.Metadata        : [Producer clientId=interview-service-producer-1] Cluster ID: FZ5fgxe8QsiYlf7uOpvVWA
2026-06-22T15:07:16.560+05:30  INFO 80685 --- [interview-service] [vice-producer-1] o.a.k.c.p.internals.TransactionManager   : [Producer clientId=interview-service-producer-1] ProducerId set to 19 with epoch 0
2026-06-22T15:07:16.660+05:30  INFO 80685 --- [interview-service] [vice-producer-1] c.t.kafka.producer.KafkaProducerService  : Event published successfully | topic=notification.send | partition=1 | offset=14 | eventType=NOTIFICATION_SEND
2026-06-22T15:07:16.692+05:30 ERROR 80685 --- [interview-service] [nio-8088-exec-3] c.t.i.i.service.InterviewServiceImpl     : [InterviewService] Failed to send email to interviewer 101: user-auth-service error while fetching employee 101: {"error":"Bad Request","message":"User not found","timestamp":"2026-06-22T15:07:16.686478","status":400}
2026-06-22T15:07:16.738+05:30 ERROR 80685 --- [interview-service] [nio-8088-exec-3] c.t.i.i.service.InterviewServiceImpl     : [InterviewService] Failed to send email to interviewer 102: user-auth-service error while fetching employee 102: {"error":"Bad Request","message":"User not found","timestamp":"2026-06-22T15:07:16.73086","status":400}
2026-06-22T15:07:16.776+05:30  INFO 80685 --- [interview-service] [nio-8088-exec-3] c.t.i.k.producer.InterviewEventProducer  : Published INTERVIEW_SCHEDULED event to topic=interview-events for interviewId=152
2026-06-22T15:07:16.793+05:30  INFO 80685 --- [interview-service] [vice-producer-1] c.t.kafka.producer.KafkaProducerService  : Event published successfully | topic=interview-events | partition=2 | offset=0 | eventType=INTERVIEW_SCHEDULED
2026-06-22T15:07:16.803+05:30  INFO 80685 --- [interview-service] [nio-8088-exec-3] c.t.audit.client.AuditLogClient          : Audit event published | entityType=INTERVIEW | entityId=152 | action=CREATE
2026-06-22T15:07:16.821+05:30  INFO 80685 --- [interview-service] [vice-producer-1] c.t.kafka.producer.KafkaProducerService  : Event published successfully | topic=system-events | partition=0 | offset=55 | eventType=AUDIT_LOG_ENTRY
2026-06-22T15:07:16.829+05:30  INFO 80685 --- [interview-service] [ntainer#0-2-C-1] c.t.i.kafka.InterviewEventTranslator     : [INTERVIEW-TRANSLATOR] ▶ Message received | topic=interview-events | partition=2 | offset=0
2026-06-22T15:07:16.839+05:30  INFO 80685 --- [interview-service] [ntainer#0-2-C-1] c.t.kafka.consumer.BaseKafkaConsumer     : [KAFKA-CONSUMER] Received event | type=INTERVIEW_SCHEDULED | eventId=5fde0d1b-d321-4de1-8214-5d9bbd3702a8 | source=interview-service | correlationId=cae859e6-ac5e-4c75-a13f-356381096d0f
2026-06-22T15:07:16.840+05:30  INFO 80685 --- [interview-service] [ntainer#0-2-C-1] c.t.i.kafka.InterviewEventTranslator     : [INTERVIEW-TRANSLATOR] Translating event | type=INTERVIEW_SCHEDULED | interviewId=152
Hibernate: insert into interview (application_id,calendar_event_id,created_at,duration_mins,interview_type,meet_link,scheduled_at,status,time_zone,updated_at,interview_id) values (?,?,?,?,?,?,?,?,?,?,?)
2026-06-22T15:07:16.853+05:30  INFO 80685 --- [interview-service] [ntainer#0-2-C-1] c.t.i.kafka.InterviewEventTranslator     : [INTERVIEW-TRANSLATOR] ✓ NOTIFICATION_SEND published | interviewId=152 | type=INTERVIEW_SCHEDULED
2026-06-22T15:07:16.873+05:30  INFO 80685 --- [interview-service] [vice-producer-1] c.t.kafka.producer.KafkaProducerService  : Event published successfully | topic=notification.send | partition=2 | offset=22 | eventType=NOTIFICATION_SEND
Hibernate: insert into interview_interviewers (interview_id,employee_id) values (?,?)
Hibernate: insert into interview_interviewers (interview_id,employee_id) values (?,?)
Hibernate: select i1_0.interview_id,i1_0.application_id,i1_0.calendar_event_id,i1_0.created_at,i1_0.duration_mins,i1_0.interview_type,i1_0.meet_link,i1_0.scheduled_at,i1_0.status,i1_0.time_zone,i1_0.updated_at from interview i1_0 where i1_0.interview_id=?
Hibernate: select i1_0.interview_id,i1_0.employee_id from interview_interviewers i1_0 where i1_0.interview_id=?
Hibernate: select i1_0.interview_id,i1_0.application_id,i1_0.calendar_event_id,i1_0.created_at,i1_0.duration_mins,i1_0.interview_type,i1_0.meet_link,i1_0.scheduled_at,i1_0.status,i1_0.time_zone,i1_0.updated_at from interview i1_0 where i1_0.application_id=? and i1_0.status=? and i1_0.interview_type=? order by i1_0.scheduled_at fetch first ? rows only
Hibernate: select i1_0.interview_id,i1_0.employee_id from interview_interviewers i1_0 where i1_0.interview_id=?
Hibernate: select i1_0.interview_id,i1_0.application_id,i1_0.calendar_event_id,i1_0.created_at,i1_0.duration_mins,i1_0.interview_type,i1_0.meet_link,i1_0.scheduled_at,i1_0.status,i1_0.time_zone,i1_0.updated_at from interview i1_0 where i1_0.interview_id=?
2026-06-22T15:08:59.253+05:30  INFO 80685 --- [interview-service] [nio-8088-exec-8] c.t.i.k.producer.InterviewEventProducer  : Published INTERVIEW_UPDATED event to topic=interview-events for interviewId=152
2026-06-22T15:08:59.256+05:30  INFO 80685 --- [interview-service] [nio-8088-exec-8] c.t.audit.client.AuditLogClient          : Audit event published | entityType=INTERVIEW | entityId=152 | action=UPDATE
Hibernate: update interview set application_id=?,calendar_event_id=?,duration_mins=?,interview_type=?,meet_link=?,scheduled_at=?,status=?,time_zone=?,updated_at=? where interview_id=?
2026-06-22T15:08:59.269+05:30  INFO 80685 --- [interview-service] [vice-producer-1] c.t.kafka.producer.KafkaProducerService  : Event published successfully | topic=interview-events | partition=2 | offset=1 | eventType=INTERVIEW_UPDATED
2026-06-22T15:08:59.271+05:30  INFO 80685 --- [interview-service] [vice-producer-1] c.t.kafka.producer.KafkaProducerService  : Event published successfully | topic=system-events | partition=0 | offset=56 | eventType=AUDIT_LOG_ENTRY
Hibernate: delete from interview_interviewers where interview_id=?
2026-06-22T15:08:59.276+05:30  INFO 80685 --- [interview-service] [ntainer#0-2-C-1] c.t.i.kafka.InterviewEventTranslator     : [INTERVIEW-TRANSLATOR] ▶ Message received | topic=interview-events | partition=2 | offset=1
Hibernate: insert into interview_interviewers (interview_id,employee_id) values (?,?)
2026-06-22T15:08:59.276+05:30  INFO 80685 --- [interview-service] [ntainer#0-2-C-1] c.t.kafka.consumer.BaseKafkaConsumer     : [KAFKA-CONSUMER] Received event | type=INTERVIEW_UPDATED | eventId=fbb15a0a-d2b9-47ed-b60d-e5075e73d57d | source=interview-service | correlationId=bc2cd63d-05b0-435f-8114-e7b82ba36de8
2026-06-22T15:08:59.276+05:30  INFO 80685 --- [interview-service] [ntainer#0-2-C-1] c.t.i.kafka.InterviewEventTranslator     : [INTERVIEW-TRANSLATOR] Translating event | type=INTERVIEW_UPDATED | interviewId=152
2026-06-22T15:08:59.277+05:30  INFO 80685 --- [interview-service] [ntainer#0-2-C-1] c.t.i.kafka.InterviewEventTranslator     : [INTERVIEW-TRANSLATOR] ✓ NOTIFICATION_SEND published | interviewId=152 | type=INTERVIEW_UPDATED
Hibernate: insert into interview_interviewers (interview_id,employee_id) values (?,?)
2026-06-22T15:08:59.282+05:30  INFO 80685 --- [interview-service] [vice-producer-1] c.t.kafka.producer.KafkaProducerService  : Event published successfully | topic=notification.send | partition=2 | offset=23 | eventType=NOTIFICATION_SEND
Hibernate: select i1_0.interview_id,i1_0.application_id,i1_0.calendar_event_id,i1_0.created_at,i1_0.duration_mins,i1_0.interview_type,i1_0.meet_link,i1_0.scheduled_at,i1_0.status,i1_0.time_zone,i1_0.updated_at from interview i1_0 where i1_0.interview_id=?
Hibernate: select i1_0.interview_id,i1_0.employee_id from interview_interviewers i1_0 where i1_0.interview_id=?
2026-06-22T15:09:18.924+05:30  INFO 80685 --- [interview-service] [nio-8088-exec-9] c.t.i.k.producer.InterviewEventProducer  : Published INTERVIEW_COMPLETED event to topic=interview-events for interviewId=152
2026-06-22T15:09:18.926+05:30  INFO 80685 --- [interview-service] [nio-8088-exec-9] c.t.audit.client.AuditLogClient          : Audit event published | entityType=INTERVIEW | entityId=152 | action=UPDATE
Hibernate: update interview set application_id=?,calendar_event_id=?,duration_mins=?,interview_type=?,meet_link=?,scheduled_at=?,status=?,time_zone=?,updated_at=? where interview_id=?
2026-06-22T15:09:18.936+05:30  INFO 80685 --- [interview-service] [vice-producer-1] c.t.kafka.producer.KafkaProducerService  : Event published successfully | topic=interview-events | partition=2 | offset=2 | eventType=INTERVIEW_COMPLETED
2026-06-22T15:09:18.938+05:30  INFO 80685 --- [interview-service] [vice-producer-1] c.t.kafka.producer.KafkaProducerService  : Event published successfully | topic=system-events | partition=0 | offset=57 | eventType=AUDIT_LOG_ENTRY
2026-06-22T15:09:18.941+05:30  INFO 80685 --- [interview-service] [ntainer#0-2-C-1] c.t.i.kafka.InterviewEventTranslator     : [INTERVIEW-TRANSLATOR] ▶ Message received | topic=interview-events | partition=2 | offset=2
2026-06-22T15:09:18.942+05:30  INFO 80685 --- [interview-service] [ntainer#0-2-C-1] c.t.kafka.consumer.BaseKafkaConsumer     : [KAFKA-CONSUMER] Received event | type=INTERVIEW_COMPLETED | eventId=38dd1ddb-10c7-4b5a-8e15-b03deb5901d3 | source=interview-service | correlationId=15d46e52-7546-496a-a416-66308a4e0b5a
2026-06-22T15:09:18.942+05:30  INFO 80685 --- [interview-service] [ntainer#0-2-C-1] c.t.i.kafka.InterviewEventTranslator     : [INTERVIEW-TRANSLATOR] Translating event | type=INTERVIEW_COMPLETED | interviewId=152
2026-06-22T15:09:18.943+05:30  INFO 80685 --- [interview-service] [ntainer#0-2-C-1] c.t.i.kafka.InterviewEventTranslator     : [INTERVIEW-TRANSLATOR] ✓ NOTIFICATION_SEND published | interviewId=152 | type=INTERVIEW_COMPLETED
2026-06-22T15:09:18.945+05:30  INFO 80685 --- [interview-service] [vice-producer-1] c.t.kafka.producer.KafkaProducerService  : Event published successfully | topic=notification.send | partition=2 | offset=24 | eventType=NOTIFICATION_SEND
Hibernate: select i1_0.interview_id,i1_0.application_id,i1_0.calendar_event_id,i1_0.created_at,i1_0.duration_mins,i1_0.interview_type,i1_0.meet_link,i1_0.scheduled_at,i1_0.status,i1_0.time_zone,i1_0.updated_at from interview i1_0 where i1_0.interview_id=?
Hibernate: select i1_0.interview_id,i1_0.employee_id from interview_interviewers i1_0 where i1_0.interview_id=?
Hibernate: select s1_0.scorecard_id from scorecard s1_0 where s1_0.interview_id=? and s1_0.interviewer_id=? fetch first ? rows only
Hibernate: select nextval('scorecard_seq')
Hibernate: insert into scorecard (application_id,average_score,communication_score,culture_fit_score,interview_id,interviewer_id,overall_feedback,problem_solving_score,recommendation,submitted_at,technical_score,scorecard_id) values (?,?,?,?,?,?,?,?,?,?,?,?)
Hibernate: select s1_0.scorecard_id,s1_0.application_id,s1_0.average_score,s1_0.communication_score,s1_0.culture_fit_score,s1_0.interview_id,s1_0.interviewer_id,s1_0.overall_feedback,s1_0.problem_solving_score,s1_0.recommendation,s1_0.submitted_at,s1_0.technical_score from scorecard s1_0 where s1_0.scorecard_id=?
Hibernate: select count(*) from interview i1_0 where i1_0.interview_id=?
Hibernate: select s1_0.scorecard_id,s1_0.application_id,s1_0.average_score,s1_0.communication_score,s1_0.culture_fit_score,s1_0.interview_id,s1_0.interviewer_id,s1_0.overall_feedback,s1_0.problem_solving_score,s1_0.recommendation,s1_0.submitted_at,s1_0.technical_score from scorecard s1_0 where s1_0.interview_id=?
Hibernate: select s1_0.scorecard_id,s1_0.application_id,s1_0.average_score,s1_0.communication_score,s1_0.culture_fit_score,s1_0.interview_id,s1_0.interviewer_id,s1_0.overall_feedback,s1_0.problem_solving_score,s1_0.recommendation,s1_0.submitted_at,s1_0.technical_score from scorecard s1_0 where s1_0.application_id=?
Hibernate: select count(*) from interview i1_0 where i1_0.interview_id=?
Hibernate: select s1_0.scorecard_id,s1_0.application_id,s1_0.average_score,s1_0.communication_score,s1_0.culture_fit_score,s1_0.interview_id,s1_0.interviewer_id,s1_0.overall_feedback,s1_0.problem_solving_score,s1_0.recommendation,s1_0.submitted_at,s1_0.technical_score from scorecard s1_0 where s1_0.interview_id=? and s1_0.interviewer_id=?
Hibernate:     SELECT
        COUNT(application_id) as total_apps,
        COUNT(CASE WHEN applied_at IS NOT NULL THEN 1 END) as count_applied,
        COUNT(CASE WHEN screening_at IS NOT NULL THEN 1 END) as count_screening,
        COUNT(CASE WHEN technical_at IS NOT NULL THEN 1 END) as count_technical,
        COUNT(CASE WHEN interview_at IS NOT NULL THEN 1 END) as count_interview,
        COUNT(CASE WHEN final_round_at IS NOT NULL THEN 1 END) as count_final,
        COUNT(CASE WHEN offer_at IS NOT NULL THEN 1 END) as count_offer,
        COUNT(CASE WHEN hired_at IS NOT NULL THEN 1 END) as count_hired,

        -- Phase Gap Interval Averages (Converted from seconds to fractional days)
        AVG(EXTRACT(EPOCH FROM (screening_at - applied_at))) / 86400 as avg_applied_to_screening,
        AVG(EXTRACT(EPOCH FROM (technical_at - screening_at))) / 86400 as avg_screening_to_technical,
        AVG(EXTRACT(EPOCH FROM (interview_at - technical_at))) / 86400 as avg_technical_to_interview,
        AVG(EXTRACT(EPOCH FROM (final_round_at - interview_at))) / 86400 as avg_interview_to_final,
        AVG(EXTRACT(EPOCH FROM (offer_at - final_round_at))) / 86400 as avg_final_to_offer,
        AVG(EXTRACT(EPOCH FROM (hired_at - offer_at))) / 86400 as avg_offer_to_hired
    FROM application
    WHERE (? IS NULL OR demand_id = ?)

Hibernate:     SELECT
        COUNT(offer_id) as total_offers,
        COUNT(CASE WHEN offer_status = 'SIGNED' THEN 1 END) as signed_offers
    FROM offer o
    INNER JOIN application a ON o.application_id = a.application_id
    WHERE (? IS NULL OR a.demand_id = ?)

Hibernate: select ras1_0.snapshot_id,ras1_0.avg_time_per_stage_days,ras1_0.calculated_at,ras1_0.demand_id,ras1_0.offer_acceptance_rate_pct,ras1_0.pipeline_conversion_rates,ras1_0.total_applications from recruitment_analytics_snapshots ras1_0 where ras1_0.demand_id=? order by ras1_0.calculated_at desc fetch first ? rows only
Hibernate:     SELECT
        COUNT(application_id) as total_apps,
        COUNT(CASE WHEN applied_at IS NOT NULL THEN 1 END) as count_applied,
        COUNT(CASE WHEN screening_at IS NOT NULL THEN 1 END) as count_screening,
        COUNT(CASE WHEN technical_at IS NOT NULL THEN 1 END) as count_technical,
        COUNT(CASE WHEN interview_at IS NOT NULL THEN 1 END) as count_interview,
        COUNT(CASE WHEN final_round_at IS NOT NULL THEN 1 END) as count_final,
        COUNT(CASE WHEN offer_at IS NOT NULL THEN 1 END) as count_offer,
        COUNT(CASE WHEN hired_at IS NOT NULL THEN 1 END) as count_hired,

        -- Phase Gap Interval Averages (Converted from seconds to fractional days)
        AVG(EXTRACT(EPOCH FROM (screening_at - applied_at))) / 86400 as avg_applied_to_screening,
        AVG(EXTRACT(EPOCH FROM (technical_at - screening_at))) / 86400 as avg_screening_to_technical,
        AVG(EXTRACT(EPOCH FROM (interview_at - technical_at))) / 86400 as avg_technical_to_interview,
        AVG(EXTRACT(EPOCH FROM (final_round_at - interview_at))) / 86400 as avg_interview_to_final,
        AVG(EXTRACT(EPOCH FROM (offer_at - final_round_at))) / 86400 as avg_final_to_offer,
        AVG(EXTRACT(EPOCH FROM (hired_at - offer_at))) / 86400 as avg_offer_to_hired
    FROM application
    WHERE (? IS NULL OR demand_id = ?)

Hibernate:     SELECT
        COUNT(offer_id) as total_offers,
        COUNT(CASE WHEN offer_status = 'SIGNED' THEN 1 END) as signed_offers
    FROM offer o
    INNER JOIN application a ON o.application_id = a.application_id
    WHERE (? IS NULL OR a.demand_id = ?)

2026-06-22T15:16:16.575+05:30  INFO 80685 --- [interview-service] [vice-producer-1] org.apache.kafka.clients.NetworkClient   : [Producer clientId=interview-service-producer-1] Node -1 disconnected.
2026-06-22T15:26:16.572+05:30  INFO 80685 --- [interview-service] [vice-producer-1] org.apache.kafka.clients.NetworkClient   : [Producer clientId=interview-service-producer-1] Node -1 disconnected.
2026-06-22T15:36:03.117+05:30  INFO 80685 --- [interview-service] [io-8088-exec-10] c.t.i.config.GoogleOAuthTokenService     : [GoogleOAuthTokenService] Google OAuth token saved successfully
2026-06-22T15:55:36.944+05:30  INFO 80685 --- [interview-service] [ntainer#0-2-C-1] org.apache.kafka.clients.NetworkClient   : [Consumer clientId=consumer-interview-service-group-3, groupId=interview-service-group] Disconnecting from node 1 due to request timeout.
2026-06-22T15:55:36.944+05:30  INFO 80685 --- [interview-service] [ntainer#0-1-C-1] org.apache.kafka.clients.NetworkClient   : [Consumer clientId=consumer-interview-service-group-2, groupId=interview-service-group] Disconnecting from node 1 due to request timeout.
2026-06-22T15:55:36.945+05:30  INFO 80685 --- [interview-service] [ntainer#0-0-C-1] org.apache.kafka.clients.NetworkClient   : [Consumer clientId=consumer-interview-service-group-1, groupId=interview-service-group] Disconnecting from node 1 due to request timeout.
2026-06-22T15:55:37.063+05:30  INFO 80685 --- [interview-service] [ntainer#0-2-C-1] org.apache.kafka.clients.NetworkClient   : [Consumer clientId=consumer-interview-service-group-3, groupId=interview-service-group] Cancelled in-flight FETCH request with correlation id 10792 due to node 1 being disconnected (elapsed time since creation: 195107ms, elapsed time since send: 195107ms, throttle time: 0ms, request timeout: 30000ms)
2026-06-22T15:55:37.063+05:30  INFO 80685 --- [interview-service] [ntainer#0-0-C-1] org.apache.kafka.clients.NetworkClient   : [Consumer clientId=consumer-interview-service-group-1, groupId=interview-service-group] Cancelled in-flight FETCH request with correlation id 10780 due to node 1 being disconnected (elapsed time since creation: 195107ms, elapsed time since send: 195107ms, throttle time: 0ms, request timeout: 30000ms)
2026-06-22T15:55:37.063+05:30  INFO 80685 --- [interview-service] [ntainer#0-1-C-1] org.apache.kafka.clients.NetworkClient   : [Consumer clientId=consumer-interview-service-group-2, groupId=interview-service-group] Cancelled in-flight FETCH request with correlation id 10782 due to node 1 being disconnected (elapsed time since creation: 195107ms, elapsed time since send: 195107ms, throttle time: 0ms, request timeout: 30000ms)
2026-06-22T15:55:37.132+05:30  INFO 80685 --- [interview-service] [w-service-group] o.a.k.c.c.internals.ConsumerCoordinator  : [Consumer clientId=consumer-interview-service-group-1, groupId=interview-service-group] Group coordinator localhost:9092 (id: 2147483646 rack: null) is unavailable or invalid due to cause: session timed out without receiving a heartbeat response. isDisconnected: false. Rediscovery will be attempted.
2026-06-22T15:55:37.132+05:30  INFO 80685 --- [interview-service] [w-service-group] o.a.k.c.c.internals.ConsumerCoordinator  : [Consumer clientId=consumer-interview-service-group-1, groupId=interview-service-group] Requesting disconnect from last known coordinator localhost:9092 (id: 2147483646 rack: null)
2026-06-22T15:55:37.132+05:30  INFO 80685 --- [interview-service] [w-service-group] o.a.k.c.c.internals.ConsumerCoordinator  : [Consumer clientId=consumer-interview-service-group-2, groupId=interview-service-group] Group coordinator localhost:9092 (id: 2147483646 rack: null) is unavailable or invalid due to cause: session timed out without receiving a heartbeat response. isDisconnected: false. Rediscovery will be attempted.
2026-06-22T15:55:37.132+05:30  INFO 80685 --- [interview-service] [w-service-group] o.a.k.c.c.internals.ConsumerCoordinator  : [Consumer clientId=consumer-interview-service-group-3, groupId=interview-service-group] Group coordinator localhost:9092 (id: 2147483646 rack: null) is unavailable or invalid due to cause: session timed out without receiving a heartbeat response. isDisconnected: false. Rediscovery will be attempted.
2026-06-22T15:55:37.134+05:30  INFO 80685 --- [interview-service] [w-service-group] o.a.k.c.c.internals.ConsumerCoordinator  : [Consumer clientId=consumer-interview-service-group-3, groupId=interview-service-group] Requesting disconnect from last known coordinator localhost:9092 (id: 2147483646 rack: null)
2026-06-22T15:55:37.141+05:30  INFO 80685 --- [interview-service] [w-service-group] org.apache.kafka.clients.NetworkClient   : [Consumer clientId=consumer-interview-service-group-1, groupId=interview-service-group] Client requested disconnect from node 2147483646
2026-06-22T15:55:37.141+05:30  INFO 80685 --- [interview-service] [w-service-group] org.apache.kafka.clients.NetworkClient   : [Consumer clientId=consumer-interview-service-group-3, groupId=interview-service-group] Client requested disconnect from node 2147483646
2026-06-22T15:55:37.134+05:30  INFO 80685 --- [interview-service] [w-service-group] o.a.k.c.c.internals.ConsumerCoordinator  : [Consumer clientId=consumer-interview-service-group-2, groupId=interview-service-group] Requesting disconnect from last known coordinator localhost:9092 (id: 2147483646 rack: null)
2026-06-22T15:55:37.144+05:30  INFO 80685 --- [interview-service] [w-service-group] org.apache.kafka.clients.NetworkClient   : [Consumer clientId=consumer-interview-service-group-2, groupId=interview-service-group] Client requested disconnect from node 2147483646
2026-06-22T15:55:37.151+05:30  INFO 80685 --- [interview-service] [ntainer#0-2-C-1] o.a.kafka.clients.FetchSessionHandler    : [Consumer clientId=consumer-interview-service-group-3, groupId=interview-service-group] Error sending fetch request (sessionId=1701200112, epoch=9197) to node 1:

org.apache.kafka.common.errors.DisconnectException: null

2026-06-22T15:55:37.151+05:30  INFO 80685 --- [interview-service] [ntainer#0-1-C-1] o.a.kafka.clients.FetchSessionHandler    : [Consumer clientId=consumer-interview-service-group-2, groupId=interview-service-group] Error sending fetch request (sessionId=858735922, epoch=9192) to node 1:

org.apache.kafka.common.errors.DisconnectException: null

2026-06-22T15:55:37.151+05:30  INFO 80685 --- [interview-service] [ntainer#0-0-C-1] o.a.kafka.clients.FetchSessionHandler    : [Consumer clientId=consumer-interview-service-group-1, groupId=interview-service-group] Error sending fetch request (sessionId=976181033, epoch=9191) to node 1:

org.apache.kafka.common.errors.DisconnectException: null

2026-06-22T15:55:37.219+05:30  INFO 80685 --- [interview-service] [ntainer#0-2-C-1] o.a.k.c.c.internals.ConsumerCoordinator  : [Consumer clientId=consumer-interview-service-group-3, groupId=interview-service-group] Discovered group coordinator localhost:9092 (id: 2147483646 rack: null)
2026-06-22T15:55:37.222+05:30  INFO 80685 --- [interview-service] [ntainer#0-0-C-1] o.a.k.c.c.internals.ConsumerCoordinator  : [Consumer clientId=consumer-interview-service-group-1, groupId=interview-service-group] Discovered group coordinator localhost:9092 (id: 2147483646 rack: null)
2026-06-22T15:55:37.225+05:30  INFO 80685 --- [interview-service] [ntainer#0-1-C-1] o.a.k.c.c.internals.ConsumerCoordinator  : [Consumer clientId=consumer-interview-service-group-2, groupId=interview-service-group] Discovered group coordinator localhost:9092 (id: 2147483646 rack: null)
2026-06-22T16:00:32.405+05:30  INFO 80685 --- [interview-service] [w-service-group] o.a.k.c.c.internals.ConsumerCoordinator  : [Consumer clientId=consumer-interview-service-group-2, groupId=interview-service-group] Group coordinator localhost:9092 (id: 2147483646 rack: null) is unavailable or invalid due to cause: session timed out without receiving a heartbeat response. isDisconnected: false. Rediscovery will be attempted.
2026-06-22T16:00:32.405+05:30  INFO 80685 --- [interview-service] [w-service-group] o.a.k.c.c.internals.ConsumerCoordinator  : [Consumer clientId=consumer-interview-service-group-1, groupId=interview-service-group] Group coordinator localhost:9092 (id: 2147483646 rack: null) is unavailable or invalid due to cause: session timed out without receiving a heartbeat response. isDisconnected: false. Rediscovery will be attempted.
2026-06-22T16:00:32.419+05:30  INFO 80685 --- [interview-service] [w-service-group] o.a.k.c.c.internals.ConsumerCoordinator  : [Consumer clientId=consumer-interview-service-group-3, groupId=interview-service-group] Group coordinator localhost:9092 (id: 2147483646 rack: null) is unavailable or invalid due to cause: session timed out without receiving a heartbeat response. isDisconnected: false. Rediscovery will be attempted.
2026-06-22T16:00:32.452+05:30  INFO 80685 --- [interview-service] [w-service-group] o.a.k.c.c.internals.ConsumerCoordinator  : [Consumer clientId=consumer-interview-service-group-1, groupId=interview-service-group] Requesting disconnect from last known coordinator localhost:9092 (id: 2147483646 rack: null)
2026-06-22T16:00:32.457+05:30  INFO 80685 --- [interview-service] [w-service-group] o.a.k.c.c.internals.ConsumerCoordinator  : [Consumer clientId=consumer-interview-service-group-3, groupId=interview-service-group] Requesting disconnect from last known coordinator localhost:9092 (id: 2147483646 rack: null)
2026-06-22T16:00:32.452+05:30  INFO 80685 --- [interview-service] [w-service-group] o.a.k.c.c.internals.ConsumerCoordinator  : [Consumer clientId=consumer-interview-service-group-2, groupId=interview-service-group] Requesting disconnect from last known coordinator localhost:9092 (id: 2147483646 rack: null)
2026-06-22T16:00:32.468+05:30  INFO 80685 --- [interview-service] [w-service-group] org.apache.kafka.clients.NetworkClient   : [Consumer clientId=consumer-interview-service-group-3, groupId=interview-service-group] Client requested disconnect from node 2147483646
2026-06-22T16:00:32.469+05:30  INFO 80685 --- [interview-service] [w-service-group] org.apache.kafka.clients.NetworkClient   : [Consumer clientId=consumer-interview-service-group-2, groupId=interview-service-group] Client requested disconnect from node 2147483646
2026-06-22T16:00:32.468+05:30  INFO 80685 --- [interview-service] [w-service-group] org.apache.kafka.clients.NetworkClient   : [Consumer clientId=consumer-interview-service-group-1, groupId=interview-service-group] Client requested disconnect from node 2147483646
2026-06-22T16:00:32.681+05:30  INFO 80685 --- [interview-service] [ntainer#0-1-C-1] o.a.k.c.c.internals.ConsumerCoordinator  : [Consumer clientId=consumer-interview-service-group-2, groupId=interview-service-group] Discovered group coordinator localhost:9092 (id: 2147483646 rack: null)
2026-06-22T16:00:32.679+05:30  INFO 80685 --- [interview-service] [ntainer#0-0-C-1] o.a.k.c.c.internals.ConsumerCoordinator  : [Consumer clientId=consumer-interview-service-group-1, groupId=interview-service-group] Discovered group coordinator localhost:9092 (id: 2147483646 rack: null)
2026-06-22T16:00:32.682+05:30  INFO 80685 --- [interview-service] [ntainer#0-2-C-1] o.a.k.c.c.internals.ConsumerCoordinator  : [Consumer clientId=consumer-interview-service-group-3, groupId=interview-service-group] Discovered group coordinator localhost:9092 (id: 2147483646 rack: null)
2026-06-22T16:00:33.378+05:30  WARN 80685 --- [interview-service] [l-1 housekeeper] com.zaxxer.hikari.pool.HikariPool        : HikariPool-1 - Thread starvation or clock leap detected (housekeeper delta=8m20s861ms).
2026-06-22T16:42:59.104+05:30  INFO 80685 --- [interview-service] [nio-8088-exec-8] c.t.i.config.GoogleOAuthTokenService     : [GoogleOAuthTokenService] Google OAuth token saved successfully
2026-06-22T16:43:10.011+05:30  INFO 80685 --- [interview-service] [io-8088-exec-10] c.t.i.config.GoogleOAuthTokenService     : [GoogleOAuthTokenService] Google OAuth token saved successfully
